Archive member included to satisfy reference by file (symbol)

/home/jin/st/stm32cubeide_1.3.0/plugins/com.st.stm32cube.ide.mcu.externaltools.gnu-tools-for-stm32.7-2018-q2-update.linux64_1.0.0.201904181610/tools/bin/../lib/gcc/arm-none-eabi/7.3.1/../../../../arm-none-eabi/lib/thumb/v7e-m/fpv4-sp/hard/libc_nano.a(lib_a-errno.o)
                              Core/Src/syscalls.o (__errno)
/home/jin/st/stm32cubeide_1.3.0/plugins/com.st.stm32cube.ide.mcu.externaltools.gnu-tools-for-stm32.7-2018-q2-update.linux64_1.0.0.201904181610/tools/bin/../lib/gcc/arm-none-eabi/7.3.1/../../../../arm-none-eabi/lib/thumb/v7e-m/fpv4-sp/hard/libc_nano.a(lib_a-exit.o)
                              /home/jin/st/stm32cubeide_1.3.0/plugins/com.st.stm32cube.ide.mcu.externaltools.gnu-tools-for-stm32.7-2018-q2-update.linux64_1.0.0.201904181610/tools/bin/../lib/gcc/arm-none-eabi/7.3.1/../../../../arm-none-eabi/lib/thumb/v7e-m/fpv4-sp/hard/crt0.o (exit)
/home/jin/st/stm32cubeide_1.3.0/plugins/com.st.stm32cube.ide.mcu.externaltools.gnu-tools-for-stm32.7-2018-q2-update.linux64_1.0.0.201904181610/tools/bin/../lib/gcc/arm-none-eabi/7.3.1/../../../../arm-none-eabi/lib/thumb/v7e-m/fpv4-sp/hard/libc_nano.a(lib_a-impure.o)
                              /home/jin/st/stm32cubeide_1.3.0/plugins/com.st.stm32cube.ide.mcu.externaltools.gnu-tools-for-stm32.7-2018-q2-update.linux64_1.0.0.201904181610/tools/bin/../lib/gcc/arm-none-eabi/7.3.1/../../../../arm-none-eabi/lib/thumb/v7e-m/fpv4-sp/hard/libc_nano.a(lib_a-exit.o) (_global_impure_ptr)
/home/jin/st/stm32cubeide_1.3.0/plugins/com.st.stm32cube.ide.mcu.externaltools.gnu-tools-for-stm32.7-2018-q2-update.linux64_1.0.0.201904181610/tools/bin/../lib/gcc/arm-none-eabi/7.3.1/../../../../arm-none-eabi/lib/thumb/v7e-m/fpv4-sp/hard/libc_nano.a(lib_a-init.o)
                              /home/jin/st/stm32cubeide_1.3.0/plugins/com.st.stm32cube.ide.mcu.externaltools.gnu-tools-for-stm32.7-2018-q2-update.linux64_1.0.0.201904181610/tools/bin/../lib/gcc/arm-none-eabi/7.3.1/../../../../arm-none-eabi/lib/thumb/v7e-m/fpv4-sp/hard/crt0.o (__libc_init_array)
/home/jin/st/stm32cubeide_1.3.0/plugins/com.st.stm32cube.ide.mcu.externaltools.gnu-tools-for-stm32.7-2018-q2-update.linux64_1.0.0.201904181610/tools/bin/../lib/gcc/arm-none-eabi/7.3.1/../../../../arm-none-eabi/lib/thumb/v7e-m/fpv4-sp/hard/libc_nano.a(lib_a-memset.o)
                              /home/jin/st/stm32cubeide_1.3.0/plugins/com.st.stm32cube.ide.mcu.externaltools.gnu-tools-for-stm32.7-2018-q2-update.linux64_1.0.0.201904181610/tools/bin/../lib/gcc/arm-none-eabi/7.3.1/../../../../arm-none-eabi/lib/thumb/v7e-m/fpv4-sp/hard/crt0.o (memset)
/home/jin/st/stm32cubeide_1.3.0/plugins/com.st.stm32cube.ide.mcu.externaltools.gnu-tools-for-stm32.7-2018-q2-update.linux64_1.0.0.201904181610/tools/bin/../lib/gcc/arm-none-eabi/7.3.1/../../../../arm-none-eabi/lib/thumb/v7e-m/fpv4-sp/hard/libc_nano.a(lib_a-nano-vfprintf_float.o)
                              (_printf_float)
/home/jin/st/stm32cubeide_1.3.0/plugins/com.st.stm32cube.ide.mcu.externaltools.gnu-tools-for-stm32.7-2018-q2-update.linux64_1.0.0.201904181610/tools/bin/../lib/gcc/arm-none-eabi/7.3.1/../../../../arm-none-eabi/lib/thumb/v7e-m/fpv4-sp/hard/libc_nano.a(lib_a-nano-vfprintf_i.o)
                              /home/jin/st/stm32cubeide_1.3.0/plugins/com.st.stm32cube.ide.mcu.externaltools.gnu-tools-for-stm32.7-2018-q2-update.linux64_1.0.0.201904181610/tools/bin/../lib/gcc/arm-none-eabi/7.3.1/../../../../arm-none-eabi/lib/thumb/v7e-m/fpv4-sp/hard/libc_nano.a(lib_a-nano-vfprintf_float.o) (_printf_common)
/home/jin/st/stm32cubeide_1.3.0/plugins/com.st.stm32cube.ide.mcu.externaltools.gnu-tools-for-stm32.7-2018-q2-update.linux64_1.0.0.201904181610/tools/bin/../lib/gcc/arm-none-eabi/7.3.1/../../../../arm-none-eabi/lib/thumb/v7e-m/fpv4-sp/hard/libc_nano.a(lib_a-printf.o)
                              Core/Src/BNO080.o (printf)
/home/jin/st/stm32cubeide_1.3.0/plugins/com.st.stm32cube.ide.mcu.externaltools.gnu-tools-for-stm32.7-2018-q2-update.linux64_1.0.0.201904181610/tools/bin/../lib/gcc/arm-none-eabi/7.3.1/../../../../arm-none-eabi/lib/thumb/v7e-m/fpv4-sp/hard/libc_nano.a(lib_a-puts.o)
                              Core/Src/BNO080.o (puts)
/home/jin/st/stm32cubeide_1.3.0/plugins/com.st.stm32cube.ide.mcu.externaltools.gnu-tools-for-stm32.7-2018-q2-update.linux64_1.0.0.201904181610/tools/bin/../lib/gcc/arm-none-eabi/7.3.1/../../../../arm-none-eabi/lib/thumb/v7e-m/fpv4-sp/hard/libc_nano.a(lib_a-strlen.o)
                              /home/jin/st/stm32cubeide_1.3.0/plugins/com.st.stm32cube.ide.mcu.externaltools.gnu-tools-for-stm32.7-2018-q2-update.linux64_1.0.0.201904181610/tools/bin/../lib/gcc/arm-none-eabi/7.3.1/../../../../arm-none-eabi/lib/thumb/v7e-m/fpv4-sp/hard/libc_nano.a(lib_a-nano-vfprintf_float.o) (strlen)
[...]
Memory Configuration

Name             Origin             Length             Attributes
CCMRAM           0x0000000010000000 0x0000000000010000 xrw
RAM              0x0000000020000000 0x0000000000020000 xrw
FLASH            0x0000000008000000 0x0000000000100000 xr
*default*        0x0000000000000000 0xffffffffffffffff

Linker script and memory map

LOAD /home/jin/st/stm32cubeide_1.3.0/plugins/com.st.stm32cube.ide.mcu.externaltools.gnu-tools-for-stm32.7-2018-q2-update.linux64_1.0.0.201904181610/tools/bin/../lib/gcc/arm-none-eabi/7.3.1/thumb/v7e-m/fpv4-sp/hard/crti.o
LOAD /home/jin/st/stm32cubeide_1.3.0/plugins/com.st.stm32cube.ide.mcu.externaltools.gnu-tools-for-stm32.7-2018-q2-update.linux64_1.0.0.201904181610/tools/bin/../lib/gcc/arm-none-eabi/7.3.1/thumb/v7e-m/fpv4-sp/hard/crtbegin.o
LOAD /home/jin/st/stm32cubeide_1.3.0/plugins/com.st.stm32cube.ide.mcu.externaltools.gnu-tools-for-stm32.7-2018-q2-update.linux64_1.0.0.201904181610/tools/bin/../lib/gcc/arm-none-eabi/7.3.1/../../../../arm-none-eabi/lib/thumb/v7e-m/fpv4-sp/hard/crt0.o
LOAD Core/Src/BNO080.o
LOAD Core/Src/ICM20602.o
LOAD Core/Src/LPS22HH.o
LOAD Core/Src/M8N.o
LOAD Core/Src/Quaternion.o
LOAD Core/Src/gpio.o
LOAD Core/Src/main.o
LOAD Core/Src/spi.o
LOAD Core/Src/stm32f4xx_hal_msp.o
LOAD Core/Src/stm32f4xx_it.o
LOAD Core/Src/syscalls.o
LOAD Core/Src/sysmem.o
LOAD Core/Src/system_stm32f4xx.o
LOAD Core/Src/tim.o
LOAD Core/Src/usart.o
LOAD Core/Startup/startup_stm32f405rgtx.o
LOAD Drivers/STM32F4xx_HAL_Driver/Src/stm32f4xx_hal.o
LOAD Drivers/STM32F4xx_HAL_Driver/Src/stm32f4xx_hal_cortex.o
LOAD Drivers/STM32F4xx_HAL_Driver/Src/stm32f4xx_hal_dma.o
LOAD Drivers/STM32F4xx_HAL_Driver/Src/stm32f4xx_hal_dma_ex.o
LOAD Drivers/STM32F4xx_HAL_Driver/Src/stm32f4xx_hal_exti.o
LOAD Drivers/STM32F4xx_HAL_Driver/Src/stm32f4xx_hal_flash.o
LOAD Drivers/STM32F4xx_HAL_Driver/Src/stm32f4xx_hal_flash_ex.o
LOAD Drivers/STM32F4xx_HAL_Driver/Src/stm32f4xx_hal_flash_ramfunc.o
LOAD Drivers/STM32F4xx_HAL_Driver/Src/stm32f4xx_hal_gpio.o
LOAD Drivers/STM32F4xx_HAL_Driver/Src/stm32f4xx_hal_pwr.o
LOAD Drivers/STM32F4xx_HAL_Driver/Src/stm32f4xx_hal_pwr_ex.o
LOAD Drivers/STM32F4xx_HAL_Driver/Src/stm32f4xx_hal_rcc.o
LOAD Drivers/STM32F4xx_HAL_Driver/Src/stm32f4xx_hal_rcc_ex.o
LOAD Drivers/STM32F4xx_HAL_Driver/Src/stm32f4xx_hal_tim.o
LOAD Drivers/STM32F4xx_HAL_Driver/Src/stm32f4xx_hal_tim_ex.o
LOAD Drivers/STM32F4xx_HAL_Driver/Src/stm32f4xx_ll_dma.o
LOAD Drivers/STM32F4xx_HAL_Driver/Src/stm32f4xx_ll_exti.o
LOAD Drivers/STM32F4xx_HAL_Driver/Src/stm32f4xx_ll_gpio.o
LOAD Drivers/STM32F4xx_HAL_Driver/Src/stm32f4xx_ll_rcc.o
LOAD Drivers/STM32F4xx_HAL_Driver/Src/stm32f4xx_ll_spi.o
LOAD Drivers/STM32F4xx_HAL_Driver/Src/stm32f4xx_ll_tim.o
LOAD Drivers/STM32F4xx_HAL_Driver/Src/stm32f4xx_ll_usart.o
LOAD Drivers/STM32F4xx_HAL_Driver/Src/stm32f4xx_ll_utils.o
START GROUP
LOAD /home/jin/st/stm32cubeide_1.3.0/plugins/com.st.stm32cube.ide.mcu.externaltools.gnu-tools-for-stm32.7-2018-q2-update.linux64_1.0.0.201904181610/tools/bin/../lib/gcc/arm-none-eabi/7.3.1/../../../../arm-none-eabi/lib/thumb/v7e-m/fpv4-sp/hard/libc_nano.a
LOAD /home/jin/st/stm32cubeide_1.3.0/plugins/com.st.stm32cube.ide.mcu.externaltools.gnu-tools-for-stm32.7-2018-q2-update.linux64_1.0.0.201904181610/tools/bin/../lib/gcc/arm-none-eabi/7.3.1/../../../../arm-none-eabi/lib/thumb/v7e-m/fpv4-sp/hard/libm.a
END GROUP
START GROUP
LOAD /home/jin/st/stm32cubeide_1.3.0/plugins/com.st.stm32cube.ide.mcu.externaltools.gnu-tools-for-stm32.7-2018-q2-update.linux64_1.0.0.201904181610/tools/bin/../lib/gcc/arm-none-eabi/7.3.1/thumb/v7e-m/fpv4-sp/hard/libgcc.a
LOAD /home/jin/st/stm32cubeide_1.3.0/plugins/com.st.stm32cube.ide.mcu.externaltools.gnu-tools-for-stm32.7-2018-q2-update.linux64_1.0.0.201904181610/tools/bin/../lib/gcc/arm-none-eabi/7.3.1/../../../../arm-none-eabi/lib/thumb/v7e-m/fpv4-sp/hard/libc_nano.a
END GROUP
START GROUP
LOAD /home/jin/st/stm32cubeide_1.3.0/plugins/com.st.stm32cube.ide.mcu.externaltools.gnu-tools-for-stm32.7-2018-q2-update.linux64_1.0.0.201904181610/tools/bin/../lib/gcc/arm-none-eabi/7.3.1/thumb/v7e-m/fpv4-sp/hard/libgcc.a
LOAD /home/jin/st/stm32cubeide_1.3.0/plugins/com.st.stm32cube.ide.mcu.externaltools.gnu-tools-for-stm32.7-2018-q2-update.linux64_1.0.0.201904181610/tools/bin/../lib/gcc/arm-none-eabi/7.3.1/../../../../arm-none-eabi/lib/thumb/v7e-m/fpv4-sp/hard/libc_nano.a
LOAD /home/jin/st/stm32cubeide_1.3.0/plugins/com.st.stm32cube.ide.mcu.externaltools.gnu-tools-for-stm32.7-2018-q2-update.linux64_1.0.0.201904181610/tools/bin/../lib/gcc/arm-none-eabi/7.3.1/../../../../arm-none-eabi/lib/thumb/v7e-m/fpv4-sp/hard/libnosys.a
END GROUP
START GROUP
LOAD /home/jin/st/stm32cubeide_1.3.0/plugins/com.st.stm32cube.ide.mcu.externaltools.gnu-tools-for-stm32.7-2018-q2-update.linux64_1.0.0.201904181610/tools/bin/../lib/gcc/arm-none-eabi/7.3.1/thumb/v7e-m/fpv4-sp/hard/libgcc.a
LOAD /home/jin/st/stm32cubeide_1.3.0/plugins/com.st.stm32cube.ide.mcu.externaltools.gnu-tools-for-stm32.7-2018-q2-update.linux64_1.0.0.201904181610/tools/bin/../lib/gcc/arm-none-eabi/7.3.1/../../../../arm-none-eabi/lib/thumb/v7e-m/fpv4-sp/hard/libc_nano.a
LOAD /home/jin/st/stm32cubeide_1.3.0/plugins/com.st.stm32cube.ide.mcu.externaltools.gnu-tools-for-stm32.7-2018-q2-update.linux64_1.0.0.201904181610/tools/bin/../lib/gcc/arm-none-eabi/7.3.1/../../../../arm-none-eabi/lib/thumb/v7e-m/fpv4-sp/hard/libnosys.a
END GROUP
LOAD /home/jin/st/stm32cubeide_1.3.0/plugins/com.st.stm32cube.ide.mcu.externaltools.gnu-tools-for-stm32.7-2018-q2-update.linux64_1.0.0.201904181610/tools/bin/../lib/gcc/arm-none-eabi/7.3.1/thumb/v7e-m/fpv4-sp/hard/crtend.o
LOAD /home/jin/st/stm32cubeide_1.3.0/plugins/com.st.stm32cube.ide.mcu.externaltools.gnu-tools-for-stm32.7-2018-q2-update.linux64_1.0.0.201904181610/tools/bin/../lib/gcc/arm-none-eabi/7.3.1/thumb/v7e-m/fpv4-sp/hard/crtn.o
                0x0000000020020000                _estack = (ORIGIN (RAM) + LENGTH (RAM))
                0x0000000000000200                _Min_Heap_Size = 0x200
                0x0000000000000400                _Min_Stack_Size = 0x400

.isr_vector     0x0000000008000000      0x188
                0x0000000008000000                . = ALIGN (0x4)
 *(.isr_vector)
 .isr_vector    0x0000000008000000      0x188 Core/Startup/startup_stm32f405rgtx.o
                0x0000000008000000                g_pfnVectors
                0x0000000008000188                . = ALIGN (0x4)

.text           0x0000000008000190     0x764c
                0x0000000008000190                . = ALIGN (0x4)
 *(.text)
 .text          0x0000000008000190       0x40 /home/jin/st/stm32cubeide_1.3.0/plugins/com.st.stm32cube.ide.mcu.externaltools.gnu-tools-for-stm32.7-2018-q2-update.linux64_1.0.0.201904181610/tools/bin/../lib/gcc/arm-none-eabi/7.3.1/thumb/v7e-m/fpv4-sp/hard/crtbegin.o
 .text          0x00000000080001d0       0x10 /home/jin/st/stm32cubeide_1.3.0/plugins/com.st.stm32cube.ide.mcu.externaltools.gnu-tools-for-stm32.7-2018-q2-update.linux64_1.0.0.201904181610/tools/bin/../lib/gcc/arm-none-eabi/7.3.1/../../../../arm-none-eabi/lib/thumb/v7e-m/fpv4-sp/hard/libc_nano.a(lib_a-strlen.o)
                0x00000000080001d0                strlen
 .text          0x00000000080001e0       0xa0 /home/jin/st/stm32cubeide_1.3.0/plugins/com.st.stm32cube.ide.mcu.externaltools.gnu-tools-for-stm32.7-2018-q2-update.linux64_1.0.0.201904181610/tools/bin/../lib/gcc/arm-none-eabi/7.3.1/../../../../arm-none-eabi/lib/thumb/v7e-m/fpv4-sp/hard/libc_nano.a(lib_a-memchr.o)
                0x00000000080001e0                memchr
 .text          0x0000000008000280      0x378 /home/jin/st/stm32cubeide_1.3.0/plugins/com.st.stm32cube.ide.mcu.externaltools.gnu-tools-for-stm32.7-2018-q2-update.linux64_1.0.0.201904181610/tools/bin/../lib/gcc/arm-none-eabi/7.3.1/thumb/v7e-m/fpv4-sp/hard/libgcc.a(_arm_addsubdf3.o)
                0x0000000008000280                __aeabi_drsub
                0x0000000008000288                __aeabi_dsub
                0x0000000008000288                __subdf3
                0x000000000800028c                __adddf3
                0x000000000800028c                __aeabi_dadd
                0x0000000008000504                __aeabi_ui2d
                0x0000000008000504                __floatunsidf
                0x0000000008000524                __floatsidf
                0x0000000008000524                __aeabi_i2d
                0x0000000008000548                __extendsfdf2
                0x0000000008000548                __aeabi_f2d
                0x000000000800058c                __aeabi_ul2d
                0x000000000800058c                __floatundidf
                0x000000000800059c                __floatdidf
                0x000000000800059c                __aeabi_l2d
 .text          0x00000000080005f8      0x424 /home/jin/st/stm32cubeide_1.3.0/plugins/com.st.stm32cube.ide.mcu.externaltools.gnu-tools-for-stm32.7-2018-q2-update.linux64_1.0.0.201904181610/tools/bin/../lib/gcc/arm-none-eabi/7.3.1/thumb/v7e-m/fpv4-sp/hard/libgcc.a(_arm_muldivdf3.o)
                0x00000000080005f8                __aeabi_dmul
                0x00000000080005f8                __muldf3
                0x000000000800084c                __aeabi_ddiv
                0x000000000800084c                __divdf3
 .text          0x0000000008000a1c      0x110 /home/jin/st/stm32cubeide_1.3.0/plugins/com.st.stm32cube.ide.mcu.externaltools.gnu-tools-for-stm32.7-2018-q2-update.linux64_1.0.0.201904181610/tools/bin/../lib/gcc/arm-none-eabi/7.3.1/thumb/v7e-m/fpv4-sp/hard/libgcc.a(_arm_cmpdf2.o)
                0x0000000008000a1c                __gtdf2
                0x0000000008000a1c                __gedf2
                0x0000000008000a24                __ltdf2
                0x0000000008000a24                __ledf2
                0x0000000008000a2c                __cmpdf2
                0x0000000008000a2c                __eqdf2
                0x0000000008000a2c                __nedf2
                0x0000000008000aa8                __aeabi_cdrcmple
                0x0000000008000ab8                __aeabi_cdcmple
                0x0000000008000ab8                __aeabi_cdcmpeq
                0x0000000008000ac8                __aeabi_dcmpeq
                0x0000000008000adc                __aeabi_dcmplt
                0x0000000008000af0                __aeabi_dcmple
                0x0000000008000b04                __aeabi_dcmpge
                0x0000000008000b18                __aeabi_dcmpgt
 .text          0x0000000008000b2c       0x2c /home/jin/st/stm32cubeide_1.3.0/plugins/com.st.stm32cube.ide.mcu.externaltools.gnu-tools-for-stm32.7-2018-q2-update.linux64_1.0.0.201904181610/tools/bin/../lib/gcc/arm-none-eabi/7.3.1/thumb/v7e-m/fpv4-sp/hard/libgcc.a(_arm_unorddf2.o)
                0x0000000008000b2c                __aeabi_dcmpun
                0x0000000008000b2c                __unorddf2
 .text          0x0000000008000b58       0x50 /home/jin/st/stm32cubeide_1.3.0/plugins/com.st.stm32cube.ide.mcu.externaltools.gnu-tools-for-stm32.7-2018-q2-update.linux64_1.0.0.201904181610/tools/bin/../lib/gcc/arm-none-eabi/7.3.1/thumb/v7e-m/fpv4-sp/hard/libgcc.a(_arm_fixdfsi.o)
                0x0000000008000b58                __fixdfsi
                0x0000000008000b58                __aeabi_d2iz
 .text          0x0000000008000ba8       0x30 /home/jin/st/stm32cubeide_1.3.0/plugins/com.st.stm32cube.ide.mcu.externaltools.gnu-tools-for-stm32.7-2018-q2-update.linux64_1.0.0.201904181610/tools/bin/../lib/gcc/arm-none-eabi/7.3.1/thumb/v7e-m/fpv4-sp/hard/libgcc.a(_aeabi_uldivmod.o)
                0x0000000008000ba8                __aeabi_uldivmod
 .text          0x0000000008000bd8      0x2cc /home/jin/st/stm32cubeide_1.3.0/plugins/com.st.stm32cube.ide.mcu.externaltools.gnu-tools-for-stm32.7-2018-q2-update.linux64_1.0.0.201904181610/tools/bin/../lib/gcc/arm-none-eabi/7.3.1/thumb/v7e-m/fpv4-sp/hard/libgcc.a(_udivmoddi4.o)
                0x0000000008000bd8                __udivmoddi4
 .text          0x0000000008000ea4        0x4 /home/jin/st/stm32cubeide_1.3.0/plugins/com.st.stm32cube.ide.mcu.externaltools.gnu-tools-for-stm32.7-2018-q2-update.linux64_1.0.0.201904181610/tools/bin/../lib/gcc/arm-none-eabi/7.3.1/thumb/v7e-m/fpv4-sp/hard/libgcc.a(_dvmd_tls.o)
                0x0000000008000ea4                __aeabi_ldiv0
                0x0000000008000ea4                __aeabi_idiv0
 *(.text*)
 .text.LL_SPI_Enable
                0x0000000008000ea8       0x20 Core/Src/BNO080.o
 .text.LL_SPI_SetStandard
                0x0000000008000ec8       0x26 Core/Src/BNO080.o
 .text.LL_SPI_IsActiveFlag_RXNE
                0x0000000008000eee       0x26 Core/Src/BNO080.o
 .text.LL_SPI_IsActiveFlag_TXE
                0x0000000008000f14       0x26 Core/Src/BNO080.o
 .text.LL_SPI_ReceiveData8
                0x0000000008000f3a       0x1a Core/Src/BNO080.o
 .text.LL_SPI_TransmitData8
                0x0000000008000f54       0x24 Core/Src/BNO080.o
 .text.LL_GPIO_IsInputPinSet
                0x0000000008000f78       0x2a Core/Src/BNO080.o
 .text.LL_GPIO_SetOutputPin
                0x0000000008000fa2       0x1c Core/Src/BNO080.o
 .text.LL_GPIO_ResetOutputPin
                0x0000000008000fbe       0x1e Core/Src/BNO080.o
 .text.LL_AHB1_GRP1_EnableClock
                0x0000000008000fdc       0x30 Core/Src/BNO080.o
 .text.LL_APB1_GRP1_EnableClock
                0x000000000800100c       0x30 Core/Src/BNO080.o
 .text.BNO080_GPIO_SPI_Initialization
                0x000000000800103c      0x174 Core/Src/BNO080.o
                0x000000000800103c                BNO080_GPIO_SPI_Initialization
 .text.BNO080_Initialization
                0x00000000080011b0       0xe8 Core/Src/BNO080.o
                0x00000000080011b0                BNO080_Initialization
 .text.SPI2_SendByte
                0x0000000008001298       0x44 Core/Src/BNO080.o
                0x0000000008001298                SPI2_SendByte
 .text.BNO080_enableRotationVector
                0x00000000080012dc       0x1e Core/Src/BNO080.o
                0x00000000080012dc                BNO080_enableRotationVector
 *fill*         0x00000000080012fa        0x2 
 .text.BNO080_setFeatureCommand
                0x00000000080012fc       0xa4 Core/Src/BNO080.o
                0x00000000080012fc                BNO080_setFeatureCommand
 .text.BNO080_waitForSPI
                0x00000000080013a0       0x48 Core/Src/BNO080.o
                0x00000000080013a0                BNO080_waitForSPI
 .text.BNO080_receivePacket
                0x00000000080013e8       0xe0 Core/Src/BNO080.o
                0x00000000080013e8                BNO080_receivePacket
 .text.BNO080_sendPacket
                0x00000000080014c8       0xa0 Core/Src/BNO080.o
                0x00000000080014c8                BNO080_sendPacket
 .text.LL_SPI_Enable
                0x0000000008001568       0x20 Core/Src/ICM20602.o
 .text.LL_SPI_SetStandard
                0x0000000008001588       0x26 Core/Src/ICM20602.o
 .text.LL_SPI_IsActiveFlag_RXNE
                0x00000000080015ae       0x26 Core/Src/ICM20602.o
 .text.LL_SPI_IsActiveFlag_TXE
                0x00000000080015d4       0x26 Core/Src/ICM20602.o
 .text.LL_SPI_ReceiveData8
                0x00000000080015fa       0x1a Core/Src/ICM20602.o
 .text.LL_SPI_TransmitData8
                0x0000000008001614       0x24 Core/Src/ICM20602.o
 .text.LL_GPIO_SetOutputPin
                0x0000000008001638       0x1c Core/Src/ICM20602.o
 .text.LL_GPIO_ResetOutputPin
                0x0000000008001654       0x1e Core/Src/ICM20602.o
 *fill*         0x0000000008001672        0x2 
 .text.LL_AHB1_GRP1_EnableClock
                0x0000000008001674       0x30 Core/Src/ICM20602.o
 .text.LL_APB2_GRP1_EnableClock
                0x00000000080016a4       0x30 Core/Src/ICM20602.o
 .text.ICM20602_GPIO_SPI_Initialization
                0x00000000080016d4       0xf8 Core/Src/ICM20602.o
                0x00000000080016d4                ICM20602_GPIO_SPI_Initialization
 .text.SPI1_SendByte
                0x00000000080017cc       0x44 Core/Src/ICM20602.o
                0x00000000080017cc                SPI1_SendByte
 .text.ICM20602_Readbyte
                0x0000000008001810       0x40 Core/Src/ICM20602.o
                0x0000000008001810                ICM20602_Readbyte
 .text.ICM20602_Writebyte
                0x0000000008001850       0x44 Core/Src/ICM20602.o
                0x0000000008001850                ICM20602_Writebyte
 .text.ICM20602_Initialization
                0x0000000008001894       0xfc Core/Src/ICM20602.o
                0x0000000008001894                ICM20602_Initialization
 .text.LL_SPI_Enable
                0x0000000008001990       0x20 Core/Src/LPS22HH.o
 .text.LL_SPI_SetStandard
                0x00000000080019b0       0x26 Core/Src/LPS22HH.o
 .text.LL_SPI_IsActiveFlag_RXNE
                0x00000000080019d6       0x26 Core/Src/LPS22HH.o
 .text.LL_SPI_IsActiveFlag_TXE
                0x00000000080019fc       0x26 Core/Src/LPS22HH.o
 .text.LL_SPI_ReceiveData8
                0x0000000008001a22       0x1a Core/Src/LPS22HH.o
 .text.LL_SPI_TransmitData8
                0x0000000008001a3c       0x24 Core/Src/LPS22HH.o
 .text.LL_GPIO_SetOutputPin
                0x0000000008001a60       0x1c Core/Src/LPS22HH.o
 .text.LL_GPIO_ResetOutputPin
                0x0000000008001a7c       0x1e Core/Src/LPS22HH.o
 *fill*         0x0000000008001a9a        0x2 
 .text.LL_AHB1_GRP1_EnableClock
                0x0000000008001a9c       0x30 Core/Src/LPS22HH.o
 .text.LL_APB1_GRP1_EnableClock
                0x0000000008001acc       0x30 Core/Src/LPS22HH.o
 .text.LPS22HH_GPIO_SPI_Initialization
                0x0000000008001afc       0xf0 Core/Src/LPS22HH.o
                0x0000000008001afc                LPS22HH_GPIO_SPI_Initialization
 .text.SPI3_SendByte
                0x0000000008001bec       0x44 Core/Src/LPS22HH.o
                0x0000000008001bec                SPI3_SendByte
 .text.LPS22HH_Readbyte
                0x0000000008001c30       0x40 Core/Src/LPS22HH.o
                0x0000000008001c30                LPS22HH_Readbyte
 .text.LPS22HH_Writebyte
                0x0000000008001c70       0x44 Core/Src/LPS22HH.o
                0x0000000008001c70                LPS22HH_Writebyte
 .text.LPS22HH_Initialization
                0x0000000008001cb4      0x120 Core/Src/LPS22HH.o
                0x0000000008001cb4                LPS22HH_Initialization
 .text.__NVIC_GetPriorityGrouping
                0x0000000008001dd4       0x1c Core/Src/M8N.o
 .text.__NVIC_EnableIRQ
                0x0000000008001df0       0x3c Core/Src/M8N.o
 .text.__NVIC_SetPriority
                0x0000000008001e2c       0x54 Core/Src/M8N.o
 .text.NVIC_EncodePriority
                0x0000000008001e80       0x66 Core/Src/M8N.o
 .text.LL_USART_Enable
                0x0000000008001ee6       0x20 Core/Src/M8N.o
 .text.LL_USART_ConfigAsyncMode
                0x0000000008001f06       0x2c Core/Src/M8N.o
 .text.LL_USART_IsActiveFlag_TXE
                0x0000000008001f32       0x26 Core/Src/M8N.o
 .text.LL_USART_TransmitData8
                0x0000000008001f58       0x1e Core/Src/M8N.o
 *fill*         0x0000000008001f76        0x2 
 .text.LL_AHB1_GRP1_EnableClock
                0x0000000008001f78       0x30 Core/Src/M8N.o
 .text.LL_APB1_GRP1_EnableClock
                0x0000000008001fa8       0x30 Core/Src/M8N.o
 .text.M8N_TransmitData
                0x0000000008001fd8       0x4c Core/Src/M8N.o
                0x0000000008001fd8                M8N_TransmitData
 .text.M8N_UART4_Initialization
                0x0000000008002024       0xc4 Core/Src/M8N.o
                0x0000000008002024                M8N_UART4_Initialization
 .text.M8N_Initialization
                0x00000000080020e8       0x50 Core/Src/M8N.o
                0x00000000080020e8                M8N_Initialization
 .text.M8N_UBX_CHKSUM_Check
                0x0000000008002138       0x74 Core/Src/M8N.o
                0x0000000008002138                M8N_UBX_CHKSUM_Check
 .text.M8N_UBX_NAV_POSLLH_Parsing
                0x00000000080021ac      0x16e Core/Src/M8N.o
                0x00000000080021ac                M8N_UBX_NAV_POSLLH_Parsing
 .text.LL_GPIO_ResetOutputPin
                0x000000000800231a       0x1e Core/Src/gpio.o
 .text.LL_AHB1_GRP1_EnableClock
                0x0000000008002338       0x30 Core/Src/gpio.o
 .text.MX_GPIO_Init
                0x0000000008002368       0xf0 Core/Src/gpio.o
                0x0000000008002368                MX_GPIO_Init
 .text.LL_TIM_EnableCounter
                0x0000000008002458       0x20 Core/Src/main.o
 .text.LL_TIM_CC_EnableChannel
                0x0000000008002478       0x22 Core/Src/main.o
 .text.LL_TIM_CC_DisableChannel
                0x000000000800249a       0x24 Core/Src/main.o
 .text.LL_USART_IsActiveFlag_TXE
                0x00000000080024be       0x26 Core/Src/main.o
 .text.LL_USART_EnableIT_RXNE
                0x00000000080024e4       0x20 Core/Src/main.o
 .text.LL_USART_TransmitData8
                0x0000000008002504       0x1e Core/Src/main.o
 .text.LL_GPIO_TogglePin
                0x0000000008002522       0x22 Core/Src/main.o
 .text._write   0x0000000008002544       0x4c Core/Src/main.o
                0x0000000008002544                _write
 .text.main     0x0000000008002590      0x10c Core/Src/main.o
                0x0000000008002590                main
 .text.SystemClock_Config
                0x000000000800269c       0xd4 Core/Src/main.o
                0x000000000800269c                SystemClock_Config
 .text.Error_Handler
                0x0000000008002770        0xe Core/Src/main.o
                0x0000000008002770                Error_Handler
 .text.LL_SPI_SetStandard
                0x000000000800277e       0x26 Core/Src/spi.o
 .text.LL_AHB1_GRP1_EnableClock
                0x00000000080027a4       0x30 Core/Src/spi.o
 .text.LL_APB1_GRP1_EnableClock
                0x00000000080027d4       0x30 Core/Src/spi.o
 .text.LL_APB2_GRP1_EnableClock
                0x0000000008002804       0x30 Core/Src/spi.o
 .text.MX_SPI1_Init
                0x0000000008002834       0xa4 Core/Src/spi.o
                0x0000000008002834                MX_SPI1_Init
 .text.MX_SPI2_Init
                0x00000000080028d8       0xa8 Core/Src/spi.o
                0x00000000080028d8                MX_SPI2_Init
 .text.MX_SPI3_Init
                0x0000000008002980       0xa4 Core/Src/spi.o
                0x0000000008002980                MX_SPI3_Init
 .text.HAL_MspInit
                0x0000000008002a24       0x50 Core/Src/stm32f4xx_hal_msp.o
                0x0000000008002a24                HAL_MspInit
 .text.LL_USART_IsActiveFlag_RXNE
                0x0000000008002a74       0x26 Core/Src/stm32f4xx_it.o
 .text.LL_USART_ClearFlag_RXNE
                0x0000000008002a9a       0x1c Core/Src/stm32f4xx_it.o
 .text.LL_USART_ReceiveData8
                0x0000000008002ab6       0x1a Core/Src/stm32f4xx_it.o
 .text.LL_USART_TransmitData8
                0x0000000008002ad0       0x1e Core/Src/stm32f4xx_it.o
 .text.NMI_Handler
                0x0000000008002aee        0xe Core/Src/stm32f4xx_it.o
                0x0000000008002aee                NMI_Handler
 .text.HardFault_Handler
                0x0000000008002afc        0x6 Core/Src/stm32f4xx_it.o
                0x0000000008002afc                HardFault_Handler
 .text.MemManage_Handler
                0x0000000008002b02        0x6 Core/Src/stm32f4xx_it.o
                0x0000000008002b02                MemManage_Handler
 .text.BusFault_Handler
                0x0000000008002b08        0x6 Core/Src/stm32f4xx_it.o
                0x0000000008002b08                BusFault_Handler
 .text.UsageFault_Handler
                0x0000000008002b0e        0x6 Core/Src/stm32f4xx_it.o
                0x0000000008002b0e                UsageFault_Handler
 .text.SVC_Handler
                0x0000000008002b14        0xe Core/Src/stm32f4xx_it.o
                0x0000000008002b14                SVC_Handler
 .text.DebugMon_Handler
                0x0000000008002b22        0xe Core/Src/stm32f4xx_it.o
                0x0000000008002b22                DebugMon_Handler
 .text.PendSV_Handler
                0x0000000008002b30        0xe Core/Src/stm32f4xx_it.o
                0x0000000008002b30                PendSV_Handler
 .text.SysTick_Handler
                0x0000000008002b3e        0xc Core/Src/stm32f4xx_it.o
                0x0000000008002b3e                SysTick_Handler
 *fill*         0x0000000008002b4a        0x2 
 .text.UART4_IRQHandler
                0x0000000008002b4c       0xe4 Core/Src/stm32f4xx_it.o
                0x0000000008002b4c                UART4_IRQHandler
 .text.USART6_IRQHandler
                0x0000000008002c30       0x4c Core/Src/stm32f4xx_it.o
                0x0000000008002c30                USART6_IRQHandler
 .text._read    0x0000000008002c7c       0x3a Core/Src/syscalls.o
                0x0000000008002c7c                _read
 .text._close   0x0000000008002cb6       0x18 Core/Src/syscalls.o
                0x0000000008002cb6                _close
 .text._fstat   0x0000000008002cce       0x20 Core/Src/syscalls.o
                0x0000000008002cce                _fstat
 .text._isatty  0x0000000008002cee       0x16 Core/Src/syscalls.o
                0x0000000008002cee                _isatty
 .text._lseek   0x0000000008002d04       0x1a Core/Src/syscalls.o
                0x0000000008002d04                _lseek
 *fill*         0x0000000008002d1e        0x2 
 .text._sbrk    0x0000000008002d20       0x58 Core/Src/sysmem.o
                0x0000000008002d20                _sbrk
 .text.SystemInit
                0x0000000008002d78       0x2c Core/Src/system_stm32f4xx.o
                0x0000000008002d78                SystemInit
 .text.LL_TIM_EnableARRPreload
                0x0000000008002da4       0x20 Core/Src/tim.o
 .text.LL_TIM_OC_EnableFast
                0x0000000008002dc4       0x84 Core/Src/tim.o
 .text.LL_TIM_OC_EnablePreload
                0x0000000008002e48       0x84 Core/Src/tim.o
 .text.LL_TIM_SetTriggerOutput
                0x0000000008002ecc       0x26 Core/Src/tim.o
 .text.LL_TIM_DisableMasterSlaveMode
                0x0000000008002ef2       0x20 Core/Src/tim.o
 *fill*         0x0000000008002f12        0x2 
 .text.LL_AHB1_GRP1_EnableClock
                0x0000000008002f14       0x30 Core/Src/tim.o
 .text.LL_APB1_GRP1_EnableClock
                0x0000000008002f44       0x30 Core/Src/tim.o
 .text.MX_TIM3_Init
                0x0000000008002f74       0xdc Core/Src/tim.o
                0x0000000008002f74                MX_TIM3_Init
 .text.__NVIC_GetPriorityGrouping
                0x0000000008003050       0x1c Core/Src/usart.o
 .text.__NVIC_EnableIRQ
                0x000000000800306c       0x3c Core/Src/usart.o
 .text.__NVIC_SetPriority
                0x00000000080030a8       0x54 Core/Src/usart.o
 .text.NVIC_EncodePriority
                0x00000000080030fc       0x66 Core/Src/usart.o
 .text.LL_USART_Enable
                0x0000000008003162       0x20 Core/Src/usart.o
 .text.LL_USART_ConfigAsyncMode
                0x0000000008003182       0x2c Core/Src/usart.o
 *fill*         0x00000000080031ae        0x2 
 .text.LL_AHB1_GRP1_EnableClock
                0x00000000080031b0       0x30 Core/Src/usart.o
 .text.LL_APB1_GRP1_EnableClock
                0x00000000080031e0       0x30 Core/Src/usart.o
 .text.LL_APB2_GRP1_EnableClock
                0x0000000008003210       0x30 Core/Src/usart.o
 .text.MX_UART4_Init
                0x0000000008003240       0xc4 Core/Src/usart.o
                0x0000000008003240                MX_UART4_Init
 .text.MX_USART6_UART_Init
                0x0000000008003304       0xc0 Core/Src/usart.o
                0x0000000008003304                MX_USART6_UART_Init
 .text.Reset_Handler
                0x00000000080033c4       0x50 Core/Startup/startup_stm32f405rgtx.o
                0x00000000080033c4                Reset_Handler
 .text.Default_Handler
                0x0000000008003414        0x2 Core/Startup/startup_stm32f405rgtx.o
                0x0000000008003414                RTC_Alarm_IRQHandler
                0x0000000008003414                HASH_RNG_IRQHandler
                0x0000000008003414                EXTI2_IRQHandler
                0x0000000008003414                TIM8_CC_IRQHandler
                0x0000000008003414                TIM1_CC_IRQHandler
                0x0000000008003414                DMA2_Stream5_IRQHandler
                0x0000000008003414                DMA1_Stream5_IRQHandler
                0x0000000008003414                PVD_IRQHandler
                0x0000000008003414                SDIO_IRQHandler
                0x0000000008003414                TAMP_STAMP_IRQHandler
                0x0000000008003414                CAN2_RX1_IRQHandler
                0x0000000008003414                EXTI3_IRQHandler
                0x0000000008003414                TIM8_TRG_COM_TIM14_IRQHandler
                0x0000000008003414                TIM1_UP_TIM10_IRQHandler
                0x0000000008003414                TIM8_UP_TIM13_IRQHandler
                0x0000000008003414                I2C3_ER_IRQHandler
                0x0000000008003414                EXTI0_IRQHandler
                0x0000000008003414                I2C2_EV_IRQHandler
                0x0000000008003414                DMA1_Stream2_IRQHandler
                0x0000000008003414                CAN1_RX0_IRQHandler
                0x0000000008003414                FPU_IRQHandler
                0x0000000008003414                OTG_HS_WKUP_IRQHandler
                0x0000000008003414                CAN2_SCE_IRQHandler
                0x0000000008003414                DMA2_Stream2_IRQHandler
                0x0000000008003414                SPI1_IRQHandler
                0x0000000008003414                TIM6_DAC_IRQHandler
                0x0000000008003414                TIM1_BRK_TIM9_IRQHandler
                0x0000000008003414                CAN2_RX0_IRQHandler
                0x0000000008003414                DMA2_Stream3_IRQHandler
                0x0000000008003414                USART3_IRQHandler
                0x0000000008003414                CAN1_RX1_IRQHandler
                0x0000000008003414                UART5_IRQHandler
                0x0000000008003414                DMA2_Stream0_IRQHandler
                0x0000000008003414                TIM4_IRQHandler
                0x0000000008003414                I2C1_EV_IRQHandler
                0x0000000008003414                DMA1_Stream6_IRQHandler
                0x0000000008003414                DMA1_Stream1_IRQHandler
                0x0000000008003414                TIM3_IRQHandler
                0x0000000008003414                RCC_IRQHandler
                0x0000000008003414                TIM8_BRK_TIM12_IRQHandler
                0x0000000008003414                Default_Handler
                0x0000000008003414                EXTI15_10_IRQHandler
                0x0000000008003414                ADC_IRQHandler
                0x0000000008003414                DMA1_Stream7_IRQHandler
                0x0000000008003414                TIM7_IRQHandler
                0x0000000008003414                CAN2_TX_IRQHandler
                0x0000000008003414                TIM5_IRQHandler
                0x0000000008003414                DMA2_Stream7_IRQHandler
                0x0000000008003414                I2C3_EV_IRQHandler
                0x0000000008003414                EXTI9_5_IRQHandler
                0x0000000008003414                RTC_WKUP_IRQHandler
                0x0000000008003414                SPI2_IRQHandler
                0x0000000008003414                OTG_HS_EP1_IN_IRQHandler
                0x0000000008003414                DMA1_Stream0_IRQHandler
                0x0000000008003414                CAN1_TX_IRQHandler
                0x0000000008003414                EXTI4_IRQHandler
                0x0000000008003414                FSMC_IRQHandler
                0x0000000008003414                OTG_HS_EP1_OUT_IRQHandler
                0x0000000008003414                WWDG_IRQHandler
                0x0000000008003414                TIM2_IRQHandler
                0x0000000008003414                OTG_FS_WKUP_IRQHandler
                0x0000000008003414                TIM1_TRG_COM_TIM11_IRQHandler
                0x0000000008003414                OTG_HS_IRQHandler
                0x0000000008003414                EXTI1_IRQHandler
                0x0000000008003414                USART2_IRQHandler
                0x0000000008003414                I2C2_ER_IRQHandler
                0x0000000008003414                DMA2_Stream1_IRQHandler
                0x0000000008003414                CAN1_SCE_IRQHandler
                0x0000000008003414                FLASH_IRQHandler
                0x0000000008003414                DMA2_Stream4_IRQHandler
                0x0000000008003414                USART1_IRQHandler
                0x0000000008003414                OTG_FS_IRQHandler
                0x0000000008003414                SPI3_IRQHandler
                0x0000000008003414                DMA1_Stream4_IRQHandler
                0x0000000008003414                I2C1_ER_IRQHandler
                0x0000000008003414                DMA2_Stream6_IRQHandler
                0x0000000008003414                DMA1_Stream3_IRQHandler
 *fill*         0x0000000008003416        0x2 
 .text.HAL_Init
                0x0000000008003418       0x44 Drivers/STM32F4xx_HAL_Driver/Src/stm32f4xx_hal.o
                0x0000000008003418                HAL_Init
 .text.HAL_InitTick
                0x000000000800345c       0x60 Drivers/STM32F4xx_HAL_Driver/Src/stm32f4xx_hal.o
                0x000000000800345c                HAL_InitTick
 .text.HAL_IncTick
                0x00000000080034bc       0x28 Drivers/STM32F4xx_HAL_Driver/Src/stm32f4xx_hal.o
                0x00000000080034bc                HAL_IncTick
 .text.HAL_GetTick
                0x00000000080034e4       0x18 Drivers/STM32F4xx_HAL_Driver/Src/stm32f4xx_hal.o
                0x00000000080034e4                HAL_GetTick
 .text.HAL_Delay
                0x00000000080034fc       0x44 Drivers/STM32F4xx_HAL_Driver/Src/stm32f4xx_hal.o
                0x00000000080034fc                HAL_Delay
 .text.__NVIC_SetPriorityGrouping
                0x0000000008003540       0x48 Drivers/STM32F4xx_HAL_Driver/Src/stm32f4xx_hal_cortex.o
 .text.__NVIC_GetPriorityGrouping
                0x0000000008003588       0x1c Drivers/STM32F4xx_HAL_Driver/Src/stm32f4xx_hal_cortex.o
 .text.__NVIC_SetPriority
                0x00000000080035a4       0x54 Drivers/STM32F4xx_HAL_Driver/Src/stm32f4xx_hal_cortex.o
 .text.NVIC_EncodePriority
                0x00000000080035f8       0x66 Drivers/STM32F4xx_HAL_Driver/Src/stm32f4xx_hal_cortex.o
 *fill*         0x000000000800365e        0x2 
 .text.SysTick_Config
                0x0000000008003660       0x44 Drivers/STM32F4xx_HAL_Driver/Src/stm32f4xx_hal_cortex.o
 .text.HAL_NVIC_SetPriorityGrouping
                0x00000000080036a4       0x16 Drivers/STM32F4xx_HAL_Driver/Src/stm32f4xx_hal_cortex.o
                0x00000000080036a4                HAL_NVIC_SetPriorityGrouping
 .text.HAL_NVIC_SetPriority
                0x00000000080036ba       0x38 Drivers/STM32F4xx_HAL_Driver/Src/stm32f4xx_hal_cortex.o
                0x00000000080036ba                HAL_NVIC_SetPriority
 .text.HAL_SYSTICK_Config
                0x00000000080036f2       0x18 Drivers/STM32F4xx_HAL_Driver/Src/stm32f4xx_hal_cortex.o
                0x00000000080036f2                HAL_SYSTICK_Config
 *fill*         0x000000000800370a        0x2 
 .text.HAL_RCC_OscConfig
                0x000000000800370c      0x4e0 Drivers/STM32F4xx_HAL_Driver/Src/stm32f4xx_hal_rcc.o
                0x000000000800370c                HAL_RCC_OscConfig
 .text.HAL_RCC_ClockConfig
                0x0000000008003bec      0x1cc Drivers/STM32F4xx_HAL_Driver/Src/stm32f4xx_hal_rcc.o
                0x0000000008003bec                HAL_RCC_ClockConfig
 .text.HAL_RCC_GetSysClockFreq
                0x0000000008003db8      0x1b0 Drivers/STM32F4xx_HAL_Driver/Src/stm32f4xx_hal_rcc.o
                0x0000000008003db8                HAL_RCC_GetSysClockFreq
 .text.LL_GPIO_SetPinMode
                0x0000000008003f68       0x5e Drivers/STM32F4xx_HAL_Driver/Src/stm32f4xx_ll_gpio.o
 .text.LL_GPIO_SetPinOutputType
                0x0000000008003fc6       0x30 Drivers/STM32F4xx_HAL_Driver/Src/stm32f4xx_ll_gpio.o
 .text.LL_GPIO_SetPinSpeed
                0x0000000008003ff6       0x5e Drivers/STM32F4xx_HAL_Driver/Src/stm32f4xx_ll_gpio.o
 .text.LL_GPIO_SetPinPull
                0x0000000008004054       0x5e Drivers/STM32F4xx_HAL_Driver/Src/stm32f4xx_ll_gpio.o
 .text.LL_GPIO_SetAFPin_0_7
                0x00000000080040b2       0x5e Drivers/STM32F4xx_HAL_Driver/Src/stm32f4xx_ll_gpio.o
 .text.LL_GPIO_SetAFPin_8_15
                0x0000000008004110       0x62 Drivers/STM32F4xx_HAL_Driver/Src/stm32f4xx_ll_gpio.o
 .text.LL_GPIO_Init
                0x0000000008004172       0xe6 Drivers/STM32F4xx_HAL_Driver/Src/stm32f4xx_ll_gpio.o
                0x0000000008004172                LL_GPIO_Init
 .text.LL_RCC_GetSysClkSource
                0x0000000008004258       0x1c Drivers/STM32F4xx_HAL_Driver/Src/stm32f4xx_ll_rcc.o
 .text.LL_RCC_GetAHBPrescaler
                0x0000000008004274       0x1c Drivers/STM32F4xx_HAL_Driver/Src/stm32f4xx_ll_rcc.o
 .text.LL_RCC_GetAPB1Prescaler
                0x0000000008004290       0x1c Drivers/STM32F4xx_HAL_Driver/Src/stm32f4xx_ll_rcc.o
 .text.LL_RCC_GetAPB2Prescaler
                0x00000000080042ac       0x1c Drivers/STM32F4xx_HAL_Driver/Src/stm32f4xx_ll_rcc.o
 .text.LL_RCC_PLL_GetMainSource
                0x00000000080042c8       0x1c Drivers/STM32F4xx_HAL_Driver/Src/stm32f4xx_ll_rcc.o
 .text.LL_RCC_PLL_GetN
                0x00000000080042e4       0x1c Drivers/STM32F4xx_HAL_Driver/Src/stm32f4xx_ll_rcc.o
 .text.LL_RCC_PLL_GetP
                0x0000000008004300       0x1c Drivers/STM32F4xx_HAL_Driver/Src/stm32f4xx_ll_rcc.o
 .text.LL_RCC_PLL_GetDivider
                0x000000000800431c       0x1c Drivers/STM32F4xx_HAL_Driver/Src/stm32f4xx_ll_rcc.o
 .text.LL_RCC_GetSystemClocksFreq
                0x0000000008004338       0x4a Drivers/STM32F4xx_HAL_Driver/Src/stm32f4xx_ll_rcc.o
                0x0000000008004338                LL_RCC_GetSystemClocksFreq
 *fill*         0x0000000008004382        0x2 
 .text.RCC_GetSystemClockFreq
                0x0000000008004384       0x4c Drivers/STM32F4xx_HAL_Driver/Src/stm32f4xx_ll_rcc.o
                0x0000000008004384                RCC_GetSystemClockFreq
 .text.RCC_GetHCLKClockFreq
                0x00000000080043d0       0x2c Drivers/STM32F4xx_HAL_Driver/Src/stm32f4xx_ll_rcc.o
                0x00000000080043d0                RCC_GetHCLKClockFreq
 .text.RCC_GetPCLK1ClockFreq
                0x00000000080043fc       0x28 Drivers/STM32F4xx_HAL_Driver/Src/stm32f4xx_ll_rcc.o
                0x00000000080043fc                RCC_GetPCLK1ClockFreq
 .text.RCC_GetPCLK2ClockFreq
                0x0000000008004424       0x28 Drivers/STM32F4xx_HAL_Driver/Src/stm32f4xx_ll_rcc.o
                0x0000000008004424                RCC_GetPCLK2ClockFreq
 .text.RCC_PLL_GetFreqDomain_SYS
                0x000000000800444c       0x7c Drivers/STM32F4xx_HAL_Driver/Src/stm32f4xx_ll_rcc.o
                0x000000000800444c                RCC_PLL_GetFreqDomain_SYS
 .text.LL_SPI_IsEnabled
                0x00000000080044c8       0x26 Drivers/STM32F4xx_HAL_Driver/Src/stm32f4xx_ll_spi.o
 .text.LL_SPI_SetCRCPolynomial
                0x00000000080044ee       0x20 Drivers/STM32F4xx_HAL_Driver/Src/stm32f4xx_ll_spi.o
 .text.LL_SPI_Init
                0x000000000800450e       0xa4 Drivers/STM32F4xx_HAL_Driver/Src/stm32f4xx_ll_spi.o
                0x000000000800450e                LL_SPI_Init
 .text.LL_TIM_SetPrescaler
                0x00000000080045b2       0x1c Drivers/STM32F4xx_HAL_Driver/Src/stm32f4xx_ll_tim.o
 .text.LL_TIM_SetAutoReload
                0x00000000080045ce       0x1c Drivers/STM32F4xx_HAL_Driver/Src/stm32f4xx_ll_tim.o
 .text.LL_TIM_SetRepetitionCounter
                0x00000000080045ea       0x1c Drivers/STM32F4xx_HAL_Driver/Src/stm32f4xx_ll_tim.o
 .text.LL_TIM_OC_SetCompareCH1
                0x0000000008004606       0x1c Drivers/STM32F4xx_HAL_Driver/Src/stm32f4xx_ll_tim.o
 .text.LL_TIM_OC_SetCompareCH2
                0x0000000008004622       0x1c Drivers/STM32F4xx_HAL_Driver/Src/stm32f4xx_ll_tim.o
 .text.LL_TIM_OC_SetCompareCH3
                0x000000000800463e       0x1c Drivers/STM32F4xx_HAL_Driver/Src/stm32f4xx_ll_tim.o
 .text.LL_TIM_OC_SetCompareCH4
                0x000000000800465a       0x1c Drivers/STM32F4xx_HAL_Driver/Src/stm32f4xx_ll_tim.o
 .text.LL_TIM_GenerateEvent_UPDATE
                0x0000000008004676       0x20 Drivers/STM32F4xx_HAL_Driver/Src/stm32f4xx_ll_tim.o
 *fill*         0x0000000008004696        0x2 
 .text.LL_TIM_Init
                0x0000000008004698      0x134 Drivers/STM32F4xx_HAL_Driver/Src/stm32f4xx_ll_tim.o
                0x0000000008004698                LL_TIM_Init
 .text.LL_TIM_OC_Init
                0x00000000080047cc       0x70 Drivers/STM32F4xx_HAL_Driver/Src/stm32f4xx_ll_tim.o
                0x00000000080047cc                LL_TIM_OC_Init
 .text.OC1Config
                0x000000000800483c       0xd8 Drivers/STM32F4xx_HAL_Driver/Src/stm32f4xx_ll_tim.o
 .text.OC2Config
                0x0000000008004914       0xe0 Drivers/STM32F4xx_HAL_Driver/Src/stm32f4xx_ll_tim.o
 .text.OC3Config
                0x00000000080049f4       0xe0 Drivers/STM32F4xx_HAL_Driver/Src/stm32f4xx_ll_tim.o
 .text.OC4Config
                0x0000000008004ad4       0xb0 Drivers/STM32F4xx_HAL_Driver/Src/stm32f4xx_ll_tim.o
 .text.LL_USART_IsEnabled
                0x0000000008004b84       0x28 Drivers/STM32F4xx_HAL_Driver/Src/stm32f4xx_ll_usart.o
 .text.LL_USART_SetStopBitsLength
                0x0000000008004bac       0x26 Drivers/STM32F4xx_HAL_Driver/Src/stm32f4xx_ll_usart.o
 .text.LL_USART_SetHWFlowCtrl
                0x0000000008004bd2       0x26 Drivers/STM32F4xx_HAL_Driver/Src/stm32f4xx_ll_usart.o
 .text.LL_USART_SetBaudRate
                0x0000000008004bf8      0x350 Drivers/STM32F4xx_HAL_Driver/Src/stm32f4xx_ll_usart.o
 .text.LL_USART_Init
                0x0000000008004f48      0x100 Drivers/STM32F4xx_HAL_Driver/Src/stm32f4xx_ll_usart.o
                0x0000000008004f48                LL_USART_Init
 .text.__errno  0x0000000008005048        0xc /home/jin/st/stm32cubeide_1.3.0/plugins/com.st.stm32cube.ide.mcu.externaltools.gnu-tools-for-stm32.7-2018-q2-update.linux64_1.0.0.201904181610/tools/bin/../lib/gcc/arm-none-eabi/7.3.1/../../../../arm-none-eabi/lib/thumb/v7e-m/fpv4-sp/hard/libc_nano.a(lib_a-errno.o)
                0x0000000008005048                __errno
 .text.__libc_init_array
                0x0000000008005054       0x48 /home/jin/st/stm32cubeide_1.3.0/plugins/com.st.stm32cube.ide.mcu.externaltools.gnu-tools-for-stm32.7-2018-q2-update.linux64_1.0.0.201904181610/tools/bin/../lib/gcc/arm-none-eabi/7.3.1/../../../../arm-none-eabi/lib/thumb/v7e-m/fpv4-sp/hard/libc_nano.a(lib_a-init.o)
                0x0000000008005054                __libc_init_array
 .text.memset   0x000000000800509c       0x10 /home/jin/st/stm32cubeide_1.3.0/plugins/com.st.stm32cube.ide.mcu.externaltools.gnu-tools-for-stm32.7-2018-q2-update.linux64_1.0.0.201904181610/tools/bin/../lib/gcc/arm-none-eabi/7.3.1/../../../../arm-none-eabi/lib/thumb/v7e-m/fpv4-sp/hard/libc_nano.a(lib_a-memset.o)
                0x000000000800509c                memset
 .text.__cvt    0x00000000080050ac       0xc2 /home/jin/st/stm32cubeide_1.3.0/plugins/com.st.stm32cube.ide.mcu.externaltools.gnu-tools-for-stm32.7-2018-q2-update.linux64_1.0.0.201904181610/tools/bin/../lib/gcc/arm-none-eabi/7.3.1/../../../../arm-none-eabi/lib/thumb/v7e-m/fpv4-sp/hard/libc_nano.a(lib_a-nano-vfprintf_float.o)
                0x00000000080050ac                __cvt
 .text.__exponent
                0x000000000800516e       0x66 /home/jin/st/stm32cubeide_1.3.0/plugins/com.st.stm32cube.ide.mcu.externaltools.gnu-tools-for-stm32.7-2018-q2-update.linux64_1.0.0.201904181610/tools/bin/../lib/gcc/arm-none-eabi/7.3.1/../../../../arm-none-eabi/lib/thumb/v7e-m/fpv4-sp/hard/libc_nano.a(lib_a-nano-vfprintf_float.o)
                0x000000000800516e                __exponent
 .text._printf_float
                0x00000000080051d4      0x480 /home/jin/st/stm32cubeide_1.3.0/plugins/com.st.stm32cube.ide.mcu.externaltools.gnu-tools-for-stm32.7-2018-q2-update.linux64_1.0.0.201904181610/tools/bin/../lib/gcc/arm-none-eabi/7.3.1/../../../../arm-none-eabi/lib/thumb/v7e-m/fpv4-sp/hard/libc_nano.a(lib_a-nano-vfprintf_float.o)
                0x00000000080051d4                _printf_float
 .text._printf_common
                0x0000000008005654       0xea /home/jin/st/stm32cubeide_1.3.0/plugins/com.st.stm32cube.ide.mcu.externaltools.gnu-tools-for-stm32.7-2018-q2-update.linux64_1.0.0.201904181610/tools/bin/../lib/gcc/arm-none-eabi/7.3.1/../../../../arm-none-eabi/lib/thumb/v7e-m/fpv4-sp/hard/libc_nano.a(lib_a-nano-vfprintf_i.o)
                0x0000000008005654                _printf_common
 *fill*         0x000000000800573e        0x2 
 .text._printf_i
                0x0000000008005740      0x224 /home/jin/st/stm32cubeide_1.3.0/plugins/com.st.stm32cube.ide.mcu.externaltools.gnu-tools-for-stm32.7-2018-q2-update.linux64_1.0.0.201904181610/tools/bin/../lib/gcc/arm-none-eabi/7.3.1/../../../../arm-none-eabi/lib/thumb/v7e-m/fpv4-sp/hard/libc_nano.a(lib_a-nano-vfprintf_i.o)
                0x0000000008005740                _printf_i
 .text.printf   0x0000000008005964       0x30 /home/jin/st/stm32cubeide_1.3.0/plugins/com.st.stm32cube.ide.mcu.externaltools.gnu-tools-for-stm32.7-2018-q2-update.linux64_1.0.0.201904181610/tools/bin/../lib/gcc/arm-none-eabi/7.3.1/../../../../arm-none-eabi/lib/thumb/v7e-m/fpv4-sp/hard/libc_nano.a(lib_a-printf.o)
                0x0000000008005964                printf
                0x0000000008005964                iprintf
 .text._puts_r  0x0000000008005994       0xb8 /home/jin/st/stm32cubeide_1.3.0/plugins/com.st.stm32cube.ide.mcu.externaltools.gnu-tools-for-stm32.7-2018-q2-update.linux64_1.0.0.201904181610/tools/bin/../lib/gcc/arm-none-eabi/7.3.1/../../../../arm-none-eabi/lib/thumb/v7e-m/fpv4-sp/hard/libc_nano.a(lib_a-puts.o)
                0x0000000008005994                _puts_r
 .text.puts     0x0000000008005a4c       0x10 /home/jin/st/stm32cubeide_1.3.0/plugins/com.st.stm32cube.ide.mcu.externaltools.gnu-tools-for-stm32.7-2018-q2-update.linux64_1.0.0.201904181610/tools/bin/../lib/gcc/arm-none-eabi/7.3.1/../../../../arm-none-eabi/lib/thumb/v7e-m/fpv4-sp/hard/libc_nano.a(lib_a-puts.o)
                0x0000000008005a4c                puts
 .text.__swbuf_r
                0x0000000008005a5c       0xa4 /home/jin/st/stm32cubeide_1.3.0/plugins/com.st.stm32cube.ide.mcu.externaltools.gnu-tools-for-stm32.7-2018-q2-update.linux64_1.0.0.201904181610/tools/bin/../lib/gcc/arm-none-eabi/7.3.1/../../../../arm-none-eabi/lib/thumb/v7e-m/fpv4-sp/hard/libc_nano.a(lib_a-wbuf.o)
                0x0000000008005a5c                __swbuf_r
 .text.__swsetup_r
                0x0000000008005b00       0xdc /home/jin/st/stm32cubeide_1.3.0/plugins/com.st.stm32cube.ide.mcu.externaltools.gnu-tools-for-stm32.7-2018-q2-update.linux64_1.0.0.201904181610/tools/bin/../lib/gcc/arm-none-eabi/7.3.1/../../../../arm-none-eabi/lib/thumb/v7e-m/fpv4-sp/hard/libc_nano.a(lib_a-wsetup.o)
                0x0000000008005b00                __swsetup_r
 .text.quorem   0x0000000008005bdc      0x118 /home/jin/st/stm32cubeide_1.3.0/plugins/com.st.stm32cube.ide.mcu.externaltools.gnu-tools-for-stm32.7-2018-q2-update.linux64_1.0.0.201904181610/tools/bin/../lib/gcc/arm-none-eabi/7.3.1/../../../../arm-none-eabi/lib/thumb/v7e-m/fpv4-sp/hard/libc_nano.a(lib_a-dtoa.o)
 *fill*         0x0000000008005cf4        0x4 
 .text._dtoa_r  0x0000000008005cf8      0xb70 /home/jin/st/stm32cubeide_1.3.0/plugins/com.st.stm32cube.ide.mcu.externaltools.gnu-tools-for-stm32.7-2018-q2-update.linux64_1.0.0.201904181610/tools/bin/../lib/gcc/arm-none-eabi/7.3.1/../../../../arm-none-eabi/lib/thumb/v7e-m/fpv4-sp/hard/libc_nano.a(lib_a-dtoa.o)
                0x0000000008005cf8                _dtoa_r
 .text.__sflush_r
                0x0000000008006868      0x10c /home/jin/st/stm32cubeide_1.3.0/plugins/com.st.stm32cube.ide.mcu.externaltools.gnu-tools-for-stm32.7-2018-q2-update.linux64_1.0.0.201904181610/tools/bin/../lib/gcc/arm-none-eabi/7.3.1/../../../../arm-none-eabi/lib/thumb/v7e-m/fpv4-sp/hard/libc_nano.a(lib_a-fflush.o)
                0x0000000008006868                __sflush_r
 .text._fflush_r
                0x0000000008006974       0x54 /home/jin/st/stm32cubeide_1.3.0/plugins/com.st.stm32cube.ide.mcu.externaltools.gnu-tools-for-stm32.7-2018-q2-update.linux64_1.0.0.201904181610/tools/bin/../lib/gcc/arm-none-eabi/7.3.1/../../../../arm-none-eabi/lib/thumb/v7e-m/fpv4-sp/hard/libc_nano.a(lib_a-fflush.o)
                0x0000000008006974                _fflush_r
 .text.std      0x00000000080069c8       0x48 /home/jin/st/stm32cubeide_1.3.0/plugins/com.st.stm32cube.ide.mcu.externaltools.gnu-tools-for-stm32.7-2018-q2-update.linux64_1.0.0.201904181610/tools/bin/../lib/gcc/arm-none-eabi/7.3.1/../../../../arm-none-eabi/lib/thumb/v7e-m/fpv4-sp/hard/libc_nano.a(lib_a-findfp.o)
 .text._cleanup_r
                0x0000000008006a10        0xc /home/jin/st/stm32cubeide_1.3.0/plugins/com.st.stm32cube.ide.mcu.externaltools.gnu-tools-for-stm32.7-2018-q2-update.linux64_1.0.0.201904181610/tools/bin/../lib/gcc/arm-none-eabi/7.3.1/../../../../arm-none-eabi/lib/thumb/v7e-m/fpv4-sp/hard/libc_nano.a(lib_a-findfp.o)
                0x0000000008006a10                _cleanup_r
 .text.__sfmoreglue
                0x0000000008006a1c       0x2c /home/jin/st/stm32cubeide_1.3.0/plugins/com.st.stm32cube.ide.mcu.externaltools.gnu-tools-for-stm32.7-2018-q2-update.linux64_1.0.0.201904181610/tools/bin/../lib/gcc/arm-none-eabi/7.3.1/../../../../arm-none-eabi/lib/thumb/v7e-m/fpv4-sp/hard/libc_nano.a(lib_a-findfp.o)
                0x0000000008006a1c                __sfmoreglue
 .text.__sinit  0x0000000008006a48       0x60 /home/jin/st/stm32cubeide_1.3.0/plugins/com.st.stm32cube.ide.mcu.externaltools.gnu-tools-for-stm32.7-2018-q2-update.linux64_1.0.0.201904181610/tools/bin/../lib/gcc/arm-none-eabi/7.3.1/../../../../arm-none-eabi/lib/thumb/v7e-m/fpv4-sp/hard/libc_nano.a(lib_a-findfp.o)
                0x0000000008006a48                __sinit
 .text.__sfp    0x0000000008006aa8       0x78 /home/jin/st/stm32cubeide_1.3.0/plugins/com.st.stm32cube.ide.mcu.externaltools.gnu-tools-for-stm32.7-2018-q2-update.linux64_1.0.0.201904181610/tools/bin/../lib/gcc/arm-none-eabi/7.3.1/../../../../arm-none-eabi/lib/thumb/v7e-m/fpv4-sp/hard/libc_nano.a(lib_a-findfp.o)
                0x0000000008006aa8                __sfp
 .text._fwalk_reent
                0x0000000008006b20       0x3c /home/jin/st/stm32cubeide_1.3.0/plugins/com.st.stm32cube.ide.mcu.externaltools.gnu-tools-for-stm32.7-2018-q2-update.linux64_1.0.0.201904181610/tools/bin/../lib/gcc/arm-none-eabi/7.3.1/../../../../arm-none-eabi/lib/thumb/v7e-m/fpv4-sp/hard/libc_nano.a(lib_a-fwalk.o)
                0x0000000008006b20                _fwalk_reent
 .text._localeconv_r
                0x0000000008006b5c       0x1c /home/jin/st/stm32cubeide_1.3.0/plugins/com.st.stm32cube.ide.mcu.externaltools.gnu-tools-for-stm32.7-2018-q2-update.linux64_1.0.0.201904181610/tools/bin/../lib/gcc/arm-none-eabi/7.3.1/../../../../arm-none-eabi/lib/thumb/v7e-m/fpv4-sp/hard/libc_nano.a(lib_a-localeconv.o)
                0x0000000008006b5c                _localeconv_r
 .text.__swhatbuf_r
                0x0000000008006b78       0x48 /home/jin/st/stm32cubeide_1.3.0/plugins/com.st.stm32cube.ide.mcu.externaltools.gnu-tools-for-stm32.7-2018-q2-update.linux64_1.0.0.201904181610/tools/bin/../lib/gcc/arm-none-eabi/7.3.1/../../../../arm-none-eabi/lib/thumb/v7e-m/fpv4-sp/hard/libc_nano.a(lib_a-makebuf.o)
                0x0000000008006b78                __swhatbuf_r
 .text.__smakebuf_r
                0x0000000008006bc0       0x80 /home/jin/st/stm32cubeide_1.3.0/plugins/com.st.stm32cube.ide.mcu.externaltools.gnu-tools-for-stm32.7-2018-q2-update.linux64_1.0.0.201904181610/tools/bin/../lib/gcc/arm-none-eabi/7.3.1/../../../../arm-none-eabi/lib/thumb/v7e-m/fpv4-sp/hard/libc_nano.a(lib_a-makebuf.o)
                0x0000000008006bc0                __smakebuf_r
 .text.malloc   0x0000000008006c40       0x10 /home/jin/st/stm32cubeide_1.3.0/plugins/com.st.stm32cube.ide.mcu.externaltools.gnu-tools-for-stm32.7-2018-q2-update.linux64_1.0.0.201904181610/tools/bin/../lib/gcc/arm-none-eabi/7.3.1/../../../../arm-none-eabi/lib/thumb/v7e-m/fpv4-sp/hard/libc_nano.a(lib_a-malloc.o)
                0x0000000008006c40                malloc
 .text.memcpy   0x0000000008006c50       0x16 /home/jin/st/stm32cubeide_1.3.0/plugins/com.st.stm32cube.ide.mcu.externaltools.gnu-tools-for-stm32.7-2018-q2-update.linux64_1.0.0.201904181610/tools/bin/../lib/gcc/arm-none-eabi/7.3.1/../../../../arm-none-eabi/lib/thumb/v7e-m/fpv4-sp/hard/libc_nano.a(lib_a-memcpy-stub.o)
                0x0000000008006c50                memcpy
 .text._Balloc  0x0000000008006c66       0x68 /home/jin/st/stm32cubeide_1.3.0/plugins/com.st.stm32cube.ide.mcu.externaltools.gnu-tools-for-stm32.7-2018-q2-update.linux64_1.0.0.201904181610/tools/bin/../lib/gcc/arm-none-eabi/7.3.1/../../../../arm-none-eabi/lib/thumb/v7e-m/fpv4-sp/hard/libc_nano.a(lib_a-mprec.o)
                0x0000000008006c66                _Balloc
 .text._Bfree   0x0000000008006cce       0x2e /home/jin/st/stm32cubeide_1.3.0/plugins/com.st.stm32cube.ide.mcu.externaltools.gnu-tools-for-stm32.7-2018-q2-update.linux64_1.0.0.201904181610/tools/bin/../lib/gcc/arm-none-eabi/7.3.1/../../../../arm-none-eabi/lib/thumb/v7e-m/fpv4-sp/hard/libc_nano.a(lib_a-mprec.o)
                0x0000000008006cce                _Bfree
 .text.__multadd
                0x0000000008006cfc       0x76 /home/jin/st/stm32cubeide_1.3.0/plugins/com.st.stm32cube.ide.mcu.externaltools.gnu-tools-for-stm32.7-2018-q2-update.linux64_1.0.0.201904181610/tools/bin/../lib/gcc/arm-none-eabi/7.3.1/../../../../arm-none-eabi/lib/thumb/v7e-m/fpv4-sp/hard/libc_nano.a(lib_a-mprec.o)
                0x0000000008006cfc                __multadd
 .text.__hi0bits
                0x0000000008006d72       0x3e /home/jin/st/stm32cubeide_1.3.0/plugins/com.st.stm32cube.ide.mcu.externaltools.gnu-tools-for-stm32.7-2018-q2-update.linux64_1.0.0.201904181610/tools/bin/../lib/gcc/arm-none-eabi/7.3.1/../../../../arm-none-eabi/lib/thumb/v7e-m/fpv4-sp/hard/libc_nano.a(lib_a-mprec.o)
                0x0000000008006d72                __hi0bits
 .text.__lo0bits
                0x0000000008006db0       0x5e /home/jin/st/stm32cubeide_1.3.0/plugins/com.st.stm32cube.ide.mcu.externaltools.gnu-tools-for-stm32.7-2018-q2-update.linux64_1.0.0.201904181610/tools/bin/../lib/gcc/arm-none-eabi/7.3.1/../../../../arm-none-eabi/lib/thumb/v7e-m/fpv4-sp/hard/libc_nano.a(lib_a-mprec.o)
                0x0000000008006db0                __lo0bits
 .text.__i2b    0x0000000008006e0e       0x12 /home/jin/st/stm32cubeide_1.3.0/plugins/com.st.stm32cube.ide.mcu.externaltools.gnu-tools-for-stm32.7-2018-q2-update.linux64_1.0.0.201904181610/tools/bin/../lib/gcc/arm-none-eabi/7.3.1/../../../../arm-none-eabi/lib/thumb/v7e-m/fpv4-sp/hard/libc_nano.a(lib_a-mprec.o)
                0x0000000008006e0e                __i2b
 .text.__multiply
                0x0000000008006e20      0x12c /home/jin/st/stm32cubeide_1.3.0/plugins/com.st.stm32cube.ide.mcu.externaltools.gnu-tools-for-stm32.7-2018-q2-update.linux64_1.0.0.201904181610/tools/bin/../lib/gcc/arm-none-eabi/7.3.1/../../../../arm-none-eabi/lib/thumb/v7e-m/fpv4-sp/hard/libc_nano.a(lib_a-mprec.o)
                0x0000000008006e20                __multiply
 .text.__pow5mult
                0x0000000008006f4c       0x9c /home/jin/st/stm32cubeide_1.3.0/plugins/com.st.stm32cube.ide.mcu.externaltools.gnu-tools-for-stm32.7-2018-q2-update.linux64_1.0.0.201904181610/tools/bin/../lib/gcc/arm-none-eabi/7.3.1/../../../../arm-none-eabi/lib/thumb/v7e-m/fpv4-sp/hard/libc_nano.a(lib_a-mprec.o)
                0x0000000008006f4c                __pow5mult
 .text.__lshift
                0x0000000008006fe8       0xa8 /home/jin/st/stm32cubeide_1.3.0/plugins/com.st.stm32cube.ide.mcu.externaltools.gnu-tools-for-stm32.7-2018-q2-update.linux64_1.0.0.201904181610/tools/bin/../lib/gcc/arm-none-eabi/7.3.1/../../../../arm-none-eabi/lib/thumb/v7e-m/fpv4-sp/hard/libc_nano.a(lib_a-mprec.o)
                0x0000000008006fe8                __lshift
 .text.__mcmp   0x0000000008007090       0x34 /home/jin/st/stm32cubeide_1.3.0/plugins/com.st.stm32cube.ide.mcu.externaltools.gnu-tools-for-stm32.7-2018-q2-update.linux64_1.0.0.201904181610/tools/bin/../lib/gcc/arm-none-eabi/7.3.1/../../../../arm-none-eabi/lib/thumb/v7e-m/fpv4-sp/hard/libc_nano.a(lib_a-mprec.o)
                0x0000000008007090                __mcmp
 .text.__mdiff  0x00000000080070c4       0xba /home/jin/st/stm32cubeide_1.3.0/plugins/com.st.stm32cube.ide.mcu.externaltools.gnu-tools-for-stm32.7-2018-q2-update.linux64_1.0.0.201904181610/tools/bin/../lib/gcc/arm-none-eabi/7.3.1/../../../../arm-none-eabi/lib/thumb/v7e-m/fpv4-sp/hard/libc_nano.a(lib_a-mprec.o)
                0x00000000080070c4                __mdiff
 .text.__d2b    0x000000000800717e       0x9e /home/jin/st/stm32cubeide_1.3.0/plugins/com.st.stm32cube.ide.mcu.externaltools.gnu-tools-for-stm32.7-2018-q2-update.linux64_1.0.0.201904181610/tools/bin/../lib/gcc/arm-none-eabi/7.3.1/../../../../arm-none-eabi/lib/thumb/v7e-m/fpv4-sp/hard/libc_nano.a(lib_a-mprec.o)
                0x000000000800717e                __d2b
 .text._calloc_r
                0x000000000800721c       0x1c /home/jin/st/stm32cubeide_1.3.0/plugins/com.st.stm32cube.ide.mcu.externaltools.gnu-tools-for-stm32.7-2018-q2-update.linux64_1.0.0.201904181610/tools/bin/../lib/gcc/arm-none-eabi/7.3.1/../../../../arm-none-eabi/lib/thumb/v7e-m/fpv4-sp/hard/libc_nano.a(lib_a-nano-callocr.o)
                0x000000000800721c                _calloc_r
 .text._free_r  0x0000000008007238       0x9c /home/jin/st/stm32cubeide_1.3.0/plugins/com.st.stm32cube.ide.mcu.externaltools.gnu-tools-for-stm32.7-2018-q2-update.linux64_1.0.0.201904181610/tools/bin/../lib/gcc/arm-none-eabi/7.3.1/../../../../arm-none-eabi/lib/thumb/v7e-m/fpv4-sp/hard/libc_nano.a(lib_a-nano-freer.o)
                0x0000000008007238                _free_r
 .text._malloc_r
                0x00000000080072d4       0xb4 /home/jin/st/stm32cubeide_1.3.0/plugins/com.st.stm32cube.ide.mcu.externaltools.gnu-tools-for-stm32.7-2018-q2-update.linux64_1.0.0.201904181610/tools/bin/../lib/gcc/arm-none-eabi/7.3.1/../../../../arm-none-eabi/lib/thumb/v7e-m/fpv4-sp/hard/libc_nano.a(lib_a-nano-mallocr.o)
                0x00000000080072d4                _malloc_r
 .text.__sfputc_r
                0x0000000008007388       0x2e /home/jin/st/stm32cubeide_1.3.0/plugins/com.st.stm32cube.ide.mcu.externaltools.gnu-tools-for-stm32.7-2018-q2-update.linux64_1.0.0.201904181610/tools/bin/../lib/gcc/arm-none-eabi/7.3.1/../../../../arm-none-eabi/lib/thumb/v7e-m/fpv4-sp/hard/libc_nano.a(lib_a-nano-vfprintf.o)
 .text.__sfputs_r
                0x00000000080073b6       0x24 /home/jin/st/stm32cubeide_1.3.0/plugins/com.st.stm32cube.ide.mcu.externaltools.gnu-tools-for-stm32.7-2018-q2-update.linux64_1.0.0.201904181610/tools/bin/../lib/gcc/arm-none-eabi/7.3.1/../../../../arm-none-eabi/lib/thumb/v7e-m/fpv4-sp/hard/libc_nano.a(lib_a-nano-vfprintf.o)
                0x00000000080073b6                __sfputs_r
 *fill*         0x00000000080073da        0x2 
 .text._vfprintf_r
                0x00000000080073dc      0x22c /home/jin/st/stm32cubeide_1.3.0/plugins/com.st.stm32cube.ide.mcu.externaltools.gnu-tools-for-stm32.7-2018-q2-update.linux64_1.0.0.201904181610/tools/bin/../lib/gcc/arm-none-eabi/7.3.1/../../../../arm-none-eabi/lib/thumb/v7e-m/fpv4-sp/hard/libc_nano.a(lib_a-nano-vfprintf.o)
                0x00000000080073dc                _vfiprintf_r
                0x00000000080073dc                _vfprintf_r
 .text._sbrk_r  0x0000000008007608       0x20 /home/jin/st/stm32cubeide_1.3.0/plugins/com.st.stm32cube.ide.mcu.externaltools.gnu-tools-for-stm32.7-2018-q2-update.linux64_1.0.0.201904181610/tools/bin/../lib/gcc/arm-none-eabi/7.3.1/../../../../arm-none-eabi/lib/thumb/v7e-m/fpv4-sp/hard/libc_nano.a(lib_a-sbrkr.o)
                0x0000000008007608                _sbrk_r
 .text.__sread  0x0000000008007628       0x22 /home/jin/st/stm32cubeide_1.3.0/plugins/com.st.stm32cube.ide.mcu.externaltools.gnu-tools-for-stm32.7-2018-q2-update.linux64_1.0.0.201904181610/tools/bin/../lib/gcc/arm-none-eabi/7.3.1/../../../../arm-none-eabi/lib/thumb/v7e-m/fpv4-sp/hard/libc_nano.a(lib_a-stdio.o)
                0x0000000008007628                __sread
 .text.__swrite
                0x000000000800764a       0x38 /home/jin/st/stm32cubeide_1.3.0/plugins/com.st.stm32cube.ide.mcu.externaltools.gnu-tools-for-stm32.7-2018-q2-update.linux64_1.0.0.201904181610/tools/bin/../lib/gcc/arm-none-eabi/7.3.1/../../../../arm-none-eabi/lib/thumb/v7e-m/fpv4-sp/hard/libc_nano.a(lib_a-stdio.o)
                0x000000000800764a                __swrite
 .text.__sseek  0x0000000008007682       0x24 /home/jin/st/stm32cubeide_1.3.0/plugins/com.st.stm32cube.ide.mcu.externaltools.gnu-tools-for-stm32.7-2018-q2-update.linux64_1.0.0.201904181610/tools/bin/../lib/gcc/arm-none-eabi/7.3.1/../../../../arm-none-eabi/lib/thumb/v7e-m/fpv4-sp/hard/libc_nano.a(lib_a-stdio.o)
                0x0000000008007682                __sseek
 .text.__sclose
                0x00000000080076a6        0x8 /home/jin/st/stm32cubeide_1.3.0/plugins/com.st.stm32cube.ide.mcu.externaltools.gnu-tools-for-stm32.7-2018-q2-update.linux64_1.0.0.201904181610/tools/bin/../lib/gcc/arm-none-eabi/7.3.1/../../../../arm-none-eabi/lib/thumb/v7e-m/fpv4-sp/hard/libc_nano.a(lib_a-stdio.o)
                0x00000000080076a6                __sclose
 *fill*         0x00000000080076ae        0x2 
 .text._write_r
                0x00000000080076b0       0x24 /home/jin/st/stm32cubeide_1.3.0/plugins/com.st.stm32cube.ide.mcu.externaltools.gnu-tools-for-stm32.7-2018-q2-update.linux64_1.0.0.201904181610/tools/bin/../lib/gcc/arm-none-eabi/7.3.1/../../../../arm-none-eabi/lib/thumb/v7e-m/fpv4-sp/hard/libc_nano.a(lib_a-writer.o)
                0x00000000080076b0                _write_r
 .text._close_r
                0x00000000080076d4       0x20 /home/jin/st/stm32cubeide_1.3.0/plugins/com.st.stm32cube.ide.mcu.externaltools.gnu-tools-for-stm32.7-2018-q2-update.linux64_1.0.0.201904181610/tools/bin/../lib/gcc/arm-none-eabi/7.3.1/../../../../arm-none-eabi/lib/thumb/v7e-m/fpv4-sp/hard/libc_nano.a(lib_a-closer.o)
                0x00000000080076d4                _close_r
 .text._fstat_r
                0x00000000080076f4       0x24 /home/jin/st/stm32cubeide_1.3.0/plugins/com.st.stm32cube.ide.mcu.externaltools.gnu-tools-for-stm32.7-2018-q2-update.linux64_1.0.0.201904181610/tools/bin/../lib/gcc/arm-none-eabi/7.3.1/../../../../arm-none-eabi/lib/thumb/v7e-m/fpv4-sp/hard/libc_nano.a(lib_a-fstatr.o)
                0x00000000080076f4                _fstat_r
 .text._isatty_r
                0x0000000008007718       0x20 /home/jin/st/stm32cubeide_1.3.0/plugins/com.st.stm32cube.ide.mcu.externaltools.gnu-tools-for-stm32.7-2018-q2-update.linux64_1.0.0.201904181610/tools/bin/../lib/gcc/arm-none-eabi/7.3.1/../../../../arm-none-eabi/lib/thumb/v7e-m/fpv4-sp/hard/libc_nano.a(lib_a-isattyr.o)
                0x0000000008007718                _isatty_r
 .text._lseek_r
                0x0000000008007738       0x24 /home/jin/st/stm32cubeide_1.3.0/plugins/com.st.stm32cube.ide.mcu.externaltools.gnu-tools-for-stm32.7-2018-q2-update.linux64_1.0.0.201904181610/tools/bin/../lib/gcc/arm-none-eabi/7.3.1/../../../../arm-none-eabi/lib/thumb/v7e-m/fpv4-sp/hard/libc_nano.a(lib_a-lseekr.o)
                0x0000000008007738                _lseek_r
 .text.__ascii_mbtowc
                0x000000000800775c       0x24 /home/jin/st/stm32cubeide_1.3.0/plugins/com.st.stm32cube.ide.mcu.externaltools.gnu-tools-for-stm32.7-2018-q2-update.linux64_1.0.0.201904181610/tools/bin/../lib/gcc/arm-none-eabi/7.3.1/../../../../arm-none-eabi/lib/thumb/v7e-m/fpv4-sp/hard/libc_nano.a(lib_a-mbtowc_r.o)
                0x000000000800775c                __ascii_mbtowc
 .text.__malloc_lock
                0x0000000008007780        0x2 /home/jin/st/stm32cubeide_1.3.0/plugins/com.st.stm32cube.ide.mcu.externaltools.gnu-tools-for-stm32.7-2018-q2-update.linux64_1.0.0.201904181610/tools/bin/../lib/gcc/arm-none-eabi/7.3.1/../../../../arm-none-eabi/lib/thumb/v7e-m/fpv4-sp/hard/libc_nano.a(lib_a-mlock.o)
                0x0000000008007780                __malloc_lock
 .text.__malloc_unlock
                0x0000000008007782        0x2 /home/jin/st/stm32cubeide_1.3.0/plugins/com.st.stm32cube.ide.mcu.externaltools.gnu-tools-for-stm32.7-2018-q2-update.linux64_1.0.0.201904181610/tools/bin/../lib/gcc/arm-none-eabi/7.3.1/../../../../arm-none-eabi/lib/thumb/v7e-m/fpv4-sp/hard/libc_nano.a(lib_a-mlock.o)
                0x0000000008007782                __malloc_unlock
 .text._read_r  0x0000000008007784       0x24 /home/jin/st/stm32cubeide_1.3.0/plugins/com.st.stm32cube.ide.mcu.externaltools.gnu-tools-for-stm32.7-2018-q2-update.linux64_1.0.0.201904181610/tools/bin/../lib/gcc/arm-none-eabi/7.3.1/../../../../arm-none-eabi/lib/thumb/v7e-m/fpv4-sp/hard/libc_nano.a(lib_a-readr.o)
                0x0000000008007784                _read_r
 .text.__ascii_wctomb
                0x00000000080077a8       0x1a /home/jin/st/stm32cubeide_1.3.0/plugins/com.st.stm32cube.ide.mcu.externaltools.gnu-tools-for-stm32.7-2018-q2-update.linux64_1.0.0.201904181610/tools/bin/../lib/gcc/arm-none-eabi/7.3.1/../../../../arm-none-eabi/lib/thumb/v7e-m/fpv4-sp/hard/libc_nano.a(lib_a-wctomb_r.o)
                0x00000000080077a8                __ascii_wctomb
 *(.glue_7)
 .glue_7        0x00000000080077c2        0x0 linker stubs
 *(.glue_7t)
 .glue_7t       0x00000000080077c2        0x0 linker stubs
 *(.eh_frame)
 *fill*         0x00000000080077c2        0x2 
 .eh_frame      0x00000000080077c4        0x0 /home/jin/st/stm32cubeide_1.3.0/plugins/com.st.stm32cube.ide.mcu.externaltools.gnu-tools-for-stm32.7-2018-q2-update.linux64_1.0.0.201904181610/tools/bin/../lib/gcc/arm-none-eabi/7.3.1/thumb/v7e-m/fpv4-sp/hard/crtbegin.o
 *(.init)
 .init          0x00000000080077c4        0x4 /home/jin/st/stm32cubeide_1.3.0/plugins/com.st.stm32cube.ide.mcu.externaltools.gnu-tools-for-stm32.7-2018-q2-update.linux64_1.0.0.201904181610/tools/bin/../lib/gcc/arm-none-eabi/7.3.1/thumb/v7e-m/fpv4-sp/hard/crti.o
                0x00000000080077c4                _init
 .init          0x00000000080077c8        0x8 /home/jin/st/stm32cubeide_1.3.0/plugins/com.st.stm32cube.ide.mcu.externaltools.gnu-tools-for-stm32.7-2018-q2-update.linux64_1.0.0.201904181610/tools/bin/../lib/gcc/arm-none-eabi/7.3.1/thumb/v7e-m/fpv4-sp/hard/crtn.o
 *(.fini)
 .fini          0x00000000080077d0        0x4 /home/jin/st/stm32cubeide_1.3.0/plugins/com.st.stm32cube.ide.mcu.externaltools.gnu-tools-for-stm32.7-2018-q2-update.linux64_1.0.0.201904181610/tools/bin/../lib/gcc/arm-none-eabi/7.3.1/thumb/v7e-m/fpv4-sp/hard/crti.o
                0x00000000080077d0                _fini
 .fini          0x00000000080077d4        0x8 /home/jin/st/stm32cubeide_1.3.0/plugins/com.st.stm32cube.ide.mcu.externaltools.gnu-tools-for-stm32.7-2018-q2-update.linux64_1.0.0.201904181610/tools/bin/../lib/gcc/arm-none-eabi/7.3.1/thumb/v7e-m/fpv4-sp/hard/crtn.o
                0x00000000080077dc                . = ALIGN (0x4)
                0x00000000080077dc                _etext = .

.vfp11_veneer   0x00000000080077dc        0x0
 .vfp11_veneer  0x00000000080077dc        0x0 linker stubs

.v4_bx          0x00000000080077dc        0x0
 .v4_bx         0x00000000080077dc        0x0 linker stubs

.iplt           0x00000000080077dc        0x0
 .iplt          0x00000000080077dc        0x0 /home/jin/st/stm32cubeide_1.3.0/plugins/com.st.stm32cube.ide.mcu.externaltools.gnu-tools-for-stm32.7-2018-q2-update.linux64_1.0.0.201904181610/tools/bin/../lib/gcc/arm-none-eabi/7.3.1/thumb/v7e-m/fpv4-sp/hard/crtbegin.o

.rodata         0x00000000080077e0      0x4d8
                0x00000000080077e0                . = ALIGN (0x4)
 *(.rodata)
 .rodata        0x00000000080077e0       0xac Core/Src/BNO080.o
 .rodata        0x000000000800788c       0x66 Core/Src/ICM20602.o
 *fill*         0x00000000080078f2        0x2 
 .rodata        0x00000000080078f4       0x62 Core/Src/LPS22HH.o
 *fill*         0x0000000008007956        0x2 
 .rodata        0x0000000008007958       0x1f Core/Src/main.o
 *(.rodata*)
 *fill*         0x0000000008007977        0x1 
 .rodata.UBX_CFG_PRT
                0x0000000008007978       0x1c Core/Src/M8N.o
                0x0000000008007978                UBX_CFG_PRT
 .rodata.UBX_CFG_MSG
                0x0000000008007994       0x10 Core/Src/M8N.o
                0x0000000008007994                UBX_CFG_MSG
 .rodata.UBX_CFG_RATE
                0x00000000080079a4        0xe Core/Src/M8N.o
                0x00000000080079a4                UBX_CFG_RATE
 *fill*         0x00000000080079b2        0x2 
 .rodata.UBX_CFG_CFG
                0x00000000080079b4       0x15 Core/Src/M8N.o
                0x00000000080079b4                UBX_CFG_CFG
 *fill*         0x00000000080079c9        0x3 
 .rodata.AHBPrescTable
                0x00000000080079cc       0x10 Core/Src/system_stm32f4xx.o
                0x00000000080079cc                AHBPrescTable
 .rodata.APBPrescTable
                0x00000000080079dc        0x8 Core/Src/system_stm32f4xx.o
                0x00000000080079dc                APBPrescTable
 .rodata.OFFSET_TAB_CCMRx
                0x00000000080079e4        0x7 Core/Src/tim.o
 *fill*         0x00000000080079eb        0x1 
 .rodata.SHIFT_TAB_OCxx
                0x00000000080079ec        0x7 Core/Src/tim.o
 *fill*         0x00000000080079f3        0x1 
 .rodata._global_impure_ptr
                0x00000000080079f4        0x4 /home/jin/st/stm32cubeide_1.3.0/plugins/com.st.stm32cube.ide.mcu.externaltools.gnu-tools-for-stm32.7-2018-q2-update.linux64_1.0.0.201904181610/tools/bin/../lib/gcc/arm-none-eabi/7.3.1/../../../../arm-none-eabi/lib/thumb/v7e-m/fpv4-sp/hard/libc_nano.a(lib_a-impure.o)
                0x00000000080079f4                _global_impure_ptr
 .rodata._printf_float.str1.1
                0x00000000080079f8       0x12 /home/jin/st/stm32cubeide_1.3.0/plugins/com.st.stm32cube.ide.mcu.externaltools.gnu-tools-for-stm32.7-2018-q2-update.linux64_1.0.0.201904181610/tools/bin/../lib/gcc/arm-none-eabi/7.3.1/../../../../arm-none-eabi/lib/thumb/v7e-m/fpv4-sp/hard/libc_nano.a(lib_a-nano-vfprintf_float.o)
 .rodata._printf_i.str1.1
                0x0000000008007a0a       0x22 /home/jin/st/stm32cubeide_1.3.0/plugins/com.st.stm32cube.ide.mcu.externaltools.gnu-tools-for-stm32.7-2018-q2-update.linux64_1.0.0.201904181610/tools/bin/../lib/gcc/arm-none-eabi/7.3.1/../../../../arm-none-eabi/lib/thumb/v7e-m/fpv4-sp/hard/libc_nano.a(lib_a-nano-vfprintf_i.o)
 .rodata._dtoa_r.str1.1
                0x0000000008007a2c        0xd /home/jin/st/stm32cubeide_1.3.0/plugins/com.st.stm32cube.ide.mcu.externaltools.gnu-tools-for-stm32.7-2018-q2-update.linux64_1.0.0.201904181610/tools/bin/../lib/gcc/arm-none-eabi/7.3.1/../../../../arm-none-eabi/lib/thumb/v7e-m/fpv4-sp/hard/libc_nano.a(lib_a-dtoa.o)
                                          0xf (size before relaxing)
 *fill*         0x0000000008007a39        0x3 
 .rodata.__sf_fake_stderr
                0x0000000008007a3c       0x20 /home/jin/st/stm32cubeide_1.3.0/plugins/com.st.stm32cube.ide.mcu.externaltools.gnu-tools-for-stm32.7-2018-q2-update.linux64_1.0.0.201904181610/tools/bin/../lib/gcc/arm-none-eabi/7.3.1/../../../../arm-none-eabi/lib/thumb/v7e-m/fpv4-sp/hard/libc_nano.a(lib_a-findfp.o)
                0x0000000008007a3c                __sf_fake_stderr
 .rodata.__sf_fake_stdin
                0x0000000008007a5c       0x20 /home/jin/st/stm32cubeide_1.3.0/plugins/com.st.stm32cube.ide.mcu.externaltools.gnu-tools-for-stm32.7-2018-q2-update.linux64_1.0.0.201904181610/tools/bin/../lib/gcc/arm-none-eabi/7.3.1/../../../../arm-none-eabi/lib/thumb/v7e-m/fpv4-sp/hard/libc_nano.a(lib_a-findfp.o)
                0x0000000008007a5c                __sf_fake_stdin
 .rodata.__sf_fake_stdout
                0x0000000008007a7c       0x20 /home/jin/st/stm32cubeide_1.3.0/plugins/com.st.stm32cube.ide.mcu.externaltools.gnu-tools-for-stm32.7-2018-q2-update.linux64_1.0.0.201904181610/tools/bin/../lib/gcc/arm-none-eabi/7.3.1/../../../../arm-none-eabi/lib/thumb/v7e-m/fpv4-sp/hard/libc_nano.a(lib_a-findfp.o)
                0x0000000008007a7c                __sf_fake_stdout
 *fill*         0x0000000008007a9c        0x4 
 .rodata.__mprec_bigtens
                0x0000000008007aa0       0x28 /home/jin/st/stm32cubeide_1.3.0/plugins/com.st.stm32cube.ide.mcu.externaltools.gnu-tools-for-stm32.7-2018-q2-update.linux64_1.0.0.201904181610/tools/bin/../lib/gcc/arm-none-eabi/7.3.1/../../../../arm-none-eabi/lib/thumb/v7e-m/fpv4-sp/hard/libc_nano.a(lib_a-mprec.o)
                0x0000000008007aa0                __mprec_bigtens
 .rodata.__mprec_tens
                0x0000000008007ac8       0xc8 /home/jin/st/stm32cubeide_1.3.0/plugins/com.st.stm32cube.ide.mcu.externaltools.gnu-tools-for-stm32.7-2018-q2-update.linux64_1.0.0.201904181610/tools/bin/../lib/gcc/arm-none-eabi/7.3.1/../../../../arm-none-eabi/lib/thumb/v7e-m/fpv4-sp/hard/libc_nano.a(lib_a-mprec.o)
                0x0000000008007ac8                __mprec_tens
 .rodata.p05.7359
                0x0000000008007b90        0xc /home/jin/st/stm32cubeide_1.3.0/plugins/com.st.stm32cube.ide.mcu.externaltools.gnu-tools-for-stm32.7-2018-q2-update.linux64_1.0.0.201904181610/tools/bin/../lib/gcc/arm-none-eabi/7.3.1/../../../../arm-none-eabi/lib/thumb/v7e-m/fpv4-sp/hard/libc_nano.a(lib_a-mprec.o)
 .rodata._vfprintf_r.str1.1
                0x0000000008007b9c       0x11 /home/jin/st/stm32cubeide_1.3.0/plugins/com.st.stm32cube.ide.mcu.externaltools.gnu-tools-for-stm32.7-2018-q2-update.linux64_1.0.0.201904181610/tools/bin/../lib/gcc/arm-none-eabi/7.3.1/../../../../arm-none-eabi/lib/thumb/v7e-m/fpv4-sp/hard/libc_nano.a(lib_a-nano-vfprintf.o)
 .rodata._setlocale_r.str1.1
                0x0000000008007bad        0x8 /home/jin/st/stm32cubeide_1.3.0/plugins/com.st.stm32cube.ide.mcu.externaltools.gnu-tools-for-stm32.7-2018-q2-update.linux64_1.0.0.201904181610/tools/bin/../lib/gcc/arm-none-eabi/7.3.1/../../../../arm-none-eabi/lib/thumb/v7e-m/fpv4-sp/hard/libc_nano.a(lib_a-locale.o)
                                          0x9 (size before relaxing)
 .rodata.str1.1
                0x0000000008007bb5        0x2 /home/jin/st/stm32cubeide_1.3.0/plugins/com.st.stm32cube.ide.mcu.externaltools.gnu-tools-for-stm32.7-2018-q2-update.linux64_1.0.0.201904181610/tools/bin/../lib/gcc/arm-none-eabi/7.3.1/../../../../arm-none-eabi/lib/thumb/v7e-m/fpv4-sp/hard/libc_nano.a(lib_a-locale.o)
 .rodata._ctype_
                0x0000000008007bb7      0x101 /home/jin/st/stm32cubeide_1.3.0/plugins/com.st.stm32cube.ide.mcu.externaltools.gnu-tools-for-stm32.7-2018-q2-update.linux64_1.0.0.201904181610/tools/bin/../lib/gcc/arm-none-eabi/7.3.1/../../../../arm-none-eabi/lib/thumb/v7e-m/fpv4-sp/hard/libc_nano.a(lib_a-ctype_.o)
                0x0000000008007bb7                _ctype_
                0x0000000008007cb8                . = ALIGN (0x4)

.ARM.extab      0x0000000008007cb8        0x0
                0x0000000008007cb8                . = ALIGN (0x4)
 *(.ARM.extab* .gnu.linkonce.armextab.*)
                0x0000000008007cb8                . = ALIGN (0x4)

.ARM            0x0000000008007cb8        0x8
                0x0000000008007cb8                . = ALIGN (0x4)
                0x0000000008007cb8                __exidx_start = .
 *(.ARM.exidx*)
 .ARM.exidx     0x0000000008007cb8        0x8 /home/jin/st/stm32cubeide_1.3.0/plugins/com.st.stm32cube.ide.mcu.externaltools.gnu-tools-for-stm32.7-2018-q2-update.linux64_1.0.0.201904181610/tools/bin/../lib/gcc/arm-none-eabi/7.3.1/thumb/v7e-m/fpv4-sp/hard/libgcc.a(_udivmoddi4.o)
                0x0000000008007cc0                __exidx_end = .
                0x0000000008007cc0                . = ALIGN (0x4)

.rel.dyn        0x0000000008007cc0        0x0
 .rel.iplt      0x0000000008007cc0        0x0 /home/jin/st/stm32cubeide_1.3.0/plugins/com.st.stm32cube.ide.mcu.externaltools.gnu-tools-for-stm32.7-2018-q2-update.linux64_1.0.0.201904181610/tools/bin/../lib/gcc/arm-none-eabi/7.3.1/thumb/v7e-m/fpv4-sp/hard/crtbegin.o

.preinit_array  0x0000000008007cc0        0x0
                0x0000000008007cc0                . = ALIGN (0x4)
                0x0000000008007cc0                PROVIDE (__preinit_array_start = .)
 *(.preinit_array*)
                0x0000000008007cc0                PROVIDE (__preinit_array_end = .)
                0x0000000008007cc0                . = ALIGN (0x4)

.init_array     0x0000000008007cc0        0x4
                0x0000000008007cc0                . = ALIGN (0x4)
                0x0000000008007cc0                PROVIDE (__init_array_start = .)
 *(SORT_BY_NAME(.init_array.*))
 *(.init_array*)
 .init_array    0x0000000008007cc0        0x4 /home/jin/st/stm32cubeide_1.3.0/plugins/com.st.stm32cube.ide.mcu.externaltools.gnu-tools-for-stm32.7-2018-q2-update.linux64_1.0.0.201904181610/tools/bin/../lib/gcc/arm-none-eabi/7.3.1/thumb/v7e-m/fpv4-sp/hard/crtbegin.o
                0x0000000008007cc4                PROVIDE (__init_array_end = .)
                0x0000000008007cc4                . = ALIGN (0x4)

.fini_array     0x0000000008007cc4        0x4
                0x0000000008007cc4                . = ALIGN (0x4)
                [!provide]                        PROVIDE (__fini_array_start = .)
 *(SORT_BY_NAME(.fini_array.*))
 *(.fini_array*)
 .fini_array    0x0000000008007cc4        0x4 /home/jin/st/stm32cubeide_1.3.0/plugins/com.st.stm32cube.ide.mcu.externaltools.gnu-tools-for-stm32.7-2018-q2-update.linux64_1.0.0.201904181610/tools/bin/../lib/gcc/arm-none-eabi/7.3.1/thumb/v7e-m/fpv4-sp/hard/crtbegin.o
                [!provide]                        PROVIDE (__fini_array_end = .)
                0x0000000008007cc8                . = ALIGN (0x4)
                0x0000000008007cc8                _sidata = LOADADDR (.data)

.data           0x0000000020000000      0x1dc load address 0x0000000008007cc8
                0x0000000020000000                . = ALIGN (0x4)
                0x0000000020000000                _sdata = .
 *(.data)
 *(.data*)
 .data.SystemCoreClock
                0x0000000020000000        0x4 Core/Src/system_stm32f4xx.o
                0x0000000020000000                SystemCoreClock
 .data.uwTickPrio
                0x0000000020000004        0x4 Drivers/STM32F4xx_HAL_Driver/Src/stm32f4xx_hal.o
                0x0000000020000004                uwTickPrio
 .data.uwTickFreq
                0x0000000020000008        0x1 Drivers/STM32F4xx_HAL_Driver/Src/stm32f4xx_hal.o
                0x0000000020000008                uwTickFreq
 *fill*         0x0000000020000009        0x3 
 .data._impure_ptr
                0x000000002000000c        0x4 /home/jin/st/stm32cubeide_1.3.0/plugins/com.st.stm32cube.ide.mcu.externaltools.gnu-tools-for-stm32.7-2018-q2-update.linux64_1.0.0.201904181610/tools/bin/../lib/gcc/arm-none-eabi/7.3.1/../../../../arm-none-eabi/lib/thumb/v7e-m/fpv4-sp/hard/libc_nano.a(lib_a-impure.o)
                0x000000002000000c                _impure_ptr
 .data.impure_data
                0x0000000020000010       0x60 /home/jin/st/stm32cubeide_1.3.0/plugins/com.st.stm32cube.ide.mcu.externaltools.gnu-tools-for-stm32.7-2018-q2-update.linux64_1.0.0.201904181610/tools/bin/../lib/gcc/arm-none-eabi/7.3.1/../../../../arm-none-eabi/lib/thumb/v7e-m/fpv4-sp/hard/libc_nano.a(lib_a-impure.o)
 .data.__global_locale
                0x0000000020000070      0x16c /home/jin/st/stm32cubeide_1.3.0/plugins/com.st.stm32cube.ide.mcu.externaltools.gnu-tools-for-stm32.7-2018-q2-update.linux64_1.0.0.201904181610/tools/bin/../lib/gcc/arm-none-eabi/7.3.1/../../../../arm-none-eabi/lib/thumb/v7e-m/fpv4-sp/hard/libc_nano.a(lib_a-locale.o)
                0x0000000020000070                __global_locale
                0x00000000200001dc                . = ALIGN (0x4)
                0x00000000200001dc                _edata = .

.igot.plt       0x00000000200001dc        0x0 load address 0x0000000008007ea4
 .igot.plt      0x00000000200001dc        0x0 /home/jin/st/stm32cubeide_1.3.0/plugins/com.st.stm32cube.ide.mcu.externaltools.gnu-tools-for-stm32.7-2018-q2-update.linux64_1.0.0.201904181610/tools/bin/../lib/gcc/arm-none-eabi/7.3.1/thumb/v7e-m/fpv4-sp/hard/crtbegin.o
                0x00000000200001dc                . = ALIGN (0x4)

.bss            0x00000000200001e0      0x17c load address 0x0000000008007ea4
                0x00000000200001e0                _sbss = .
                0x00000000200001e0                __bss_start__ = _sbss
 *(.bss)
 .bss           0x00000000200001e0       0x1c /home/jin/st/stm32cubeide_1.3.0/plugins/com.st.stm32cube.ide.mcu.externaltools.gnu-tools-for-stm32.7-2018-q2-update.linux64_1.0.0.201904181610/tools/bin/../lib/gcc/arm-none-eabi/7.3.1/thumb/v7e-m/fpv4-sp/hard/crtbegin.o
 *(.bss*)
 .bss.sequenceNumber
                0x00000000200001fc        0x6 Core/Src/BNO080.o
                0x00000000200001fc                sequenceNumber
 .bss.uart6_rx_flag
                0x0000000020000202        0x1 Core/Src/stm32f4xx_it.o
                0x0000000020000202                uart6_rx_flag
 .bss.uart6_rx_data
                0x0000000020000203        0x1 Core/Src/stm32f4xx_it.o
                0x0000000020000203                uart6_rx_data
 .bss.uart4_rx_flag
                0x0000000020000204        0x1 Core/Src/stm32f4xx_it.o
                0x0000000020000204                uart4_rx_flag
 .bss.uart4_rx_data
                0x0000000020000205        0x1 Core/Src/stm32f4xx_it.o
                0x0000000020000205                uart4_rx_data
 .bss.m8n_rx_cplt_flag
                0x0000000020000206        0x1 Core/Src/stm32f4xx_it.o
                0x0000000020000206                m8n_rx_cplt_flag
 .bss.cnt.10443
                0x0000000020000207        0x1 Core/Src/stm32f4xx_it.o
 .bss.heap_end.6424
                0x0000000020000208        0x4 Core/Src/sysmem.o
 .bss.__malloc_free_list
                0x000000002000020c        0x4 /home/jin/st/stm32cubeide_1.3.0/plugins/com.st.stm32cube.ide.mcu.externaltools.gnu-tools-for-stm32.7-2018-q2-update.linux64_1.0.0.201904181610/tools/bin/../lib/gcc/arm-none-eabi/7.3.1/../../../../arm-none-eabi/lib/thumb/v7e-m/fpv4-sp/hard/libc_nano.a(lib_a-nano-mallocr.o)
                0x000000002000020c                __malloc_free_list
 .bss.__malloc_sbrk_start
                0x0000000020000210        0x4 /home/jin/st/stm32cubeide_1.3.0/plugins/com.st.stm32cube.ide.mcu.externaltools.gnu-tools-for-stm32.7-2018-q2-update.linux64_1.0.0.201904181610/tools/bin/../lib/gcc/arm-none-eabi/7.3.1/../../../../arm-none-eabi/lib/thumb/v7e-m/fpv4-sp/hard/libc_nano.a(lib_a-nano-mallocr.o)
                0x0000000020000210                __malloc_sbrk_start
 *(COMMON)
 COMMON         0x0000000020000214       0xe8 Core/Src/BNO080.o
                0x0000000020000214                rawQuatK
                0x0000000020000218                shtpHeader
                0x000000002000021c                magAccuracy
                0x000000002000021e                rawQuatReal
                0x0000000020000220                timeStamp
                0x0000000020000224                quatAccuracy
                0x0000000020000226                rawLinAccelX
                0x0000000020000228                metaData
                0x000000002000024c                rawGyroZ
                0x000000002000024e                rawGyroY
                0x0000000020000250                rawMagX
                0x0000000020000252                accelLinAccuracy
                0x0000000020000254                rawMagZ
                0x0000000020000256                rawAccelZ
                0x0000000020000258                rawQuatRadianAccuracy
                0x000000002000025c                _activityConfidences
                0x0000000020000260                rawQuatJ
                0x0000000020000262                rawLinAccelZ
                0x0000000020000264                gyroAccuracy
                0x0000000020000266                rawGyroX
                0x0000000020000268                stabilityClassifier
                0x000000002000026c                shtpData
                0x00000000200002ec                rawAccelX
                0x00000000200002ee                activityClassifier
                0x00000000200002ef                calibrationStatus
                0x00000000200002f0                rawLinAccelY
                0x00000000200002f2                rawMagY
                0x00000000200002f4                accelAccuracy
                0x00000000200002f6                rawQuatI
                0x00000000200002f8                rawAccelY
                0x00000000200002fa                stepCount
 *fill*         0x00000000200002fc        0x4 
 COMMON         0x0000000020000300       0x30 Core/Src/M8N.o
                0x0000000020000300                posllh
 COMMON         0x0000000020000330       0x24 Core/Src/stm32f4xx_it.o
                0x0000000020000330                m8n_rx_buf
 COMMON         0x0000000020000354        0x4 Drivers/STM32F4xx_HAL_Driver/Src/stm32f4xx_hal.o
                0x0000000020000354                uwTick
 COMMON         0x0000000020000358        0x4 /home/jin/st/stm32cubeide_1.3.0/plugins/com.st.stm32cube.ide.mcu.externaltools.gnu-tools-for-stm32.7-2018-q2-update.linux64_1.0.0.201904181610/tools/bin/../lib/gcc/arm-none-eabi/7.3.1/../../../../arm-none-eabi/lib/thumb/v7e-m/fpv4-sp/hard/libc_nano.a(lib_a-reent.o)
                0x0000000020000358                errno
                0x000000002000035c                . = ALIGN (0x4)
                0x000000002000035c                _ebss = .
                0x000000002000035c                __bss_end__ = _ebss

._user_heap_stack
                0x000000002000035c      0x604 load address 0x0000000008007ea4
                0x0000000020000360                . = ALIGN (0x8)
 *fill*         0x000000002000035c        0x4 
                0x0000000020000360                PROVIDE (end = .)
                [!provide]                        PROVIDE (_end = .)
                0x0000000020000560                . = (. + _Min_Heap_Size)
 *fill*         0x0000000020000360      0x200 
                0x0000000020000960                . = (. + _Min_Stack_Size)
 *fill*         0x0000000020000560      0x400 
                0x0000000020000960                . = ALIGN (0x8)

/DISCARD/
 libc.a(*)
 libm.a(*)
 libgcc.a(*)

.ARM.attributes
                0x0000000000000000       0x30
 *(.ARM.attributes)
 .ARM.attributes
                0x0000000000000000       0x22 /home/jin/st/stm32cubeide_1.3.0/plugins/com.st.stm32cube.ide.mcu.externaltools.gnu-tools-for-stm32.7-2018-q2-update.linux64_1.0.0.201904181610/tools/bin/../lib/gcc/arm-none-eabi/7.3.1/thumb/v7e-m/fpv4-sp/hard/crti.o
 .ARM.attributes
                0x0000000000000022       0x34 /home/jin/st/stm32cubeide_1.3.0/plugins/com.st.stm32cube.ide.mcu.externaltools.gnu-tools-for-stm32.7-2018-q2-update.linux64_1.0.0.201904181610/tools/bin/../lib/gcc/arm-none-eabi/7.3.1/thumb/v7e-m/fpv4-sp/hard/crtbegin.o
 .ARM.attributes
                0x0000000000000056       0x39 Core/Src/BNO080.o
 .ARM.attributes
                0x000000000000008f       0x39 Core/Src/ICM20602.o
 .ARM.attributes
                0x00000000000000c8       0x39 Core/Src/LPS22HH.o
 .ARM.attributes
                0x0000000000000101       0x39 Core/Src/M8N.o
 .ARM.attributes
                0x000000000000013a       0x39 Core/Src/gpio.o
 .ARM.attributes
                0x0000000000000173       0x39 Core/Src/main.o
 .ARM.attributes
                0x00000000000001ac       0x39 Core/Src/spi.o
 .ARM.attributes
                0x00000000000001e5       0x39 Core/Src/stm32f4xx_hal_msp.o
 .ARM.attributes
                0x000000000000021e       0x39 Core/Src/stm32f4xx_it.o
 .ARM.attributes
                0x0000000000000257       0x39 Core/Src/syscalls.o
 .ARM.attributes
                0x0000000000000290       0x39 Core/Src/sysmem.o
 .ARM.attributes
                0x00000000000002c9       0x39 Core/Src/system_stm32f4xx.o
 .ARM.attributes
                0x0000000000000302       0x39 Core/Src/tim.o
 .ARM.attributes
                0x000000000000033b       0x39 Core/Src/usart.o
 .ARM.attributes
                0x0000000000000374       0x21 Core/Startup/startup_stm32f405rgtx.o
 .ARM.attributes
                0x0000000000000395       0x39 Drivers/STM32F4xx_HAL_Driver/Src/stm32f4xx_hal.o
 .ARM.attributes
                0x00000000000003ce       0x39 Drivers/STM32F4xx_HAL_Driver/Src/stm32f4xx_hal_cortex.o
 .ARM.attributes
                0x0000000000000407       0x39 Drivers/STM32F4xx_HAL_Driver/Src/stm32f4xx_hal_rcc.o
 .ARM.attributes
                0x0000000000000440       0x39 Drivers/STM32F4xx_HAL_Driver/Src/stm32f4xx_ll_gpio.o
 .ARM.attributes
                0x0000000000000479       0x39 Drivers/STM32F4xx_HAL_Driver/Src/stm32f4xx_ll_rcc.o
 .ARM.attributes
                0x00000000000004b2       0x39 Drivers/STM32F4xx_HAL_Driver/Src/stm32f4xx_ll_spi.o
 .ARM.attributes
                0x00000000000004eb       0x39 Drivers/STM32F4xx_HAL_Driver/Src/stm32f4xx_ll_tim.o
 .ARM.attributes
                0x0000000000000524       0x39 Drivers/STM32F4xx_HAL_Driver/Src/stm32f4xx_ll_usart.o
 .ARM.attributes
                0x000000000000055d       0x34 /home/jin/st/stm32cubeide_1.3.0/plugins/com.st.stm32cube.ide.mcu.externaltools.gnu-tools-for-stm32.7-2018-q2-update.linux64_1.0.0.201904181610/tools/bin/../lib/gcc/arm-none-eabi/7.3.1/../../../../arm-none-eabi/lib/thumb/v7e-m/fpv4-sp/hard/libc_nano.a(lib_a-errno.o)
 .ARM.attributes
                0x0000000000000591       0x34 /home/jin/st/stm32cubeide_1.3.0/plugins/com.st.stm32cube.ide.mcu.externaltools.gnu-tools-for-stm32.7-2018-q2-update.linux64_1.0.0.201904181610/tools/bin/../lib/gcc/arm-none-eabi/7.3.1/../../../../arm-none-eabi/lib/thumb/v7e-m/fpv4-sp/hard/libc_nano.a(lib_a-impure.o)
 .ARM.attributes
                0x00000000000005c5       0x34 /home/jin/st/stm32cubeide_1.3.0/plugins/com.st.stm32cube.ide.mcu.externaltools.gnu-tools-for-stm32.7-2018-q2-update.linux64_1.0.0.201904181610/tools/bin/../lib/gcc/arm-none-eabi/7.3.1/../../../../arm-none-eabi/lib/thumb/v7e-m/fpv4-sp/hard/libc_nano.a(lib_a-init.o)
 .ARM.attributes
                0x00000000000005f9       0x34 /home/jin/st/stm32cubeide_1.3.0/plugins/com.st.stm32cube.ide.mcu.externaltools.gnu-tools-for-stm32.7-2018-q2-update.linux64_1.0.0.201904181610/tools/bin/../lib/gcc/arm-none-eabi/7.3.1/../../../../arm-none-eabi/lib/thumb/v7e-m/fpv4-sp/hard/libc_nano.a(lib_a-memset.o)
 .ARM.attributes
                0x000000000000062d       0x34 /home/jin/st/stm32cubeide_1.3.0/plugins/com.st.stm32cube.ide.mcu.externaltools.gnu-tools-for-stm32.7-2018-q2-update.linux64_1.0.0.201904181610/tools/bin/../lib/gcc/arm-none-eabi/7.3.1/../../../../arm-none-eabi/lib/thumb/v7e-m/fpv4-sp/hard/libc_nano.a(lib_a-nano-vfprintf_float.o)
 .ARM.attributes
                0x0000000000000661       0x34 /home/jin/st/stm32cubeide_1.3.0/plugins/com.st.stm32cube.ide.mcu.externaltools.gnu-tools-for-stm32.7-2018-q2-update.linux64_1.0.0.201904181610/tools/bin/../lib/gcc/arm-none-eabi/7.3.1/../../../../arm-none-eabi/lib/thumb/v7e-m/fpv4-sp/hard/libc_nano.a(lib_a-nano-vfprintf_i.o)
 .ARM.attributes
                0x0000000000000695       0x34 /home/jin/st/stm32cubeide_1.3.0/plugins/com.st.stm32cube.ide.mcu.externaltools.gnu-tools-for-stm32.7-2018-q2-update.linux64_1.0.0.201904181610/tools/bin/../lib/gcc/arm-none-eabi/7.3.1/../../../../arm-none-eabi/lib/thumb/v7e-m/fpv4-sp/hard/libc_nano.a(lib_a-printf.o)
 .ARM.attributes
                0x00000000000006c9       0x34 /home/jin/st/stm32cubeide_1.3.0/plugins/com.st.stm32cube.ide.mcu.externaltools.gnu-tools-for-stm32.7-2018-q2-update.linux64_1.0.0.201904181610/tools/bin/../lib/gcc/arm-none-eabi/7.3.1/../../../../arm-none-eabi/lib/thumb/v7e-m/fpv4-sp/hard/libc_nano.a(lib_a-puts.o)
 .ARM.attributes
                0x00000000000006fd       0x1b /home/jin/st/stm32cubeide_1.3.0/plugins/com.st.stm32cube.ide.mcu.externaltools.gnu-tools-for-stm32.7-2018-q2-update.linux64_1.0.0.201904181610/tools/bin/../lib/gcc/arm-none-eabi/7.3.1/../../../../arm-none-eabi/lib/thumb/v7e-m/fpv4-sp/hard/libc_nano.a(lib_a-strlen.o)
 .ARM.attributes
                0x0000000000000718       0x34 /home/jin/st/stm32cubeide_1.3.0/plugins/com.st.stm32cube.ide.mcu.externaltools.gnu-tools-for-stm32.7-2018-q2-update.linux64_1.0.0.201904181610/tools/bin/../lib/gcc/arm-none-eabi/7.3.1/../../../../arm-none-eabi/lib/thumb/v7e-m/fpv4-sp/hard/libc_nano.a(lib_a-wbuf.o)
 .ARM.attributes
                0x000000000000074c       0x34 /home/jin/st/stm32cubeide_1.3.0/plugins/com.st.stm32cube.ide.mcu.externaltools.gnu-tools-for-stm32.7-2018-q2-update.linux64_1.0.0.201904181610/tools/bin/../lib/gcc/arm-none-eabi/7.3.1/../../../../arm-none-eabi/lib/thumb/v7e-m/fpv4-sp/hard/libc_nano.a(lib_a-wsetup.o)
 .ARM.attributes
                0x0000000000000780       0x34 /home/jin/st/stm32cubeide_1.3.0/plugins/com.st.stm32cube.ide.mcu.externaltools.gnu-tools-for-stm32.7-2018-q2-update.linux64_1.0.0.201904181610/tools/bin/../lib/gcc/arm-none-eabi/7.3.1/../../../../arm-none-eabi/lib/thumb/v7e-m/fpv4-sp/hard/libc_nano.a(lib_a-dtoa.o)
 .ARM.attributes
                0x00000000000007b4       0x34 /home/jin/st/stm32cubeide_1.3.0/plugins/com.st.stm32cube.ide.mcu.externaltools.gnu-tools-for-stm32.7-2018-q2-update.linux64_1.0.0.201904181610/tools/bin/../lib/gcc/arm-none-eabi/7.3.1/../../../../arm-none-eabi/lib/thumb/v7e-m/fpv4-sp/hard/libc_nano.a(lib_a-fflush.o)
 .ARM.attributes
                0x00000000000007e8       0x34 /home/jin/st/stm32cubeide_1.3.0/plugins/com.st.stm32cube.ide.mcu.externaltools.gnu-tools-for-stm32.7-2018-q2-update.linux64_1.0.0.201904181610/tools/bin/../lib/gcc/arm-none-eabi/7.3.1/../../../../arm-none-eabi/lib/thumb/v7e-m/fpv4-sp/hard/libc_nano.a(lib_a-findfp.o)
 .ARM.attributes