stm32f4xx_ll_tim.h:1051:22:LL_TIM_EnableCounter	16	static
stm32f4xx_ll_tim.h:1525:22:LL_TIM_CC_EnableChannel	16	static
stm32f4xx_ll_tim.h:1550:22:LL_TIM_CC_DisableChannel	16	static
stm32f4xx_ll_tim.h:3334:22:LL_TIM_EnableIT_UPDATE	16	static
stm32f4xx_ll_usart.h:1813:26:LL_USART_IsActiveFlag_TXE	16	static
stm32f4xx_ll_usart.h:2034:22:LL_USART_EnableIT_RXNE	16	static
stm32f4xx_ll_usart.h:2425:22:LL_USART_TransmitData8	16	static
stm32f4xx_ll_gpio.h:882:22:LL_GPIO_SetOutputPin	16	static
stm32f4xx_ll_gpio.h:911:22:LL_GPIO_ResetOutputPin	16	static
stm32f4xx_ll_gpio.h:940:22:LL_GPIO_TogglePin	16	static
main.c:46:5:_write	32	static
main.c:126:5:main	88	static
main.c:589:6:SystemClock_Config	88	static
main.c:628:5:Is_iBus_Throttle_Min	8	static
main.c:640:6:ESC_Calibration	8	static
main.c:653:5:Is_iBus_Received	8	static
main.c:665:6:BNO080_Calibration	96	static
main.c:788:6:HAL_UART_RxCpltCallback	16	static
main.c:826:6:Encode_Msg_AHRS	24	static
main.c:867:6:Encode_Msg_GPS	32	static
main.c:909:6:Encode_Msg_PID_Gain	40	static
main.c:943:6:Error_Handler	4	static
