stm32f4xx_ll_tim.h:3063:22:LL_TIM_ClearFlag_UPDATE	16	static
stm32f4xx_ll_tim.h:3074:26:LL_TIM_IsActiveFlag_UPDATE	16	static
stm32f4xx_ll_usart.h:1791:26:LL_USART_IsActiveFlag_RXNE	16	static
stm32f4xx_ll_usart.h:1978:22:LL_USART_ClearFlag_RXNE	16	static
stm32f4xx_ll_usart.h:2402:25:LL_USART_ReceiveData8	16	static
stm32f4xx_it.c:90:6:NMI_Handler	4	static
stm32f4xx_it.c:103:6:HardFault_Handler	4	static
stm32f4xx_it.c:118:6:MemManage_Handler	4	static
stm32f4xx_it.c:133:6:BusFault_Handler	4	static
stm32f4xx_it.c:148:6:UsageFault_Handler	4	static
stm32f4xx_it.c:163:6:SVC_Handler	4	static
stm32f4xx_it.c:176:6:DebugMon_Handler	4	static
stm32f4xx_it.c:189:6:PendSV_Handler	4	static
stm32f4xx_it.c:202:6:SysTick_Handler	8	static
stm32f4xx_it.c:223:6:USART1_IRQHandler	8	static
stm32f4xx_it.c:237:6:UART4_IRQHandler	8	static
stm32f4xx_it.c:292:6:UART5_IRQHandler	8	static
stm32f4xx_it.c:340:6:TIM7_IRQHandler	8	static
stm32f4xx_it.c:373:6:DMA2_Stream0_IRQHandler	8	static
stm32f4xx_it.c:387:6:USART6_IRQHandler	8	static
