Archive member included to satisfy reference by file (symbol)

/home/jin/st/stm32cubeide_1.3.0/plugins/com.st.stm32cube.ide.mcu.externaltools.gnu-tools-for-stm32.7-2018-q2-update.linux64_1.0.0.201904181610/tools/bin/../lib/gcc/arm-none-eabi/7.3.1/../../../../arm-none-eabi/lib/thumb/v7e-m/fpv4-sp/hard/libc_nano.a(lib_a-errno.o)
                              Core/Src/syscalls.o (__errno)
/home/jin/st/stm32cubeide_1.3.0/plugins/com.st.stm32cube.ide.mcu.externaltools.gnu-tools-for-stm32.7-2018-q2-update.linux64_1.0.0.201904181610/tools/bin/../lib/gcc/arm-none-eabi/7.3.1/../../../../arm-none-eabi/lib/thumb/v7e-m/fpv4-sp/hard/libc_nano.a(lib_a-exit.o)
                              /home/jin/st/stm32cubeide_1.3.0/plugins/com.st.stm32cube.ide.mcu.externaltools.gnu-tools-for-stm32.7-2018-q2-update.linux64_1.0.0.201904181610/tools/bin/../lib/gcc/arm-none-eabi/7.3.1/../../../../arm-none-eabi/lib/thumb/v7e-m/fpv4-sp/hard/crt0.o (exit)
/home/jin/st/stm32cubeide_1.3.0/plugins/com.st.stm32cube.ide.mcu.externaltools.gnu-tools-for-stm32.7-2018-q2-update.linux64_1.0.0.201904181610/tools/bin/../lib/gcc/arm-none-eabi/7.3.1/../../../../arm-none-eabi/lib/thumb/v7e-m/fpv4-sp/hard/libc_nano.a(lib_a-impure.o)
                              /home/jin/st/stm32cubeide_1.3.0/plugins/com.st.stm32cube.ide.mcu.externaltools.gnu-tools-for-stm32.7-2018-q2-update.linux64_1.0.0.201904181610/tools/bin/../lib/gcc/arm-none-eabi/7.3.1/../../../../arm-none-eabi/lib/thumb/v7e-m/fpv4-sp/hard/libc_nano.a(lib_a-exit.o) (_global_impure_ptr)
/home/jin/st/stm32cubeide_1.3.0/plugins/com.st.stm32cube.ide.mcu.externaltools.gnu-tools-for-stm32.7-2018-q2-update.linux64_1.0.0.201904181610/tools/bin/../lib/gcc/arm-none-eabi/7.3.1/../../../../arm-none-eabi/lib/thumb/v7e-m/fpv4-sp/hard/libc_nano.a(lib_a-init.o)
                              /home/jin/st/stm32cubeide_1.3.0/plugins/com.st.stm32cube.ide.mcu.externaltools.gnu-tools-for-stm32.7-2018-q2-update.linux64_1.0.0.201904181610/tools/bin/../lib/gcc/arm-none-eabi/7.3.1/../../../../arm-none-eabi/lib/thumb/v7e-m/fpv4-sp/hard/crt0.o (__libc_init_array)
/home/jin/st/stm32cubeide_1.3.0/plugins/com.st.stm32cube.ide.mcu.externaltools.gnu-tools-for-stm32.7-2018-q2-update.linux64_1.0.0.201904181610/tools/bin/../lib/gcc/arm-none-eabi/7.3.1/../../../../arm-none-eabi/lib/thumb/v7e-m/fpv4-sp/hard/libc_nano.a(lib_a-memset.o)
                              /home/jin/st/stm32cubeide_1.3.0/plugins/com.st.stm32cube.ide.mcu.externaltools.gnu-tools-for-stm32.7-2018-q2-update.linux64_1.0.0.201904181610/tools/bin/../lib/gcc/arm-none-eabi/7.3.1/../../../../arm-none-eabi/lib/thumb/v7e-m/fpv4-sp/hard/crt0.o (memset)
/home/jin/st/stm32cubeide_1.3.0/plugins/com.st.stm32cube.ide.mcu.externaltools.gnu-tools-for-stm32.7-2018-q2-update.linux64_1.0.0.201904181610/tools/bin/../lib/gcc/arm-none-eabi/7.3.1/../../../../arm-none-eabi/lib/thumb/v7e-m/fpv4-sp/hard/libc_nano.a(lib_a-nano-vfprintf_float.o)
                              (_printf_float)
/home/jin/st/stm32cubeide_1.3.0/plugins/com.st.stm32cube.ide.mcu.externaltools.gnu-tools-for-stm32.7-2018-q2-update.linux64_1.0.0.201904181610/tools/bin/../lib/gcc/arm-none-eabi/7.3.1/../../../../arm-none-eabi/lib/thumb/v7e-m/fpv4-sp/hard/libc_nano.a(lib_a-nano-vfprintf_i.o)
                              /home/jin/st/stm32cubeide_1.3.0/plugins/com.st.stm32cube.ide.mcu.externaltools.gnu-tools-for-stm32.7-2018-q2-update.linux64_1.0.0.201904181610/tools/bin/../lib/gcc/arm-none-eabi/7.3.1/../../../../arm-none-eabi/lib/thumb/v7e-m/fpv4-sp/hard/libc_nano.a(lib_a-nano-vfprintf_float.o) (_printf_common)
/home/jin/st/stm32cubeide_1.3.0/plugins/com.st.stm32cube.ide.mcu.externaltools.gnu-tools-for-stm32.7-2018-q2-update.linux64_1.0.0.201904181610/tools/bin/../lib/gcc/arm-none-eabi/7.3.1/../../../../arm-none-eabi/lib/thumb/v7e-m/fpv4-sp/hard/libc_nano.a(lib_a-printf.o)
                              Core/Src/BNO080.o (printf)
/home/jin/st/stm32cubeide_1.3.0/plugins/com.st.stm32cube.ide.mcu.externaltools.gnu-tools-for-stm32.7-2018-q2-update.linux64_1.0.0.201904181610/tools/bin/../lib/gcc/arm-none-eabi/7.3.1/../../../../arm-none-eabi/lib/thumb/v7e-m/fpv4-sp/hard/libc_nano.a(lib_a-puts.o)
                              Core/Src/BNO080.o (puts)
/home/jin/st/stm32cubeide_1.3.0/plugins/com.st.stm32cube.ide.mcu.externaltools.gnu-tools-for-stm32.7-2018-q2-update.linux64_1.0.0.201904181610/tools/bin/../lib/gcc/arm-none-eabi/7.3.1/../../../../arm-none-eabi/lib/thumb/v7e-m/fpv4-sp/hard/libc_nano.a(lib_a-strlen.o)
                              /home/jin/st/stm32cubeide_1.3.0/plugins/com.st.stm32cube.ide.mcu.externaltools.gnu-tools-for-stm32.7-2018-q2-update.linux64_1.0.0.201904181610/tools/bin/../lib/gcc/arm-none-eabi/7.3.1/../../../../arm-none-eabi/lib/thumb/v7e-m/fpv4-sp/hard/libc_nano.a(lib_a-nano-vfprintf_float.o) (strlen)
[...]
Memory Configuration

Name             Origin             Length             Attributes
CCMRAM           0x0000000010000000 0x0000000000010000 xrw
RAM              0x0000000020000000 0x0000000000020000 xrw
FLASH            0x0000000008000000 0x0000000000100000 xr
*default*        0x0000000000000000 0xffffffffffffffff

Linker script and memory map

LOAD /home/jin/st/stm32cubeide_1.3.0/plugins/com.st.stm32cube.ide.mcu.externaltools.gnu-tools-for-stm32.7-2018-q2-update.linux64_1.0.0.201904181610/tools/bin/../lib/gcc/arm-none-eabi/7.3.1/thumb/v7e-m/fpv4-sp/hard/crti.o
LOAD /home/jin/st/stm32cubeide_1.3.0/plugins/com.st.stm32cube.ide.mcu.externaltools.gnu-tools-for-stm32.7-2018-q2-update.linux64_1.0.0.201904181610/tools/bin/../lib/gcc/arm-none-eabi/7.3.1/thumb/v7e-m/fpv4-sp/hard/crtbegin.o
LOAD /home/jin/st/stm32cubeide_1.3.0/plugins/com.st.stm32cube.ide.mcu.externaltools.gnu-tools-for-stm32.7-2018-q2-update.linux64_1.0.0.201904181610/tools/bin/../lib/gcc/arm-none-eabi/7.3.1/../../../../arm-none-eabi/lib/thumb/v7e-m/fpv4-sp/hard/crt0.o
LOAD Core/Src/AT24C08.o
LOAD Core/Src/BNO080.o
LOAD Core/Src/FS_iA6B.o
LOAD Core/Src/ICM20602.o
LOAD Core/Src/LPS22HH.o
LOAD Core/Src/M8N.o
LOAD Core/Src/Quaternion.o
LOAD Core/Src/adc.o
LOAD Core/Src/dma.o
LOAD Core/Src/gpio.o
LOAD Core/Src/i2c.o
LOAD Core/Src/main.o
LOAD Core/Src/spi.o
LOAD Core/Src/stm32f4xx_hal_msp.o
LOAD Core/Src/stm32f4xx_it.o
LOAD Core/Src/syscalls.o
LOAD Core/Src/sysmem.o
LOAD Core/Src/system_stm32f4xx.o
LOAD Core/Src/tim.o
LOAD Core/Src/usart.o
LOAD Core/Startup/startup_stm32f405rgtx.o
LOAD Drivers/STM32F4xx_HAL_Driver/Src/stm32f4xx_hal.o
LOAD Drivers/STM32F4xx_HAL_Driver/Src/stm32f4xx_hal_adc.o
LOAD Drivers/STM32F4xx_HAL_Driver/Src/stm32f4xx_hal_adc_ex.o
LOAD Drivers/STM32F4xx_HAL_Driver/Src/stm32f4xx_hal_cortex.o
LOAD Drivers/STM32F4xx_HAL_Driver/Src/stm32f4xx_hal_dma.o
LOAD Drivers/STM32F4xx_HAL_Driver/Src/stm32f4xx_hal_dma_ex.o
LOAD Drivers/STM32F4xx_HAL_Driver/Src/stm32f4xx_hal_exti.o
LOAD Drivers/STM32F4xx_HAL_Driver/Src/stm32f4xx_hal_flash.o
LOAD Drivers/STM32F4xx_HAL_Driver/Src/stm32f4xx_hal_flash_ex.o
LOAD Drivers/STM32F4xx_HAL_Driver/Src/stm32f4xx_hal_flash_ramfunc.o
LOAD Drivers/STM32F4xx_HAL_Driver/Src/stm32f4xx_hal_gpio.o
LOAD Drivers/STM32F4xx_HAL_Driver/Src/stm32f4xx_hal_i2c.o
LOAD Drivers/STM32F4xx_HAL_Driver/Src/stm32f4xx_hal_i2c_ex.o
LOAD Drivers/STM32F4xx_HAL_Driver/Src/stm32f4xx_hal_pwr.o
LOAD Drivers/STM32F4xx_HAL_Driver/Src/stm32f4xx_hal_pwr_ex.o
LOAD Drivers/STM32F4xx_HAL_Driver/Src/stm32f4xx_hal_rcc.o
LOAD Drivers/STM32F4xx_HAL_Driver/Src/stm32f4xx_hal_rcc_ex.o
LOAD Drivers/STM32F4xx_HAL_Driver/Src/stm32f4xx_hal_tim.o
LOAD Drivers/STM32F4xx_HAL_Driver/Src/stm32f4xx_hal_tim_ex.o
LOAD Drivers/STM32F4xx_HAL_Driver/Src/stm32f4xx_hal_uart.o
LOAD Drivers/STM32F4xx_HAL_Driver/Src/stm32f4xx_ll_dma.o
LOAD Drivers/STM32F4xx_HAL_Driver/Src/stm32f4xx_ll_exti.o
LOAD Drivers/STM32F4xx_HAL_Driver/Src/stm32f4xx_ll_gpio.o
LOAD Drivers/STM32F4xx_HAL_Driver/Src/stm32f4xx_ll_rcc.o
LOAD Drivers/STM32F4xx_HAL_Driver/Src/stm32f4xx_ll_spi.o
LOAD Drivers/STM32F4xx_HAL_Driver/Src/stm32f4xx_ll_tim.o
LOAD Drivers/STM32F4xx_HAL_Driver/Src/stm32f4xx_ll_usart.o
LOAD Drivers/STM32F4xx_HAL_Driver/Src/stm32f4xx_ll_utils.o
START GROUP
LOAD /home/jin/st/stm32cubeide_1.3.0/plugins/com.st.stm32cube.ide.mcu.externaltools.gnu-tools-for-stm32.7-2018-q2-update.linux64_1.0.0.201904181610/tools/bin/../lib/gcc/arm-none-eabi/7.3.1/../../../../arm-none-eabi/lib/thumb/v7e-m/fpv4-sp/hard/libc_nano.a
LOAD /home/jin/st/stm32cubeide_1.3.0/plugins/com.st.stm32cube.ide.mcu.externaltools.gnu-tools-for-stm32.7-2018-q2-update.linux64_1.0.0.201904181610/tools/bin/../lib/gcc/arm-none-eabi/7.3.1/../../../../arm-none-eabi/lib/thumb/v7e-m/fpv4-sp/hard/libm.a
END GROUP
START GROUP
LOAD /home/jin/st/stm32cubeide_1.3.0/plugins/com.st.stm32cube.ide.mcu.externaltools.gnu-tools-for-stm32.7-2018-q2-update.linux64_1.0.0.201904181610/tools/bin/../lib/gcc/arm-none-eabi/7.3.1/thumb/v7e-m/fpv4-sp/hard/libgcc.a
LOAD /home/jin/st/stm32cubeide_1.3.0/plugins/com.st.stm32cube.ide.mcu.externaltools.gnu-tools-for-stm32.7-2018-q2-update.linux64_1.0.0.201904181610/tools/bin/../lib/gcc/arm-none-eabi/7.3.1/../../../../arm-none-eabi/lib/thumb/v7e-m/fpv4-sp/hard/libc_nano.a
END GROUP
START GROUP
LOAD /home/jin/st/stm32cubeide_1.3.0/plugins/com.st.stm32cube.ide.mcu.externaltools.gnu-tools-for-stm32.7-2018-q2-update.linux64_1.0.0.201904181610/tools/bin/../lib/gcc/arm-none-eabi/7.3.1/thumb/v7e-m/fpv4-sp/hard/libgcc.a
LOAD /home/jin/st/stm32cubeide_1.3.0/plugins/com.st.stm32cube.ide.mcu.externaltools.gnu-tools-for-stm32.7-2018-q2-update.linux64_1.0.0.201904181610/tools/bin/../lib/gcc/arm-none-eabi/7.3.1/../../../../arm-none-eabi/lib/thumb/v7e-m/fpv4-sp/hard/libc_nano.a
LOAD /home/jin/st/stm32cubeide_1.3.0/plugins/com.st.stm32cube.ide.mcu.externaltools.gnu-tools-for-stm32.7-2018-q2-update.linux64_1.0.0.201904181610/tools/bin/../lib/gcc/arm-none-eabi/7.3.1/../../../../arm-none-eabi/lib/thumb/v7e-m/fpv4-sp/hard/libnosys.a
END GROUP
START GROUP
LOAD /home/jin/st/stm32cubeide_1.3.0/plugins/com.st.stm32cube.ide.mcu.externaltools.gnu-tools-for-stm32.7-2018-q2-update.linux64_1.0.0.201904181610/tools/bin/../lib/gcc/arm-none-eabi/7.3.1/thumb/v7e-m/fpv4-sp/hard/libgcc.a
LOAD /home/jin/st/stm32cubeide_1.3.0/plugins/com.st.stm32cube.ide.mcu.externaltools.gnu-tools-for-stm32.7-2018-q2-update.linux64_1.0.0.201904181610/tools/bin/../lib/gcc/arm-none-eabi/7.3.1/../../../../arm-none-eabi/lib/thumb/v7e-m/fpv4-sp/hard/libc_nano.a
LOAD /home/jin/st/stm32cubeide_1.3.0/plugins/com.st.stm32cube.ide.mcu.externaltools.gnu-tools-for-stm32.7-2018-q2-update.linux64_1.0.0.201904181610/tools/bin/../lib/gcc/arm-none-eabi/7.3.1/../../../../arm-none-eabi/lib/thumb/v7e-m/fpv4-sp/hard/libnosys.a
END GROUP
LOAD /home/jin/st/stm32cubeide_1.3.0/plugins/com.st.stm32cube.ide.mcu.externaltools.gnu-tools-for-stm32.7-2018-q2-update.linux64_1.0.0.201904181610/tools/bin/../lib/gcc/arm-none-eabi/7.3.1/thumb/v7e-m/fpv4-sp/hard/crtend.o
LOAD /home/jin/st/stm32cubeide_1.3.0/plugins/com.st.stm32cube.ide.mcu.externaltools.gnu-tools-for-stm32.7-2018-q2-update.linux64_1.0.0.201904181610/tools/bin/../lib/gcc/arm-none-eabi/7.3.1/thumb/v7e-m/fpv4-sp/hard/crtn.o
                0x0000000020020000                _estack = (ORIGIN (RAM) + LENGTH (RAM))
                0x0000000000000200                _Min_Heap_Size = 0x200
                0x0000000000000400                _Min_Stack_Size = 0x400

.isr_vector     0x0000000008000000      0x188
                0x0000000008000000                . = ALIGN (0x4)
 *(.isr_vector)
 .isr_vector    0x0000000008000000      0x188 Core/Startup/startup_stm32f405rgtx.o
                0x0000000008000000                g_pfnVectors
                0x0000000008000188                . = ALIGN (0x4)

.text           0x0000000008000190     0xed3c
                0x0000000008000190                . = ALIGN (0x4)
 *(.text)
 .text          0x0000000008000190       0x40 /home/jin/st/stm32cubeide_1.3.0/plugins/com.st.stm32cube.ide.mcu.externaltools.gnu-tools-for-stm32.7-2018-q2-update.linux64_1.0.0.201904181610/tools/bin/../lib/gcc/arm-none-eabi/7.3.1/thumb/v7e-m/fpv4-sp/hard/crtbegin.o
 .text          0x00000000080001d0       0x10 /home/jin/st/stm32cubeide_1.3.0/plugins/com.st.stm32cube.ide.mcu.externaltools.gnu-tools-for-stm32.7-2018-q2-update.linux64_1.0.0.201904181610/tools/bin/../lib/gcc/arm-none-eabi/7.3.1/../../../../arm-none-eabi/lib/thumb/v7e-m/fpv4-sp/hard/libc_nano.a(lib_a-strlen.o)
                0x00000000080001d0                strlen
 .text          0x00000000080001e0       0xa0 /home/jin/st/stm32cubeide_1.3.0/plugins/com.st.stm32cube.ide.mcu.externaltools.gnu-tools-for-stm32.7-2018-q2-update.linux64_1.0.0.201904181610/tools/bin/../lib/gcc/arm-none-eabi/7.3.1/../../../../arm-none-eabi/lib/thumb/v7e-m/fpv4-sp/hard/libc_nano.a(lib_a-memchr.o)
                0x00000000080001e0                memchr
 .text          0x0000000008000280      0x378 /home/jin/st/stm32cubeide_1.3.0/plugins/com.st.stm32cube.ide.mcu.externaltools.gnu-tools-for-stm32.7-2018-q2-update.linux64_1.0.0.201904181610/tools/bin/../lib/gcc/arm-none-eabi/7.3.1/thumb/v7e-m/fpv4-sp/hard/libgcc.a(_arm_addsubdf3.o)
                0x0000000008000280                __aeabi_drsub
                0x0000000008000288                __aeabi_dsub
                0x0000000008000288                __subdf3
                0x000000000800028c                __adddf3
                0x000000000800028c                __aeabi_dadd
                0x0000000008000504                __aeabi_ui2d
                0x0000000008000504                __floatunsidf
                0x0000000008000524                __floatsidf
                0x0000000008000524                __aeabi_i2d
                0x0000000008000548                __extendsfdf2
                0x0000000008000548                __aeabi_f2d
                0x000000000800058c                __aeabi_ul2d
                0x000000000800058c                __floatundidf
                0x000000000800059c                __floatdidf
                0x000000000800059c                __aeabi_l2d
 .text          0x00000000080005f8      0x424 /home/jin/st/stm32cubeide_1.3.0/plugins/com.st.stm32cube.ide.mcu.externaltools.gnu-tools-for-stm32.7-2018-q2-update.linux64_1.0.0.201904181610/tools/bin/../lib/gcc/arm-none-eabi/7.3.1/thumb/v7e-m/fpv4-sp/hard/libgcc.a(_arm_muldivdf3.o)
                0x00000000080005f8                __aeabi_dmul
                0x00000000080005f8                __muldf3
                0x000000000800084c                __aeabi_ddiv
                0x000000000800084c                __divdf3
 .text          0x0000000008000a1c      0x110 /home/jin/st/stm32cubeide_1.3.0/plugins/com.st.stm32cube.ide.mcu.externaltools.gnu-tools-for-stm32.7-2018-q2-update.linux64_1.0.0.201904181610/tools/bin/../lib/gcc/arm-none-eabi/7.3.1/thumb/v7e-m/fpv4-sp/hard/libgcc.a(_arm_cmpdf2.o)
                0x0000000008000a1c                __gtdf2
                0x0000000008000a1c                __gedf2
                0x0000000008000a24                __ltdf2
                0x0000000008000a24                __ledf2
                0x0000000008000a2c                __cmpdf2
                0x0000000008000a2c                __eqdf2
                0x0000000008000a2c                __nedf2
                0x0000000008000aa8                __aeabi_cdrcmple
                0x0000000008000ab8                __aeabi_cdcmple
                0x0000000008000ab8                __aeabi_cdcmpeq
                0x0000000008000ac8                __aeabi_dcmpeq
                0x0000000008000adc                __aeabi_dcmplt
                0x0000000008000af0                __aeabi_dcmple
                0x0000000008000b04                __aeabi_dcmpge
                0x0000000008000b18                __aeabi_dcmpgt
 .text          0x0000000008000b2c       0x2c /home/jin/st/stm32cubeide_1.3.0/plugins/com.st.stm32cube.ide.mcu.externaltools.gnu-tools-for-stm32.7-2018-q2-update.linux64_1.0.0.201904181610/tools/bin/../lib/gcc/arm-none-eabi/7.3.1/thumb/v7e-m/fpv4-sp/hard/libgcc.a(_arm_unorddf2.o)
                0x0000000008000b2c                __aeabi_dcmpun
                0x0000000008000b2c                __unorddf2
 .text          0x0000000008000b58       0x50 /home/jin/st/stm32cubeide_1.3.0/plugins/com.st.stm32cube.ide.mcu.externaltools.gnu-tools-for-stm32.7-2018-q2-update.linux64_1.0.0.201904181610/tools/bin/../lib/gcc/arm-none-eabi/7.3.1/thumb/v7e-m/fpv4-sp/hard/libgcc.a(_arm_fixdfsi.o)
                0x0000000008000b58                __fixdfsi
                0x0000000008000b58                __aeabi_d2iz
 .text          0x0000000008000ba8       0xa0 /home/jin/st/stm32cubeide_1.3.0/plugins/com.st.stm32cube.ide.mcu.externaltools.gnu-tools-for-stm32.7-2018-q2-update.linux64_1.0.0.201904181610/tools/bin/../lib/gcc/arm-none-eabi/7.3.1/thumb/v7e-m/fpv4-sp/hard/libgcc.a(_arm_truncdfsf2.o)
                0x0000000008000ba8                __aeabi_d2f
                0x0000000008000ba8                __truncdfsf2
 .text          0x0000000008000c48       0x30 /home/jin/st/stm32cubeide_1.3.0/plugins/com.st.stm32cube.ide.mcu.externaltools.gnu-tools-for-stm32.7-2018-q2-update.linux64_1.0.0.201904181610/tools/bin/../lib/gcc/arm-none-eabi/7.3.1/thumb/v7e-m/fpv4-sp/hard/libgcc.a(_aeabi_uldivmod.o)
                0x0000000008000c48                __aeabi_uldivmod
 .text          0x0000000008000c78      0x2cc /home/jin/st/stm32cubeide_1.3.0/plugins/com.st.stm32cube.ide.mcu.externaltools.gnu-tools-for-stm32.7-2018-q2-update.linux64_1.0.0.201904181610/tools/bin/../lib/gcc/arm-none-eabi/7.3.1/thumb/v7e-m/fpv4-sp/hard/libgcc.a(_udivmoddi4.o)
                0x0000000008000c78                __udivmoddi4
 .text          0x0000000008000f44        0x4 /home/jin/st/stm32cubeide_1.3.0/plugins/com.st.stm32cube.ide.mcu.externaltools.gnu-tools-for-stm32.7-2018-q2-update.linux64_1.0.0.201904181610/tools/bin/../lib/gcc/arm-none-eabi/7.3.1/thumb/v7e-m/fpv4-sp/hard/libgcc.a(_dvmd_tls.o)
                0x0000000008000f44                __aeabi_ldiv0
                0x0000000008000f44                __aeabi_idiv0
 *(.text*)
 .text.LL_GPIO_SetOutputPin
                0x0000000008000f48       0x1c Core/Src/AT24C08.o
 .text.LL_GPIO_ResetOutputPin
                0x0000000008000f64       0x1e Core/Src/AT24C08.o
 *fill*         0x0000000008000f82        0x2 
 .text.AT24C08_Page_Write
                0x0000000008000f84       0x70 Core/Src/AT24C08.o
                0x0000000008000f84                AT24C08_Page_Write
 .text.AT24C08_Page_Read
                0x0000000008000ff4       0x50 Core/Src/AT24C08.o
                0x0000000008000ff4                AT24C08_Page_Read
 .text.EP_PIDGain_Write
                0x0000000008001044       0xb6 Core/Src/AT24C08.o
                0x0000000008001044                EP_PIDGain_Write
 .text.EP_PIDGain_Read
                0x00000000080010fa       0xc0 Core/Src/AT24C08.o
                0x00000000080010fa                EP_PIDGain_Read
 .text.LL_SPI_Enable
                0x00000000080011ba       0x20 Core/Src/BNO080.o
 .text.LL_SPI_SetStandard
                0x00000000080011da       0x26 Core/Src/BNO080.o
 .text.LL_SPI_IsActiveFlag_RXNE
                0x0000000008001200       0x26 Core/Src/BNO080.o
 .text.LL_SPI_IsActiveFlag_TXE
                0x0000000008001226       0x26 Core/Src/BNO080.o
 .text.LL_SPI_ReceiveData8
                0x000000000800124c       0x1a Core/Src/BNO080.o
 .text.LL_SPI_TransmitData8
                0x0000000008001266       0x24 Core/Src/BNO080.o
 .text.LL_GPIO_IsInputPinSet
                0x000000000800128a       0x2a Core/Src/BNO080.o
 .text.LL_GPIO_SetOutputPin
                0x00000000080012b4       0x1c Core/Src/BNO080.o
 .text.LL_GPIO_ResetOutputPin
                0x00000000080012d0       0x1e Core/Src/BNO080.o
 *fill*         0x00000000080012ee        0x2 
 .text.LL_AHB1_GRP1_EnableClock
                0x00000000080012f0       0x30 Core/Src/BNO080.o
 .text.LL_APB1_GRP1_EnableClock
                0x0000000008001320       0x30 Core/Src/BNO080.o
 .text.BNO080_GPIO_SPI_Initialization
                0x0000000008001350      0x174 Core/Src/BNO080.o
                0x0000000008001350                BNO080_GPIO_SPI_Initialization
 .text.BNO080_Initialization
                0x00000000080014c4       0xe8 Core/Src/BNO080.o
                0x00000000080014c4                BNO080_Initialization
 .text.SPI2_SendByte
                0x00000000080015ac       0x44 Core/Src/BNO080.o
                0x00000000080015ac                SPI2_SendByte
 .text.BNO080_dataAvailable
                0x00000000080015f0       0x5c Core/Src/BNO080.o
                0x00000000080015f0                BNO080_dataAvailable
 .text.BNO080_parseCommandReport
                0x000000000800164c       0x38 Core/Src/BNO080.o
                0x000000000800164c                BNO080_parseCommandReport
 .text.BNO080_parseInputReport
                0x0000000008001684      0x284 Core/Src/BNO080.o
                0x0000000008001684                BNO080_parseInputReport
 .text.BNO080_getQuatI
                0x0000000008001908       0x2c Core/Src/BNO080.o
                0x0000000008001908                BNO080_getQuatI
 .text.BNO080_getQuatJ
                0x0000000008001934       0x2c Core/Src/BNO080.o
                0x0000000008001934                BNO080_getQuatJ
 .text.BNO080_getQuatK
                0x0000000008001960       0x2c Core/Src/BNO080.o
                0x0000000008001960                BNO080_getQuatK
 .text.BNO080_getQuatReal
                0x000000000800198c       0x2c Core/Src/BNO080.o
                0x000000000800198c                BNO080_getQuatReal
 .text.BNO080_getQuatRadianAccuracy
                0x00000000080019b8       0x2c Core/Src/BNO080.o
                0x00000000080019b8                BNO080_getQuatRadianAccuracy
 .text.BNO080_getQuatAccuracy
                0x00000000080019e4       0x18 Core/Src/BNO080.o
                0x00000000080019e4                BNO080_getQuatAccuracy
 .text.BNO080_getMagX
                0x00000000080019fc       0x2c Core/Src/BNO080.o
                0x00000000080019fc                BNO080_getMagX
 .text.BNO080_getMagY
                0x0000000008001a28       0x2c Core/Src/BNO080.o
                0x0000000008001a28                BNO080_getMagY
 .text.BNO080_getMagZ
                0x0000000008001a54       0x2c Core/Src/BNO080.o
                0x0000000008001a54                BNO080_getMagZ
 .text.BNO080_getMagAccuracy
                0x0000000008001a80       0x18 Core/Src/BNO080.o
                0x0000000008001a80                BNO080_getMagAccuracy
 .text.BNO080_qToFloat
                0x0000000008001a98       0x4e Core/Src/BNO080.o
                0x0000000008001a98                BNO080_qToFloat
 .text.BNO080_enableRotationVector
                0x0000000008001ae6       0x1e Core/Src/BNO080.o
                0x0000000008001ae6                BNO080_enableRotationVector
 .text.BNO080_enableGameRotationVector
                0x0000000008001b04       0x1e Core/Src/BNO080.o
                0x0000000008001b04                BNO080_enableGameRotationVector
 .text.BNO080_enableMagnetometer
                0x0000000008001b22       0x1e Core/Src/BNO080.o
                0x0000000008001b22                BNO080_enableMagnetometer
 .text.BNO080_calibrateAll
                0x0000000008001b40        0xe Core/Src/BNO080.o
                0x0000000008001b40                BNO080_calibrateAll
 *fill*         0x0000000008001b4e        0x2 
 .text.BNO080_calibrationComplete
                0x0000000008001b50       0x20 Core/Src/BNO080.o
                0x0000000008001b50                BNO080_calibrationComplete
 .text.BNO080_setFeatureCommand
                0x0000000008001b70       0xa4 Core/Src/BNO080.o
                0x0000000008001b70                BNO080_setFeatureCommand
 .text.BNO080_sendCommand
                0x0000000008001c14       0x40 Core/Src/BNO080.o
                0x0000000008001c14                BNO080_sendCommand
 .text.BNO080_sendCalibrateCommand
                0x0000000008001c54       0x90 Core/Src/BNO080.o
                0x0000000008001c54                BNO080_sendCalibrateCommand
 .text.BNO080_requestCalibrationStatus
                0x0000000008001ce4       0x38 Core/Src/BNO080.o
                0x0000000008001ce4                BNO080_requestCalibrationStatus
 .text.BNO080_saveCalibration
                0x0000000008001d1c       0x34 Core/Src/BNO080.o
                0x0000000008001d1c                BNO080_saveCalibration
 .text.BNO080_waitForSPI
                0x0000000008001d50       0x48 Core/Src/BNO080.o
                0x0000000008001d50                BNO080_waitForSPI
 .text.BNO080_receivePacket
                0x0000000008001d98       0xe0 Core/Src/BNO080.o
                0x0000000008001d98                BNO080_receivePacket
 .text.BNO080_sendPacket
                0x0000000008001e78       0xa0 Core/Src/BNO080.o
                0x0000000008001e78                BNO080_sendPacket
 .text.iBus_Check_CHECKSUM
                0x0000000008001f18       0x6c Core/Src/FS_iA6B.o
                0x0000000008001f18                iBus_Check_CHECKSUM
 .text.iBus_Parsing
                0x0000000008001f84       0xf2 Core/Src/FS_iA6B.o
                0x0000000008001f84                iBus_Parsing
 .text.iBus_isActiveFailSafe
                0x0000000008002076       0x22 Core/Src/FS_iA6B.o
                0x0000000008002076                iBus_isActiveFailSafe
 .text.LL_SPI_Enable
                0x0000000008002098       0x20 Core/Src/ICM20602.o
 .text.LL_SPI_SetStandard
                0x00000000080020b8       0x26 Core/Src/ICM20602.o
 .text.LL_SPI_IsActiveFlag_RXNE
                0x00000000080020de       0x26 Core/Src/ICM20602.o
 .text.LL_SPI_IsActiveFlag_TXE
                0x0000000008002104       0x26 Core/Src/ICM20602.o
 .text.LL_SPI_ReceiveData8
                0x000000000800212a       0x1a Core/Src/ICM20602.o
 .text.LL_SPI_TransmitData8
                0x0000000008002144       0x24 Core/Src/ICM20602.o
 .text.LL_GPIO_IsInputPinSet
                0x0000000008002168       0x2a Core/Src/ICM20602.o
 .text.LL_GPIO_SetOutputPin
                0x0000000008002192       0x1c Core/Src/ICM20602.o
 .text.LL_GPIO_ResetOutputPin
                0x00000000080021ae       0x1e Core/Src/ICM20602.o
 .text.LL_AHB1_GRP1_EnableClock
                0x00000000080021cc       0x30 Core/Src/ICM20602.o
 .text.LL_APB2_GRP1_EnableClock
                0x00000000080021fc       0x30 Core/Src/ICM20602.o
 .text.ICM20602_GPIO_SPI_Initialization
                0x000000000800222c       0xf8 Core/Src/ICM20602.o
                0x000000000800222c                ICM20602_GPIO_SPI_Initialization
 .text.SPI1_SendByte
                0x0000000008002324       0x44 Core/Src/ICM20602.o
                0x0000000008002324                SPI1_SendByte
 .text.ICM20602_Readbyte
                0x0000000008002368       0x40 Core/Src/ICM20602.o
                0x0000000008002368                ICM20602_Readbyte
 .text.ICM20602_Readbytes
                0x00000000080023a8       0x5c Core/Src/ICM20602.o
                0x00000000080023a8                ICM20602_Readbytes
 .text.ICM20602_Writebyte
                0x0000000008002404       0x44 Core/Src/ICM20602.o
                0x0000000008002404                ICM20602_Writebyte
 .text.ICM20602_Initialization
                0x0000000008002448       0xfc Core/Src/ICM20602.o
                0x0000000008002448                ICM20602_Initialization
 .text.ICM20602_Get3AxisGyroRawData
                0x0000000008002544       0x58 Core/Src/ICM20602.o
                0x0000000008002544                ICM20602_Get3AxisGyroRawData
 .text.ICM20602_DataReady
                0x000000000800259c       0x18 Core/Src/ICM20602.o
                0x000000000800259c                ICM20602_DataReady
 .text.LL_SPI_Enable
                0x00000000080025b4       0x20 Core/Src/LPS22HH.o
 .text.LL_SPI_SetStandard
                0x00000000080025d4       0x26 Core/Src/LPS22HH.o
 .text.LL_SPI_IsActiveFlag_RXNE
                0x00000000080025fa       0x26 Core/Src/LPS22HH.o
 .text.LL_SPI_IsActiveFlag_TXE
                0x0000000008002620       0x26 Core/Src/LPS22HH.o
 .text.LL_SPI_ReceiveData8
                0x0000000008002646       0x1a Core/Src/LPS22HH.o
 .text.LL_SPI_TransmitData8
                0x0000000008002660       0x24 Core/Src/LPS22HH.o
 .text.LL_GPIO_IsInputPinSet
                0x0000000008002684       0x2a Core/Src/LPS22HH.o
 .text.LL_GPIO_SetOutputPin
                0x00000000080026ae       0x1c Core/Src/LPS22HH.o
 .text.LL_GPIO_ResetOutputPin
                0x00000000080026ca       0x1e Core/Src/LPS22HH.o
 .text.LL_AHB1_GRP1_EnableClock
                0x00000000080026e8       0x30 Core/Src/LPS22HH.o
 .text.LL_APB1_GRP1_EnableClock
                0x0000000008002718       0x30 Core/Src/LPS22HH.o
 .text.LPS22HH_GPIO_SPI_Initialization
                0x0000000008002748       0xf0 Core/Src/LPS22HH.o
                0x0000000008002748                LPS22HH_GPIO_SPI_Initialization
 .text.SPI3_SendByte
                0x0000000008002838       0x44 Core/Src/LPS22HH.o
                0x0000000008002838                SPI3_SendByte
 .text.LPS22HH_Readbyte
                0x000000000800287c       0x40 Core/Src/LPS22HH.o
                0x000000000800287c                LPS22HH_Readbyte
 .text.LPS22HH_Readbytes
                0x00000000080028bc       0x5c Core/Src/LPS22HH.o
                0x00000000080028bc                LPS22HH_Readbytes
 .text.LPS22HH_Writebyte
                0x0000000008002918       0x44 Core/Src/LPS22HH.o
                0x0000000008002918                LPS22HH_Writebyte
 .text.LPS22HH_Initialization
                0x000000000800295c      0x120 Core/Src/LPS22HH.o
                0x000000000800295c                LPS22HH_Initialization
 .text.LPS22HH_DataReady
                0x0000000008002a7c       0x18 Core/Src/LPS22HH.o
                0x0000000008002a7c                LPS22HH_DataReady
 .text.LPS22HH_GetPressure
                0x0000000008002a94       0x1a Core/Src/LPS22HH.o
                0x0000000008002a94                LPS22HH_GetPressure
 .text.LPS22HH_GetTemperature
                0x0000000008002aae       0x1a Core/Src/LPS22HH.o
                0x0000000008002aae                LPS22HH_GetTemperature
 .text.getAltitude2
                0x0000000008002ac8       0x68 Core/Src/LPS22HH.o
                0x0000000008002ac8                getAltitude2
 .text.__NVIC_GetPriorityGrouping
                0x0000000008002b30       0x1c Core/Src/M8N.o
 .text.__NVIC_EnableIRQ
                0x0000000008002b4c       0x3c Core/Src/M8N.o
 .text.__NVIC_SetPriority
                0x0000000008002b88       0x54 Core/Src/M8N.o
 .text.NVIC_EncodePriority
                0x0000000008002bdc       0x66 Core/Src/M8N.o
 .text.LL_USART_Enable
                0x0000000008002c42       0x20 Core/Src/M8N.o
 .text.LL_USART_ConfigAsyncMode
                0x0000000008002c62       0x2c Core/Src/M8N.o
 .text.LL_USART_IsActiveFlag_TXE
                0x0000000008002c8e       0x26 Core/Src/M8N.o
 .text.LL_USART_TransmitData8
                0x0000000008002cb4       0x1e Core/Src/M8N.o
 *fill*         0x0000000008002cd2        0x2 
 .text.LL_AHB1_GRP1_EnableClock
                0x0000000008002cd4       0x30 Core/Src/M8N.o
 .text.LL_APB1_GRP1_EnableClock
                0x0000000008002d04       0x30 Core/Src/M8N.o
 .text.M8N_TransmitData
                0x0000000008002d34       0x4c Core/Src/M8N.o
                0x0000000008002d34                M8N_TransmitData
 .text.M8N_UART4_Initialization
                0x0000000008002d80       0xc4 Core/Src/M8N.o
                0x0000000008002d80                M8N_UART4_Initialization
 .text.M8N_Initialization
                0x0000000008002e44       0x50 Core/Src/M8N.o
                0x0000000008002e44                M8N_Initialization
 .text.M8N_UBX_CHKSUM_Check
                0x0000000008002e94       0x74 Core/Src/M8N.o
                0x0000000008002e94                M8N_UBX_CHKSUM_Check
 .text.M8N_UBX_NAV_POSLLH_Parsing
                0x0000000008002f08      0x16e Core/Src/M8N.o
                0x0000000008002f08                M8N_UBX_NAV_POSLLH_Parsing
 *fill*         0x0000000008003076        0x2 
 .text.Quaternion_Update
                0x0000000008003078      0x2a4 Core/Src/Quaternion.o
                0x0000000008003078                Quaternion_Update
 .text.invSqrt  0x000000000800331c       0x78 Core/Src/Quaternion.o
                0x000000000800331c                invSqrt
 .text.MX_ADC1_Init
                0x0000000008003394       0xa4 Core/Src/adc.o
                0x0000000008003394                MX_ADC1_Init
 .text.HAL_ADC_MspInit
                0x0000000008003438       0xec Core/Src/adc.o
                0x0000000008003438                HAL_ADC_MspInit
 .text.MX_DMA_Init
                0x0000000008003524       0x40 Core/Src/dma.o
                0x0000000008003524                MX_DMA_Init
 .text.LL_GPIO_SetOutputPin
                0x0000000008003564       0x1c Core/Src/gpio.o
 .text.LL_GPIO_ResetOutputPin
                0x0000000008003580       0x1e Core/Src/gpio.o
 *fill*         0x000000000800359e        0x2 
 .text.LL_AHB1_GRP1_EnableClock
                0x00000000080035a0       0x30 Core/Src/gpio.o
 .text.MX_GPIO_Init
                0x00000000080035d0      0x100 Core/Src/gpio.o
                0x00000000080035d0                MX_GPIO_Init
 .text.MX_I2C1_Init
                0x00000000080036d0       0x5c Core/Src/i2c.o
                0x00000000080036d0                MX_I2C1_Init
 .text.HAL_I2C_MspInit
                0x000000000800372c       0x90 Core/Src/i2c.o
                0x000000000800372c                HAL_I2C_MspInit
 .text.LL_TIM_EnableCounter
                0x00000000080037bc       0x20 Core/Src/main.o
 .text.LL_TIM_CC_EnableChannel
                0x00000000080037dc       0x22 Core/Src/main.o
 .text.LL_TIM_CC_DisableChannel
                0x00000000080037fe       0x24 Core/Src/main.o
 .text.LL_TIM_EnableIT_UPDATE
                0x0000000008003822       0x20 Core/Src/main.o
 .text.LL_USART_IsActiveFlag_TXE
                0x0000000008003842       0x26 Core/Src/main.o
 .text.LL_USART_EnableIT_RXNE
                0x0000000008003868       0x20 Core/Src/main.o
 .text.LL_USART_TransmitData8
                0x0000000008003888       0x1e Core/Src/main.o
 .text.LL_GPIO_SetOutputPin
                0x00000000080038a6       0x1c Core/Src/main.o
 .text.LL_GPIO_ResetOutputPin
                0x00000000080038c2       0x1e Core/Src/main.o
 .text.LL_GPIO_TogglePin
                0x00000000080038e0       0x22 Core/Src/main.o
 *fill*         0x0000000008003902        0x2 
 .text._write   0x0000000008003904       0x4c Core/Src/main.o
                0x0000000008003904                _write
 .text.main     0x0000000008003950     0x1308 Core/Src/main.o
                0x0000000008003950                main
 .text.SystemClock_Config
                0x0000000008004c58       0xd4 Core/Src/main.o
                0x0000000008004c58                SystemClock_Config
 .text.Is_iBus_Throttle_Min
                0x0000000008004d2c       0x4c Core/Src/main.o
                0x0000000008004d2c                Is_iBus_Throttle_Min
 .text.ESC_Calibration
                0x0000000008004d78       0x5c Core/Src/main.o
                0x0000000008004d78                ESC_Calibration
 .text.Is_iBus_Received
                0x0000000008004dd4       0x40 Core/Src/main.o
                0x0000000008004dd4                Is_iBus_Received
 .text.BNO080_Calibration
                0x0000000008004e14      0x2dc Core/Src/main.o
                0x0000000008004e14                BNO080_Calibration
 .text.HAL_UART_RxCpltCallback
                0x00000000080050f0       0xdc Core/Src/main.o
                0x00000000080050f0                HAL_UART_RxCpltCallback
 .text.Encode_Msg_AHRS
                0x00000000080051cc      0x2f8 Core/Src/main.o
                0x00000000080051cc                Encode_Msg_AHRS
 .text.Encode_Msg_GPS
                0x00000000080054c4      0x17c Core/Src/main.o
                0x00000000080054c4                Encode_Msg_GPS
 .text.Encode_Msg_PID_Gain
                0x0000000008005640       0xa4 Core/Src/main.o
                0x0000000008005640                Encode_Msg_PID_Gain
 .text.Error_Handler
                0x00000000080056e4        0xe Core/Src/main.o
                0x00000000080056e4                Error_Handler
 .text.LL_SPI_SetStandard
                0x00000000080056f2       0x26 Core/Src/spi.o
 .text.LL_AHB1_GRP1_EnableClock
                0x0000000008005718       0x30 Core/Src/spi.o
 .text.LL_APB1_GRP1_EnableClock
                0x0000000008005748       0x30 Core/Src/spi.o
 .text.LL_APB2_GRP1_EnableClock
                0x0000000008005778       0x30 Core/Src/spi.o
 .text.MX_SPI1_Init
                0x00000000080057a8       0xa4 Core/Src/spi.o
                0x00000000080057a8                MX_SPI1_Init
 .text.MX_SPI2_Init
                0x000000000800584c       0xa8 Core/Src/spi.o
                0x000000000800584c                MX_SPI2_Init
 .text.MX_SPI3_Init
                0x00000000080058f4       0xa4 Core/Src/spi.o
                0x00000000080058f4                MX_SPI3_Init
 .text.HAL_MspInit
                0x0000000008005998       0x50 Core/Src/stm32f4xx_hal_msp.o
                0x0000000008005998                HAL_MspInit
 .text.LL_TIM_ClearFlag_UPDATE
                0x00000000080059e8       0x1c Core/Src/stm32f4xx_it.o
 .text.LL_TIM_IsActiveFlag_UPDATE
                0x0000000008005a04       0x26 Core/Src/stm32f4xx_it.o
 .text.LL_USART_IsActiveFlag_RXNE
                0x0000000008005a2a       0x26 Core/Src/stm32f4xx_it.o
 .text.LL_USART_ClearFlag_RXNE
                0x0000000008005a50       0x1c Core/Src/stm32f4xx_it.o
 .text.LL_USART_ReceiveData8
                0x0000000008005a6c       0x1a Core/Src/stm32f4xx_it.o
 .text.NMI_Handler
                0x0000000008005a86        0xe Core/Src/stm32f4xx_it.o
                0x0000000008005a86                NMI_Handler
 .text.HardFault_Handler
                0x0000000008005a94        0x6 Core/Src/stm32f4xx_it.o
                0x0000000008005a94                HardFault_Handler
 .text.MemManage_Handler
                0x0000000008005a9a        0x6 Core/Src/stm32f4xx_it.o
                0x0000000008005a9a                MemManage_Handler
 .text.BusFault_Handler
                0x0000000008005aa0        0x6 Core/Src/stm32f4xx_it.o
                0x0000000008005aa0                BusFault_Handler
 .text.UsageFault_Handler
                0x0000000008005aa6        0x6 Core/Src/stm32f4xx_it.o
                0x0000000008005aa6                UsageFault_Handler
 .text.SVC_Handler
                0x0000000008005aac        0xe Core/Src/stm32f4xx_it.o
                0x0000000008005aac                SVC_Handler
 .text.DebugMon_Handler
                0x0000000008005aba        0xe Core/Src/stm32f4xx_it.o
                0x0000000008005aba                DebugMon_Handler
 .text.PendSV_Handler
                0x0000000008005ac8        0xe Core/Src/stm32f4xx_it.o
                0x0000000008005ac8                PendSV_Handler
 .text.SysTick_Handler
                0x0000000008005ad6        0xc Core/Src/stm32f4xx_it.o
                0x0000000008005ad6                SysTick_Handler
 *fill*         0x0000000008005ae2        0x2 
 .text.USART1_IRQHandler
                0x0000000008005ae4       0x14 Core/Src/stm32f4xx_it.o
                0x0000000008005ae4                USART1_IRQHandler
 .text.UART4_IRQHandler
                0x0000000008005af8       0xe4 Core/Src/stm32f4xx_it.o
                0x0000000008005af8                UART4_IRQHandler
 .text.UART5_IRQHandler
                0x0000000008005bdc       0xe4 Core/Src/stm32f4xx_it.o
                0x0000000008005bdc                UART5_IRQHandler
 .text.TIM7_IRQHandler
                0x0000000008005cc0       0x70 Core/Src/stm32f4xx_it.o
                0x0000000008005cc0                TIM7_IRQHandler
 .text.DMA2_Stream0_IRQHandler
                0x0000000008005d30       0x14 Core/Src/stm32f4xx_it.o
                0x0000000008005d30                DMA2_Stream0_IRQHandler
 .text.USART6_IRQHandler
                0x0000000008005d44       0x3c Core/Src/stm32f4xx_it.o
                0x0000000008005d44                USART6_IRQHandler
 .text._read    0x0000000008005d80       0x3a Core/Src/syscalls.o
                0x0000000008005d80                _read
 .text._close   0x0000000008005dba       0x18 Core/Src/syscalls.o
                0x0000000008005dba                _close
 .text._fstat   0x0000000008005dd2       0x20 Core/Src/syscalls.o
                0x0000000008005dd2                _fstat
 .text._isatty  0x0000000008005df2       0x16 Core/Src/syscalls.o
                0x0000000008005df2                _isatty
 .text._lseek   0x0000000008005e08       0x1a Core/Src/syscalls.o
                0x0000000008005e08                _lseek
 *fill*         0x0000000008005e22        0x2 
 .text._sbrk    0x0000000008005e24       0x58 Core/Src/sysmem.o
                0x0000000008005e24                _sbrk
 .text.SystemInit
                0x0000000008005e7c       0x2c Core/Src/system_stm32f4xx.o
                0x0000000008005e7c                SystemInit
 .text.__NVIC_GetPriorityGrouping
                0x0000000008005ea8       0x1c Core/Src/tim.o
 .text.__NVIC_EnableIRQ
                0x0000000008005ec4       0x3c Core/Src/tim.o
 .text.__NVIC_SetPriority
                0x0000000008005f00       0x54 Core/Src/tim.o
 .text.NVIC_EncodePriority
                0x0000000008005f54       0x66 Core/Src/tim.o
 .text.LL_TIM_EnableARRPreload
                0x0000000008005fba       0x20 Core/Src/tim.o
 *fill*         0x0000000008005fda        0x2 
 .text.LL_TIM_OC_EnableFast
                0x0000000008005fdc       0x84 Core/Src/tim.o
 .text.LL_TIM_OC_EnablePreload
                0x0000000008006060       0x84 Core/Src/tim.o
 .text.LL_TIM_SetClockSource
                0x00000000080060e4       0x2a Core/Src/tim.o
 .text.LL_TIM_SetTriggerOutput
                0x000000000800610e       0x26 Core/Src/tim.o
 .text.LL_TIM_DisableMasterSlaveMode
                0x0000000008006134       0x20 Core/Src/tim.o
 .text.LL_AHB1_GRP1_EnableClock
                0x0000000008006154       0x30 Core/Src/tim.o
 .text.LL_APB1_GRP1_EnableClock
                0x0000000008006184       0x30 Core/Src/tim.o
 .text.MX_TIM3_Init
                0x00000000080061b4       0xdc Core/Src/tim.o
                0x00000000080061b4                MX_TIM3_Init
 .text.MX_TIM5_Init
                0x0000000008006290      0x15c Core/Src/tim.o
                0x0000000008006290                MX_TIM5_Init
 .text.MX_TIM7_Init
                0x00000000080063ec       0x74 Core/Src/tim.o
                0x00000000080063ec                MX_TIM7_Init
 .text.__NVIC_GetPriorityGrouping
                0x0000000008006460       0x1c Core/Src/usart.o
 .text.__NVIC_EnableIRQ
                0x000000000800647c       0x3c Core/Src/usart.o
 .text.__NVIC_SetPriority
                0x00000000080064b8       0x54 Core/Src/usart.o
 .text.NVIC_EncodePriority
                0x000000000800650c       0x66 Core/Src/usart.o
 .text.LL_USART_Enable
                0x0000000008006572       0x20 Core/Src/usart.o
 .text.LL_USART_ConfigAsyncMode
                0x0000000008006592       0x2c Core/Src/usart.o
 *fill*         0x00000000080065be        0x2 
 .text.LL_AHB1_GRP1_EnableClock
                0x00000000080065c0       0x30 Core/Src/usart.o
 .text.LL_APB1_GRP1_EnableClock
                0x00000000080065f0       0x30 Core/Src/usart.o
 .text.LL_APB2_GRP1_EnableClock
                0x0000000008006620       0x30 Core/Src/usart.o
 .text.MX_UART4_Init
                0x0000000008006650       0xc4 Core/Src/usart.o
                0x0000000008006650                MX_UART4_Init
 .text.MX_UART5_Init
                0x0000000008006714       0xf0 Core/Src/usart.o
                0x0000000008006714                MX_UART5_Init
 .text.MX_USART1_UART_Init
                0x0000000008006804       0x54 Core/Src/usart.o
                0x0000000008006804                MX_USART1_UART_Init
 .text.MX_USART6_UART_Init
                0x0000000008006858       0xc0 Core/Src/usart.o
                0x0000000008006858                MX_USART6_UART_Init
 .text.HAL_UART_MspInit
                0x0000000008006918       0xa0 Core/Src/usart.o
                0x0000000008006918                HAL_UART_MspInit
 .text.Reset_Handler
                0x00000000080069b8       0x50 Core/Startup/startup_stm32f405rgtx.o
                0x00000000080069b8                Reset_Handler
 .text.Default_Handler
                0x0000000008006a08        0x2 Core/Startup/startup_stm32f405rgtx.o
                0x0000000008006a08                RTC_Alarm_IRQHandler
                0x0000000008006a08                HASH_RNG_IRQHandler
                0x0000000008006a08                EXTI2_IRQHandler
                0x0000000008006a08                TIM8_CC_IRQHandler
                0x0000000008006a08                TIM1_CC_IRQHandler
                0x0000000008006a08                DMA2_Stream5_IRQHandler
                0x0000000008006a08                DMA1_Stream5_IRQHandler
                0x0000000008006a08                PVD_IRQHandler
                0x0000000008006a08                SDIO_IRQHandler
                0x0000000008006a08                TAMP_STAMP_IRQHandler
                0x0000000008006a08                CAN2_RX1_IRQHandler
                0x0000000008006a08                EXTI3_IRQHandler
                0x0000000008006a08                TIM8_TRG_COM_TIM14_IRQHandler
                0x0000000008006a08                TIM1_UP_TIM10_IRQHandler
                0x0000000008006a08                TIM8_UP_TIM13_IRQHandler
                0x0000000008006a08                I2C3_ER_IRQHandler
                0x0000000008006a08                EXTI0_IRQHandler
                0x0000000008006a08                I2C2_EV_IRQHandler
                0x0000000008006a08                DMA1_Stream2_IRQHandler
                0x0000000008006a08                CAN1_RX0_IRQHandler
                0x0000000008006a08                FPU_IRQHandler
                0x0000000008006a08                OTG_HS_WKUP_IRQHandler
                0x0000000008006a08                CAN2_SCE_IRQHandler
                0x0000000008006a08                DMA2_Stream2_IRQHandler
                0x0000000008006a08                SPI1_IRQHandler
                0x0000000008006a08                TIM6_DAC_IRQHandler
                0x0000000008006a08                TIM1_BRK_TIM9_IRQHandler
                0x0000000008006a08                CAN2_RX0_IRQHandler
                0x0000000008006a08                DMA2_Stream3_IRQHandler
                0x0000000008006a08                USART3_IRQHandler
                0x0000000008006a08                CAN1_RX1_IRQHandler
                0x0000000008006a08                TIM4_IRQHandler
                0x0000000008006a08                I2C1_EV_IRQHandler
                0x0000000008006a08                DMA1_Stream6_IRQHandler
                0x0000000008006a08                DMA1_Stream1_IRQHandler
                0x0000000008006a08                TIM3_IRQHandler
                0x0000000008006a08                RCC_IRQHandler
                0x0000000008006a08                TIM8_BRK_TIM12_IRQHandler
                0x0000000008006a08                Default_Handler
                0x0000000008006a08                EXTI15_10_IRQHandler
                0x0000000008006a08                ADC_IRQHandler
                0x0000000008006a08                DMA1_Stream7_IRQHandler
                0x0000000008006a08                CAN2_TX_IRQHandler
                0x0000000008006a08                TIM5_IRQHandler
                0x0000000008006a08                DMA2_Stream7_IRQHandler
                0x0000000008006a08                I2C3_EV_IRQHandler
                0x0000000008006a08                EXTI9_5_IRQHandler
                0x0000000008006a08                RTC_WKUP_IRQHandler
                0x0000000008006a08                SPI2_IRQHandler
                0x0000000008006a08                OTG_HS_EP1_IN_IRQHandler
                0x0000000008006a08                DMA1_Stream0_IRQHandler
                0x0000000008006a08                CAN1_TX_IRQHandler
                0x0000000008006a08                EXTI4_IRQHandler
                0x0000000008006a08                FSMC_IRQHandler
                0x0000000008006a08                OTG_HS_EP1_OUT_IRQHandler
                0x0000000008006a08                WWDG_IRQHandler
                0x0000000008006a08                TIM2_IRQHandler
                0x0000000008006a08                OTG_FS_WKUP_IRQHandler
                0x0000000008006a08                TIM1_TRG_COM_TIM11_IRQHandler
                0x0000000008006a08                OTG_HS_IRQHandler
                0x0000000008006a08                EXTI1_IRQHandler
                0x0000000008006a08                USART2_IRQHandler
                0x0000000008006a08                I2C2_ER_IRQHandler
                0x0000000008006a08                DMA2_Stream1_IRQHandler
                0x0000000008006a08                CAN1_SCE_IRQHandler
                0x0000000008006a08                FLASH_IRQHandler
                0x0000000008006a08                DMA2_Stream4_IRQHandler
                0x0000000008006a08                OTG_FS_IRQHandler
                0x0000000008006a08                SPI3_IRQHandler
                0x0000000008006a08                DMA1_Stream4_IRQHandler
                0x0000000008006a08                I2C1_ER_IRQHandler
                0x0000000008006a08                DMA2_Stream6_IRQHandler
                0x0000000008006a08                DMA1_Stream3_IRQHandler
 *fill*         0x0000000008006a0a        0x2 
 .text.HAL_Init
                0x0000000008006a0c       0x44 Drivers/STM32F4xx_HAL_Driver/Src/stm32f4xx_hal.o
                0x0000000008006a0c                HAL_Init
 .text.HAL_InitTick
                0x0000000008006a50       0x60 Drivers/STM32F4xx_HAL_Driver/Src/stm32f4xx_hal.o
                0x0000000008006a50                HAL_InitTick
 .text.HAL_IncTick
                0x0000000008006ab0       0x28 Drivers/STM32F4xx_HAL_Driver/Src/stm32f4xx_hal.o
                0x0000000008006ab0                HAL_IncTick
 .text.HAL_GetTick
                0x0000000008006ad8       0x18 Drivers/STM32F4xx_HAL_Driver/Src/stm32f4xx_hal.o
                0x0000000008006ad8                HAL_GetTick
 .text.HAL_Delay
                0x0000000008006af0       0x44 Drivers/STM32F4xx_HAL_Driver/Src/stm32f4xx_hal.o
                0x0000000008006af0                HAL_Delay
 .text.HAL_ADC_Init
                0x0000000008006b34       0x86 Drivers/STM32F4xx_HAL_Driver/Src/stm32f4xx_hal_adc.o
                0x0000000008006b34                HAL_ADC_Init
 *fill*         0x0000000008006bba        0x2 
 .text.HAL_ADC_Start_DMA
                0x0000000008006bbc      0x1e4 Drivers/STM32F4xx_HAL_Driver/Src/stm32f4xx_hal_adc.o
                0x0000000008006bbc                HAL_ADC_Start_DMA
 .text.HAL_ADC_ConvCpltCallback
                0x0000000008006da0       0x14 Drivers/STM32F4xx_HAL_Driver/Src/stm32f4xx_hal_adc.o
                0x0000000008006da0                HAL_ADC_ConvCpltCallback
 .text.HAL_ADC_ConvHalfCpltCallback
                0x0000000008006db4       0x14 Drivers/STM32F4xx_HAL_Driver/Src/stm32f4xx_hal_adc.o
                0x0000000008006db4                HAL_ADC_ConvHalfCpltCallback
 .text.HAL_ADC_ErrorCallback
                0x0000000008006dc8       0x14 Drivers/STM32F4xx_HAL_Driver/Src/stm32f4xx_hal_adc.o
                0x0000000008006dc8                HAL_ADC_ErrorCallback
 .text.HAL_ADC_ConfigChannel
                0x0000000008006ddc      0x244 Drivers/STM32F4xx_HAL_Driver/Src/stm32f4xx_hal_adc.o
                0x0000000008006ddc                HAL_ADC_ConfigChannel
 .text.ADC_Init
                0x0000000008007020      0x1f8 Drivers/STM32F4xx_HAL_Driver/Src/stm32f4xx_hal_adc.o
 .text.ADC_DMAConvCplt
                0x0000000008007218       0xba Drivers/STM32F4xx_HAL_Driver/Src/stm32f4xx_hal_adc.o
 .text.ADC_DMAHalfConvCplt
                0x00000000080072d2       0x1c Drivers/STM32F4xx_HAL_Driver/Src/stm32f4xx_hal_adc.o
 .text.ADC_DMAError
                0x00000000080072ee       0x2e Drivers/STM32F4xx_HAL_Driver/Src/stm32f4xx_hal_adc.o
 .text.__NVIC_SetPriorityGrouping
                0x000000000800731c       0x48 Drivers/STM32F4xx_HAL_Driver/Src/stm32f4xx_hal_cortex.o
 .text.__NVIC_GetPriorityGrouping
                0x0000000008007364       0x1c Drivers/STM32F4xx_HAL_Driver/Src/stm32f4xx_hal_cortex.o
 .text.__NVIC_EnableIRQ
                0x0000000008007380       0x3c Drivers/STM32F4xx_HAL_Driver/Src/stm32f4xx_hal_cortex.o
 .text.__NVIC_SetPriority
                0x00000000080073bc       0x54 Drivers/STM32F4xx_HAL_Driver/Src/stm32f4xx_hal_cortex.o
 .text.NVIC_EncodePriority
                0x0000000008007410       0x66 Drivers/STM32F4xx_HAL_Driver/Src/stm32f4xx_hal_cortex.o
 *fill*         0x0000000008007476        0x2 
 .text.SysTick_Config
                0x0000000008007478       0x44 Drivers/STM32F4xx_HAL_Driver/Src/stm32f4xx_hal_cortex.o
 .text.HAL_NVIC_SetPriorityGrouping
                0x00000000080074bc       0x16 Drivers/STM32F4xx_HAL_Driver/Src/stm32f4xx_hal_cortex.o
                0x00000000080074bc                HAL_NVIC_SetPriorityGrouping
 .text.HAL_NVIC_SetPriority
                0x00000000080074d2       0x38 Drivers/STM32F4xx_HAL_Driver/Src/stm32f4xx_hal_cortex.o
                0x00000000080074d2                HAL_NVIC_SetPriority
 .text.HAL_NVIC_EnableIRQ
                0x000000000800750a       0x1c Drivers/STM32F4xx_HAL_Driver/Src/stm32f4xx_hal_cortex.o
                0x000000000800750a                HAL_NVIC_EnableIRQ
 .text.HAL_SYSTICK_Config
                0x0000000008007526       0x18 Drivers/STM32F4xx_HAL_Driver/Src/stm32f4xx_hal_cortex.o
                0x0000000008007526                HAL_SYSTICK_Config
 *fill*         0x000000000800753e        0x2 
 .text.HAL_DMA_Init
                0x0000000008007540      0x15c Drivers/STM32F4xx_HAL_Driver/Src/stm32f4xx_hal_dma.o
                0x0000000008007540                HAL_DMA_Init
 .text.HAL_DMA_Start_IT
                0x000000000800769c       0xb0 Drivers/STM32F4xx_HAL_Driver/Src/stm32f4xx_hal_dma.o
                0x000000000800769c                HAL_DMA_Start_IT
 .text.HAL_DMA_Abort_IT
                0x000000000800774c       0x44 Drivers/STM32F4xx_HAL_Driver/Src/stm32f4xx_hal_dma.o
                0x000000000800774c                HAL_DMA_Abort_IT
 .text.HAL_DMA_IRQHandler
                0x0000000008007790      0x314 Drivers/STM32F4xx_HAL_Driver/Src/stm32f4xx_hal_dma.o
                0x0000000008007790                HAL_DMA_IRQHandler
 .text.DMA_SetConfig
                0x0000000008007aa4       0x5c Drivers/STM32F4xx_HAL_Driver/Src/stm32f4xx_hal_dma.o
 .text.DMA_CalcBaseAndBitshift
                0x0000000008007b00       0x6c Drivers/STM32F4xx_HAL_Driver/Src/stm32f4xx_hal_dma.o
 .text.DMA_CheckFifoParam
                0x0000000008007b6c       0xf4 Drivers/STM32F4xx_HAL_Driver/Src/stm32f4xx_hal_dma.o
 .text.HAL_GPIO_Init
                0x0000000008007c60      0x334 Drivers/STM32F4xx_HAL_Driver/Src/stm32f4xx_hal_gpio.o
                0x0000000008007c60                HAL_GPIO_Init
 .text.HAL_I2C_Init
                0x0000000008007f94      0x270 Drivers/STM32F4xx_HAL_Driver/Src/stm32f4xx_hal_i2c.o
                0x0000000008007f94                HAL_I2C_Init
 .text.HAL_I2C_Mem_Write
                0x0000000008008204      0x1f4 Drivers/STM32F4xx_HAL_Driver/Src/stm32f4xx_hal_i2c.o
                0x0000000008008204                HAL_I2C_Mem_Write
 .text.HAL_I2C_Mem_Read
                0x00000000080083f8      0x44c Drivers/STM32F4xx_HAL_Driver/Src/stm32f4xx_hal_i2c.o
                0x00000000080083f8                HAL_I2C_Mem_Read
 .text.I2C_RequestMemoryWrite
                0x0000000008008844      0x128 Drivers/STM32F4xx_HAL_Driver/Src/stm32f4xx_hal_i2c.o
 .text.I2C_RequestMemoryRead
                0x000000000800896c      0x1cc Drivers/STM32F4xx_HAL_Driver/Src/stm32f4xx_hal_i2c.o
 .text.I2C_WaitOnFlagUntilTimeout
                0x0000000008008b38       0xae Drivers/STM32F4xx_HAL_Driver/Src/stm32f4xx_hal_i2c.o
 .text.I2C_WaitOnMasterAddressFlagUntilTimeout
                0x0000000008008be6       0xfe Drivers/STM32F4xx_HAL_Driver/Src/stm32f4xx_hal_i2c.o
 .text.I2C_WaitOnTXEFlagUntilTimeout
                0x0000000008008ce4       0x82 Drivers/STM32F4xx_HAL_Driver/Src/stm32f4xx_hal_i2c.o
 .text.I2C_WaitOnBTFFlagUntilTimeout
                0x0000000008008d66       0x82 Drivers/STM32F4xx_HAL_Driver/Src/stm32f4xx_hal_i2c.o
 .text.I2C_WaitOnRXNEFlagUntilTimeout
                0x0000000008008de8       0xac Drivers/STM32F4xx_HAL_Driver/Src/stm32f4xx_hal_i2c.o
 .text.I2C_IsAcknowledgeFailed
                0x0000000008008e94       0x5e Drivers/STM32F4xx_HAL_Driver/Src/stm32f4xx_hal_i2c.o
 *fill*         0x0000000008008ef2        0x2 
 .text.HAL_RCC_OscConfig
                0x0000000008008ef4      0x4e0 Drivers/STM32F4xx_HAL_Driver/Src/stm32f4xx_hal_rcc.o
                0x0000000008008ef4                HAL_RCC_OscConfig
 .text.HAL_RCC_ClockConfig
                0x00000000080093d4      0x1cc Drivers/STM32F4xx_HAL_Driver/Src/stm32f4xx_hal_rcc.o
                0x00000000080093d4                HAL_RCC_ClockConfig
 .text.HAL_RCC_GetSysClockFreq
                0x00000000080095a0      0x1b0 Drivers/STM32F4xx_HAL_Driver/Src/stm32f4xx_hal_rcc.o
                0x00000000080095a0                HAL_RCC_GetSysClockFreq
 .text.HAL_RCC_GetHCLKFreq
                0x0000000008009750       0x18 Drivers/STM32F4xx_HAL_Driver/Src/stm32f4xx_hal_rcc.o
                0x0000000008009750                HAL_RCC_GetHCLKFreq
 .text.HAL_RCC_GetPCLK1Freq
                0x0000000008009768       0x28 Drivers/STM32F4xx_HAL_Driver/Src/stm32f4xx_hal_rcc.o
                0x0000000008009768                HAL_RCC_GetPCLK1Freq
 .text.HAL_RCC_GetPCLK2Freq
                0x0000000008009790       0x28 Drivers/STM32F4xx_HAL_Driver/Src/stm32f4xx_hal_rcc.o
                0x0000000008009790                HAL_RCC_GetPCLK2Freq
 .text.HAL_UART_Init
                0x00000000080097b8       0x9a Drivers/STM32F4xx_HAL_Driver/Src/stm32f4xx_hal_uart.o
                0x00000000080097b8                HAL_UART_Init
 .text.HAL_UART_Transmit
                0x0000000008009852      0x132 Drivers/STM32F4xx_HAL_Driver/Src/stm32f4xx_hal_uart.o
                0x0000000008009852                HAL_UART_Transmit
 .text.HAL_UART_Transmit_IT
                0x0000000008009984       0x8a Drivers/STM32F4xx_HAL_Driver/Src/stm32f4xx_hal_uart.o
                0x0000000008009984                HAL_UART_Transmit_IT
 .text.HAL_UART_Receive_IT
                0x0000000008009a0e       0xaa Drivers/STM32F4xx_HAL_Driver/Src/stm32f4xx_hal_uart.o
                0x0000000008009a0e                HAL_UART_Receive_IT
 .text.HAL_UART_IRQHandler
                0x0000000008009ab8      0x200 Drivers/STM32F4xx_HAL_Driver/Src/stm32f4xx_hal_uart.o
                0x0000000008009ab8                HAL_UART_IRQHandler
 .text.HAL_UART_TxCpltCallback
                0x0000000008009cb8       0x14 Drivers/STM32F4xx_HAL_Driver/Src/stm32f4xx_hal_uart.o
                0x0000000008009cb8                HAL_UART_TxCpltCallback
 .text.HAL_UART_ErrorCallback
                0x0000000008009ccc       0x14 Drivers/STM32F4xx_HAL_Driver/Src/stm32f4xx_hal_uart.o
                0x0000000008009ccc                HAL_UART_ErrorCallback
 .text.UART_WaitOnFlagUntilTimeout
                0x0000000008009ce0       0x94 Drivers/STM32F4xx_HAL_Driver/Src/stm32f4xx_hal_uart.o
 .text.UART_EndRxTransfer
                0x0000000008009d74       0x3c Drivers/STM32F4xx_HAL_Driver/Src/stm32f4xx_hal_uart.o
 .text.UART_DMAAbortOnError
                0x0000000008009db0       0x28 Drivers/STM32F4xx_HAL_Driver/Src/stm32f4xx_hal_uart.o
 .text.UART_Transmit_IT
                0x0000000008009dd8       0xac Drivers/STM32F4xx_HAL_Driver/Src/stm32f4xx_hal_uart.o
 .text.UART_EndTransmit_IT
                0x0000000008009e84       0x30 Drivers/STM32F4xx_HAL_Driver/Src/stm32f4xx_hal_uart.o
 .text.UART_Receive_IT
                0x0000000008009eb4      0x102 Drivers/STM32F4xx_HAL_Driver/Src/stm32f4xx_hal_uart.o
 *fill*         0x0000000008009fb6        0x2 
 .text.UART_SetConfig
                0x0000000008009fb8      0x6f8 Drivers/STM32F4xx_HAL_Driver/Src/stm32f4xx_hal_uart.o
 .text.LL_GPIO_SetPinMode
                0x000000000800a6b0       0x5e Drivers/STM32F4xx_HAL_Driver/Src/stm32f4xx_ll_gpio.o
 .text.LL_GPIO_SetPinOutputType
                0x000000000800a70e       0x30 Drivers/STM32F4xx_HAL_Driver/Src/stm32f4xx_ll_gpio.o
 .text.LL_GPIO_SetPinSpeed
                0x000000000800a73e       0x5e Drivers/STM32F4xx_HAL_Driver/Src/stm32f4xx_ll_gpio.o
 .text.LL_GPIO_SetPinPull
                0x000000000800a79c       0x5e Drivers/STM32F4xx_HAL_Driver/Src/stm32f4xx_ll_gpio.o
 .text.LL_GPIO_SetAFPin_0_7
                0x000000000800a7fa       0x5e Drivers/STM32F4xx_HAL_Driver/Src/stm32f4xx_ll_gpio.o
 .text.LL_GPIO_SetAFPin_8_15
                0x000000000800a858       0x62 Drivers/STM32F4xx_HAL_Driver/Src/stm32f4xx_ll_gpio.o
 .text.LL_GPIO_Init
                0x000000000800a8ba       0xe6 Drivers/STM32F4xx_HAL_Driver/Src/stm32f4xx_ll_gpio.o
                0x000000000800a8ba                LL_GPIO_Init
 .text.LL_RCC_GetSysClkSource
                0x000000000800a9a0       0x1c Drivers/STM32F4xx_HAL_Driver/Src/stm32f4xx_ll_rcc.o
 .text.LL_RCC_GetAHBPrescaler
                0x000000000800a9bc       0x1c Drivers/STM32F4xx_HAL_Driver/Src/stm32f4xx_ll_rcc.o
 .text.LL_RCC_GetAPB1Prescaler
                0x000000000800a9d8       0x1c Drivers/STM32F4xx_HAL_Driver/Src/stm32f4xx_ll_rcc.o
 .text.LL_RCC_GetAPB2Prescaler
                0x000000000800a9f4       0x1c Drivers/STM32F4xx_HAL_Driver/Src/stm32f4xx_ll_rcc.o
 .text.LL_RCC_PLL_GetMainSource
                0x000000000800aa10       0x1c Drivers/STM32F4xx_HAL_Driver/Src/stm32f4xx_ll_rcc.o
 .text.LL_RCC_PLL_GetN
                0x000000000800aa2c       0x1c Drivers/STM32F4xx_HAL_Driver/Src/stm32f4xx_ll_rcc.o
 .text.LL_RCC_PLL_GetP
                0x000000000800aa48       0x1c Drivers/STM32F4xx_HAL_Driver/Src/stm32f4xx_ll_rcc.o
 .text.LL_RCC_PLL_GetDivider
                0x000000000800aa64       0x1c Drivers/STM32F4xx_HAL_Driver/Src/stm32f4xx_ll_rcc.o
 .text.LL_RCC_GetSystemClocksFreq
                0x000000000800aa80       0x4a Drivers/STM32F4xx_HAL_Driver/Src/stm32f4xx_ll_rcc.o
                0x000000000800aa80                LL_RCC_GetSystemClocksFreq
 *fill*         0x000000000800aaca        0x2 
 .text.RCC_GetSystemClockFreq
                0x000000000800aacc       0x4c Drivers/STM32F4xx_HAL_Driver/Src/stm32f4xx_ll_rcc.o
                0x000000000800aacc                RCC_GetSystemClockFreq
 .text.RCC_GetHCLKClockFreq
                0x000000000800ab18       0x2c Drivers/STM32F4xx_HAL_Driver/Src/stm32f4xx_ll_rcc.o
                0x000000000800ab18                RCC_GetHCLKClockFreq
 .text.RCC_GetPCLK1ClockFreq
                0x000000000800ab44       0x28 Drivers/STM32F4xx_HAL_Driver/Src/stm32f4xx_ll_rcc.o
                0x000000000800ab44                RCC_GetPCLK1ClockFreq
 .text.RCC_GetPCLK2ClockFreq
                0x000000000800ab6c       0x28 Drivers/STM32F4xx_HAL_Driver/Src/stm32f4xx_ll_rcc.o
                0x000000000800ab6c                RCC_GetPCLK2ClockFreq
 .text.RCC_PLL_GetFreqDomain_SYS
                0x000000000800ab94       0x7c Drivers/STM32F4xx_HAL_Driver/Src/stm32f4xx_ll_rcc.o
                0x000000000800ab94                RCC_PLL_GetFreqDomain_SYS
 .text.LL_SPI_IsEnabled
                0x000000000800ac10       0x26 Drivers/STM32F4xx_HAL_Driver/Src/stm32f4xx_ll_spi.o
 .text.LL_SPI_SetCRCPolynomial
                0x000000000800ac36       0x20 Drivers/STM32F4xx_HAL_Driver/Src/stm32f4xx_ll_spi.o
 .text.LL_SPI_Init
                0x000000000800ac56       0xa4 Drivers/STM32F4xx_HAL_Driver/Src/stm32f4xx_ll_spi.o
                0x000000000800ac56                LL_SPI_Init
 .text.LL_TIM_SetPrescaler
                0x000000000800acfa       0x1c Drivers/STM32F4xx_HAL_Driver/Src/stm32f4xx_ll_tim.o
 .text.LL_TIM_SetAutoReload
                0x000000000800ad16       0x1c Drivers/STM32F4xx_HAL_Driver/Src/stm32f4xx_ll_tim.o
 .text.LL_TIM_SetRepetitionCounter
                0x000000000800ad32       0x1c Drivers/STM32F4xx_HAL_Driver/Src/stm32f4xx_ll_tim.o
 .text.LL_TIM_OC_SetCompareCH1
                0x000000000800ad4e       0x1c Drivers/STM32F4xx_HAL_Driver/Src/stm32f4xx_ll_tim.o
 .text.LL_TIM_OC_SetCompareCH2
                0x000000000800ad6a       0x1c Drivers/STM32F4xx_HAL_Driver/Src/stm32f4xx_ll_tim.o
 .text.LL_TIM_OC_SetCompareCH3
                0x000000000800ad86       0x1c Drivers/STM32F4xx_HAL_Driver/Src/stm32f4xx_ll_tim.o
 .text.LL_TIM_OC_SetCompareCH4
                0x000000000800ada2       0x1c Drivers/STM32F4xx_HAL_Driver/Src/stm32f4xx_ll_tim.o
 .text.LL_TIM_GenerateEvent_UPDATE
                0x000000000800adbe       0x20 Drivers/STM32F4xx_HAL_Driver/Src/stm32f4xx_ll_tim.o
 *fill*         0x000000000800adde        0x2 
 .text.LL_TIM_Init
                0x000000000800ade0      0x134 Drivers/STM32F4xx_HAL_Driver/Src/stm32f4xx_ll_tim.o
                0x000000000800ade0                LL_TIM_Init
 .text.LL_TIM_OC_Init
                0x000000000800af14       0x70 Drivers/STM32F4xx_HAL_Driver/Src/stm32f4xx_ll_tim.o
                0x000000000800af14                LL_TIM_OC_Init
 .text.OC1Config
                0x000000000800af84       0xd8 Drivers/STM32F4xx_HAL_Driver/Src/stm32f4xx_ll_tim.o
 .text.OC2Config
                0x000000000800b05c       0xe0 Drivers/STM32F4xx_HAL_Driver/Src/stm32f4xx_ll_tim.o
 .text.OC3Config
                0x000000000800b13c       0xe0 Drivers/STM32F4xx_HAL_Driver/Src/stm32f4xx_ll_tim.o
 .text.OC4Config
                0x000000000800b21c       0xb0 Drivers/STM32F4xx_HAL_Driver/Src/stm32f4xx_ll_tim.o
 .text.LL_USART_IsEnabled
                0x000000000800b2cc       0x28 Drivers/STM32F4xx_HAL_Driver/Src/stm32f4xx_ll_usart.o
 .text.LL_USART_SetStopBitsLength
                0x000000000800b2f4       0x26 Drivers/STM32F4xx_HAL_Driver/Src/stm32f4xx_ll_usart.o
 .text.LL_USART_SetHWFlowCtrl
                0x000000000800b31a       0x26 Drivers/STM32F4xx_HAL_Driver/Src/stm32f4xx_ll_usart.o
 .text.LL_USART_SetBaudRate
                0x000000000800b340      0x350 Drivers/STM32F4xx_HAL_Driver/Src/stm32f4xx_ll_usart.o
 .text.LL_USART_Init
                0x000000000800b690      0x100 Drivers/STM32F4xx_HAL_Driver/Src/stm32f4xx_ll_usart.o
                0x000000000800b690                LL_USART_Init
 .text.__errno  0x000000000800b790        0xc /home/jin/st/stm32cubeide_1.3.0/plugins/com.st.stm32cube.ide.mcu.externaltools.gnu-tools-for-stm32.7-2018-q2-update.linux64_1.0.0.201904181610/tools/bin/../lib/gcc/arm-none-eabi/7.3.1/../../../../arm-none-eabi/lib/thumb/v7e-m/fpv4-sp/hard/libc_nano.a(lib_a-errno.o)
                0x000000000800b790                __errno
 .text.__libc_init_array
                0x000000000800b79c       0x48 /home/jin/st/stm32cubeide_1.3.0/plugins/com.st.stm32cube.ide.mcu.externaltools.gnu-tools-for-stm32.7-2018-q2-update.linux64_1.0.0.201904181610/tools/bin/../lib/gcc/arm-none-eabi/7.3.1/../../../../arm-none-eabi/lib/thumb/v7e-m/fpv4-sp/hard/libc_nano.a(lib_a-init.o)
                0x000000000800b79c                __libc_init_array
 .text.memset   0x000000000800b7e4       0x10 /home/jin/st/stm32cubeide_1.3.0/plugins/com.st.stm32cube.ide.mcu.externaltools.gnu-tools-for-stm32.7-2018-q2-update.linux64_1.0.0.201904181610/tools/bin/../lib/gcc/arm-none-eabi/7.3.1/../../../../arm-none-eabi/lib/thumb/v7e-m/fpv4-sp/hard/libc_nano.a(lib_a-memset.o)
                0x000000000800b7e4                memset
 .text.__cvt    0x000000000800b7f4       0xc2 /home/jin/st/stm32cubeide_1.3.0/plugins/com.st.stm32cube.ide.mcu.externaltools.gnu-tools-for-stm32.7-2018-q2-update.linux64_1.0.0.201904181610/tools/bin/../lib/gcc/arm-none-eabi/7.3.1/../../../../arm-none-eabi/lib/thumb/v7e-m/fpv4-sp/hard/libc_nano.a(lib_a-nano-vfprintf_float.o)
                0x000000000800b7f4                __cvt
 .text.__exponent
                0x000000000800b8b6       0x66 /home/jin/st/stm32cubeide_1.3.0/plugins/com.st.stm32cube.ide.mcu.externaltools.gnu-tools-for-stm32.7-2018-q2-update.linux64_1.0.0.201904181610/tools/bin/../lib/gcc/arm-none-eabi/7.3.1/../../../../arm-none-eabi/lib/thumb/v7e-m/fpv4-sp/hard/libc_nano.a(lib_a-nano-vfprintf_float.o)
                0x000000000800b8b6                __exponent
 .text._printf_float
                0x000000000800b91c      0x480 /home/jin/st/stm32cubeide_1.3.0/plugins/com.st.stm32cube.ide.mcu.externaltools.gnu-tools-for-stm32.7-2018-q2-update.linux64_1.0.0.201904181610/tools/bin/../lib/gcc/arm-none-eabi/7.3.1/../../../../arm-none-eabi/lib/thumb/v7e-m/fpv4-sp/hard/libc_nano.a(lib_a-nano-vfprintf_float.o)
                0x000000000800b91c                _printf_float
 .text._printf_common
                0x000000000800bd9c       0xea /home/jin/st/stm32cubeide_1.3.0/plugins/com.st.stm32cube.ide.mcu.externaltools.gnu-tools-for-stm32.7-2018-q2-update.linux64_1.0.0.201904181610/tools/bin/../lib/gcc/arm-none-eabi/7.3.1/../../../../arm-none-eabi/lib/thumb/v7e-m/fpv4-sp/hard/libc_nano.a(lib_a-nano-vfprintf_i.o)
                0x000000000800bd9c                _printf_common
 *fill*         0x000000000800be86        0x2 
 .text._printf_i
                0x000000000800be88      0x224 /home/jin/st/stm32cubeide_1.3.0/plugins/com.st.stm32cube.ide.mcu.externaltools.gnu-tools-for-stm32.7-2018-q2-update.linux64_1.0.0.201904181610/tools/bin/../lib/gcc/arm-none-eabi/7.3.1/../../../../arm-none-eabi/lib/thumb/v7e-m/fpv4-sp/hard/libc_nano.a(lib_a-nano-vfprintf_i.o)
                0x000000000800be88                _printf_i
 .text.printf   0x000000000800c0ac       0x30 /home/jin/st/stm32cubeide_1.3.0/plugins/com.st.stm32cube.ide.mcu.externaltools.gnu-tools-for-stm32.7-2018-q2-update.linux64_1.0.0.201904181610/tools/bin/../lib/gcc/arm-none-eabi/7.3.1/../../../../arm-none-eabi/lib/thumb/v7e-m/fpv4-sp/hard/libc_nano.a(lib_a-printf.o)
                0x000000000800c0ac                printf
                0x000000000800c0ac                iprintf
 .text._puts_r  0x000000000800c0dc       0xb8 /home/jin/st/stm32cubeide_1.3.0/plugins/com.st.stm32cube.ide.mcu.externaltools.gnu-tools-for-stm32.7-2018-q2-update.linux64_1.0.0.201904181610/tools/bin/../lib/gcc/arm-none-eabi/7.3.1/../../../../arm-none-eabi/lib/thumb/v7e-m/fpv4-sp/hard/libc_nano.a(lib_a-puts.o)
                0x000000000800c0dc                _puts_r
 .text.puts     0x000000000800c194       0x10 /home/jin/st/stm32cubeide_1.3.0/plugins/com.st.stm32cube.ide.mcu.externaltools.gnu-tools-for-stm32.7-2018-q2-update.linux64_1.0.0.201904181610/tools/bin/../lib/gcc/arm-none-eabi/7.3.1/../../../../arm-none-eabi/lib/thumb/v7e-m/fpv4-sp/hard/libc_nano.a(lib_a-puts.o)
                0x000000000800c194                puts
 .text.__swbuf_r
                0x000000000800c1a4       0xa4 /home/jin/st/stm32cubeide_1.3.0/plugins/com.st.stm32cube.ide.mcu.externaltools.gnu-tools-for-stm32.7-2018-q2-update.linux64_1.0.0.201904181610/tools/bin/../lib/gcc/arm-none-eabi/7.3.1/../../../../arm-none-eabi/lib/thumb/v7e-m/fpv4-sp/hard/libc_nano.a(lib_a-wbuf.o)
                0x000000000800c1a4                __swbuf_r
 .text.__swsetup_r
                0x000000000800c248       0xdc /home/jin/st/stm32cubeide_1.3.0/plugins/com.st.stm32cube.ide.mcu.externaltools.gnu-tools-for-stm32.7-2018-q2-update.linux64_1.0.0.201904181610/tools/bin/../lib/gcc/arm-none-eabi/7.3.1/../../../../arm-none-eabi/lib/thumb/v7e-m/fpv4-sp/hard/libc_nano.a(lib_a-wsetup.o)
                0x000000000800c248                __swsetup_r
 .text.quorem   0x000000000800c324      0x118 /home/jin/st/stm32cubeide_1.3.0/plugins/com.st.stm32cube.ide.mcu.externaltools.gnu-tools-for-stm32.7-2018-q2-update.linux64_1.0.0.201904181610/tools/bin/../lib/gcc/arm-none-eabi/7.3.1/../../../../arm-none-eabi/lib/thumb/v7e-m/fpv4-sp/hard/libc_nano.a(lib_a-dtoa.o)
 *fill*         0x000000000800c43c        0x4 
 .text._dtoa_r  0x000000000800c440      0xb70 /home/jin/st/stm32cubeide_1.3.0/plugins/com.st.stm32cube.ide.mcu.externaltools.gnu-tools-for-stm32.7-2018-q2-update.linux64_1.0.0.201904181610/tools/bin/../lib/gcc/arm-none-eabi/7.3.1/../../../../arm-none-eabi/lib/thumb/v7e-m/fpv4-sp/hard/libc_nano.a(lib_a-dtoa.o)
                0x000000000800c440                _dtoa_r
 .text.__sflush_r
                0x000000000800cfb0      0x10c /home/jin/st/stm32cubeide_1.3.0/plugins/com.st.stm32cube.ide.mcu.externaltools.gnu-tools-for-stm32.7-2018-q2-update.linux64_1.0.0.201904181610/tools/bin/../lib/gcc/arm-none-eabi/7.3.1/../../../../arm-none-eabi/lib/thumb/v7e-m/fpv4-sp/hard/libc_nano.a(lib_a-fflush.o)
                0x000000000800cfb0                __sflush_r
 .text._fflush_r
                0x000000000800d0bc       0x54 /home/jin/st/stm32cubeide_1.3.0/plugins/com.st.stm32cube.ide.mcu.externaltools.gnu-tools-for-stm32.7-2018-q2-update.linux64_1.0.0.201904181610/tools/bin/../lib/gcc/arm-none-eabi/7.3.1/../../../../arm-none-eabi/lib/thumb/v7e-m/fpv4-sp/hard/libc_nano.a(lib_a-fflush.o)
                0x000000000800d0bc                _fflush_r
 .text.std      0x000000000800d110       0x48 /home/jin/st/stm32cubeide_1.3.0/plugins/com.st.stm32cube.ide.mcu.externaltools.gnu-tools-for-stm32.7-2018-q2-update.linux64_1.0.0.201904181610/tools/bin/../lib/gcc/arm-none-eabi/7.3.1/../../../../arm-none-eabi/lib/thumb/v7e-m/fpv4-sp/hard/libc_nano.a(lib_a-findfp.o)
 .text._cleanup_r
                0x000000000800d158        0xc /home/jin/st/stm32cubeide_1.3.0/plugins/com.st.stm32cube.ide.mcu.externaltools.gnu-tools-for-stm32.7-2018-q2-update.linux64_1.0.0.201904181610/tools/bin/../lib/gcc/arm-none-eabi/7.3.1/../../../../arm-none-eabi/lib/thumb/v7e-m/fpv4-sp/hard/libc_nano.a(lib_a-findfp.o)
                0x000000000800d158                _cleanup_r
 .text.__sfmoreglue
                0x000000000800d164       0x2c /home/jin/st/stm32cubeide_1.3.0/plugins/com.st.stm32cube.ide.mcu.externaltools.gnu-tools-for-stm32.7-2018-q2-update.linux64_1.0.0.201904181610/tools/bin/../lib/gcc/arm-none-eabi/7.3.1/../../../../arm-none-eabi/lib/thumb/v7e-m/fpv4-sp/hard/libc_nano.a(lib_a-findfp.o)
                0x000000000800d164                __sfmoreglue
 .text.__sinit  0x000000000800d190       0x60 /home/jin/st/stm32cubeide_1.3.0/plugins/com.st.stm32cube.ide.mcu.externaltools.gnu-tools-for-stm32.7-2018-q2-update.linux64_1.0.0.201904181610/tools/bin/../lib/gcc/arm-none-eabi/7.3.1/../../../../arm-none-eabi/lib/thumb/v7e-m/fpv4-sp/hard/libc_nano.a(lib_a-findfp.o)
                0x000000000800d190                __sinit
 .text.__sfp    0x000000000800d1f0       0x78 /home/jin/st/stm32cubeide_1.3.0/plugins/com.st.stm32cube.ide.mcu.externaltools.gnu-tools-for-stm32.7-2018-q2-update.linux64_1.0.0.201904181610/tools/bin/../lib/gcc/arm-none-eabi/7.3.1/../../../../arm-none-eabi/lib/thumb/v7e-m/fpv4-sp/hard/libc_nano.a(lib_a-findfp.o)
                0x000000000800d1f0                __sfp
 .text._fwalk_reent
                0x000000000800d268       0x3c /home/jin/st/stm32cubeide_1.3.0/plugins/com.st.stm32cube.ide.mcu.externaltools.gnu-tools-for-stm32.7-2018-q2-update.linux64_1.0.0.201904181610/tools/bin/../lib/gcc/arm-none-eabi/7.3.1/../../../../arm-none-eabi/lib/thumb/v7e-m/fpv4-sp/hard/libc_nano.a(lib_a-fwalk.o)
                0x000000000800d268                _fwalk_reent
 .text._localeconv_r
                0x000000000800d2a4       0x1c /home/jin/st/stm32cubeide_1.3.0/plugins/com.st.stm32cube.ide.mcu.externaltools.gnu-tools-for-stm32.7-2018-q2-update.linux64_1.0.0.201904181610/tools/bin/../lib/gcc/arm-none-eabi/7.3.1/../../../../arm-none-eabi/lib/thumb/v7e-m/fpv4-sp/hard/libc_nano.a(lib_a-localeconv.o)
                0x000000000800d2a4                _localeconv_r
 .text.__swhatbuf_r
                0x000000000800d2c0       0x48 /home/jin/st/stm32cubeide_1.3.0/plugins/com.st.stm32cube.ide.mcu.externaltools.gnu-tools-for-stm32.7-2018-q2-update.linux64_1.0.0.201904181610/tools/bin/../lib/gcc/arm-none-eabi/7.3.1/../../../../arm-none-eabi/lib/thumb/v7e-m/fpv4-sp/hard/libc_nano.a(lib_a-makebuf.o)
                0x000000000800d2c0                __swhatbuf_r
 .text.__smakebuf_r
                0x000000000800d308       0x80 /home/jin/st/stm32cubeide_1.3.0/plugins/com.st.stm32cube.ide.mcu.externaltools.gnu-tools-for-stm32.7-2018-q2-update.linux64_1.0.0.201904181610/tools/bin/../lib/gcc/arm-none-eabi/7.3.1/../../../../arm-none-eabi/lib/thumb/v7e-m/fpv4-sp/hard/libc_nano.a(lib_a-makebuf.o)
                0x000000000800d308                __smakebuf_r
 .text.malloc   0x000000000800d388       0x10 /home/jin/st/stm32cubeide_1.3.0/plugins/com.st.stm32cube.ide.mcu.externaltools.gnu-tools-for-stm32.7-2018-q2-update.linux64_1.0.0.201904181610/tools/bin/../lib/gcc/arm-none-eabi/7.3.1/../../../../arm-none-eabi/lib/thumb/v7e-m/fpv4-sp/hard/libc_nano.a(lib_a-malloc.o)
                0x000000000800d388                malloc
 .text.memcpy   0x000000000800d398       0x16 /home/jin/st/stm32cubeide_1.3.0/plugins/com.st.stm32cube.ide.mcu.externaltools.gnu-tools-for-stm32.7-2018-q2-update.linux64_1.0.0.201904181610/tools/bin/../lib/gcc/arm-none-eabi/7.3.1/../../../../arm-none-eabi/lib/thumb/v7e-m/fpv4-sp/hard/libc_nano.a(lib_a-memcpy-stub.o)
                0x000000000800d398                memcpy
 .text._Balloc  0x000000000800d3ae       0x68 /home/jin/st/stm32cubeide_1.3.0/plugins/com.st.stm32cube.ide.mcu.externaltools.gnu-tools-for-stm32.7-2018-q2-update.linux64_1.0.0.201904181610/tools/bin/../lib/gcc/arm-none-eabi/7.3.1/../../../../arm-none-eabi/lib/thumb/v7e-m/fpv4-sp/hard/libc_nano.a(lib_a-mprec.o)
                0x000000000800d3ae                _Balloc
 .text._Bfree   0x000000000800d416       0x2e /home/jin/st/stm32cubeide_1.3.0/plugins/com.st.stm32cube.ide.mcu.externaltools.gnu-tools-for-stm32.7-2018-q2-update.linux64_1.0.0.201904181610/tools/bin/../lib/gcc/arm-none-eabi/7.3.1/../../../../arm-none-eabi/lib/thumb/v7e-m/fpv4-sp/hard/libc_nano.a(lib_a-mprec.o)
                0x000000000800d416                _Bfree
 .text.__multadd
                0x000000000800d444       0x76 /home/jin/st/stm32cubeide_1.3.0/plugins/com.st.stm32cube.ide.mcu.externaltools.gnu-tools-for-stm32.7-2018-q2-update.linux64_1.0.0.201904181610/tools/bin/../lib/gcc/arm-none-eabi/7.3.1/../../../../arm-none-eabi/lib/thumb/v7e-m/fpv4-sp/hard/libc_nano.a(lib_a-mprec.o)
                0x000000000800d444                __multadd
 .text.__hi0bits
                0x000000000800d4ba       0x3e /home/jin/st/stm32cubeide_1.3.0/plugins/com.st.stm32cube.ide.mcu.externaltools.gnu-tools-for-stm32.7-2018-q2-update.linux64_1.0.0.201904181610/tools/bin/../lib/gcc/arm-none-eabi/7.3.1/../../../../arm-none-eabi/lib/thumb/v7e-m/fpv4-sp/hard/libc_nano.a(lib_a-mprec.o)
                0x000000000800d4ba                __hi0bits
 .text.__lo0bits
                0x000000000800d4f8       0x5e /home/jin/st/stm32cubeide_1.3.0/plugins/com.st.stm32cube.ide.mcu.externaltools.gnu-tools-for-stm32.7-2018-q2-update.linux64_1.0.0.201904181610/tools/bin/../lib/gcc/arm-none-eabi/7.3.1/../../../../arm-none-eabi/lib/thumb/v7e-m/fpv4-sp/hard/libc_nano.a(lib_a-mprec.o)
                0x000000000800d4f8                __lo0bits
 .text.__i2b    0x000000000800d556       0x12 /home/jin/st/stm32cubeide_1.3.0/plugins/com.st.stm32cube.ide.mcu.externaltools.gnu-tools-for-stm32.7-2018-q2-update.linux64_1.0.0.201904181610/tools/bin/../lib/gcc/arm-none-eabi/7.3.1/../../../../arm-none-eabi/lib/thumb/v7e-m/fpv4-sp/hard/libc_nano.a(lib_a-mprec.o)
                0x000000000800d556                __i2b
 .text.__multiply
                0x000000000800d568      0x12c /home/jin/st/stm32cubeide_1.3.0/plugins/com.st.stm32cube.ide.mcu.externaltools.gnu-tools-for-stm32.7-2018-q2-update.linux64_1.0.0.201904181610/tools/bin/../lib/gcc/arm-none-eabi/7.3.1/../../../../arm-none-eabi/lib/thumb/v7e-m/fpv4-sp/hard/libc_nano.a(lib_a-mprec.o)
                0x000000000800d568                __multiply
 .text.__pow5mult
                0x000000000800d694       0x9c /home/jin/st/stm32cubeide_1.3.0/plugins/com.st.stm32cube.ide.mcu.externaltools.gnu-tools-for-stm32.7-2018-q2-update.linux64_1.0.0.201904181610/tools/bin/../lib/gcc/arm-none-eabi/7.3.1/../../../../arm-none-eabi/lib/thumb/v7e-m/fpv4-sp/hard/libc_nano.a(lib_a-mprec.o)
                0x000000000800d694                __pow5mult
 .text.__lshift
                0x000000000800d730       0xa8 /home/jin/st/stm32cubeide_1.3.0/plugins/com.st.stm32cube.ide.mcu.externaltools.gnu-tools-for-stm32.7-2018-q2-update.linux64_1.0.0.201904181610/tools/bin/../lib/gcc/arm-none-eabi/7.3.1/../../../../arm-none-eabi/lib/thumb/v7e-m/fpv4-sp/hard/libc_nano.a(lib_a-mprec.o)
                0x000000000800d730                __lshift
 .text.__mcmp   0x000000000800d7d8       0x34 /home/jin/st/stm32cubeide_1.3.0/plugins/com.st.stm32cube.ide.mcu.externaltools.gnu-tools-for-stm32.7-2018-q2-update.linux64_1.0.0.201904181610/tools/bin/../lib/gcc/arm-none-eabi/7.3.1/../../../../arm-none-eabi/lib/thumb/v7e-m/fpv4-sp/hard/libc_nano.a(lib_a-mprec.o)
                0x000000000800d7d8                __mcmp
 .text.__mdiff  0x000000000800d80c       0xba /home/jin/st/stm32cubeide_1.3.0/plugins/com.st.stm32cube.ide.mcu.externaltools.gnu-tools-for-stm32.7-2018-q2-update.linux64_1.0.0.201904181610/tools/bin/../lib/gcc/arm-none-eabi/7.3.1/../../../../arm-none-eabi/lib/thumb/v7e-m/fpv4-sp/hard/libc_nano.a(lib_a-mprec.o)
                0x000000000800d80c                __mdiff
 .text.__d2b    0x000000000800d8c6       0x9e /home/jin/st/stm32cubeide_1.3.0/plugins/com.st.stm32cube.ide.mcu.externaltools.gnu-tools-for-stm32.7-2018-q2-update.linux64_1.0.0.201904181610/tools/bin/../lib/gcc/arm-none-eabi/7.3.1/../../../../arm-none-eabi/lib/thumb/v7e-m/fpv4-sp/hard/libc_nano.a(lib_a-mprec.o)
                0x000000000800d8c6                __d2b
 .text._calloc_r
                0x000000000800d964       0x1c /home/jin/st/stm32cubeide_1.3.0/plugins/com.st.stm32cube.ide.mcu.externaltools.gnu-tools-for-stm32.7-2018-q2-update.linux64_1.0.0.201904181610/tools/bin/../lib/gcc/arm-none-eabi/7.3.1/../../../../arm-none-eabi/lib/thumb/v7e-m/fpv4-sp/hard/libc_nano.a(lib_a-nano-callocr.o)
                0x000000000800d964                _calloc_r
 .text._free_r  0x000000000800d980       0x9c /home/jin/st/stm32cubeide_1.3.0/plugins/com.st.stm32cube.ide.mcu.externaltools.gnu-tools-for-stm32.7-2018-q2-update.linux64_1.0.0.201904181610/tools/bin/../lib/gcc/arm-none-eabi/7.3.1/../../../../arm-none-eabi/lib/thumb/v7e-m/fpv4-sp/hard/libc_nano.a(lib_a-nano-freer.o)
                0x000000000800d980                _free_r
 .text._malloc_r
                0x000000000800da1c       0xb4 /home/jin/st/stm32cubeide_1.3.0/plugins/com.st.stm32cube.ide.mcu.externaltools.gnu-tools-for-stm32.7-2018-q2-update.linux64_1.0.0.201904181610/tools/bin/../lib/gcc/arm-none-eabi/7.3.1/../../../../arm-none-eabi/lib/thumb/v7e-m/fpv4-sp/hard/libc_nano.a(lib_a-nano-mallocr.o)
                0x000000000800da1c                _malloc_r
 .text.__sfputc_r
                0x000000000800dad0       0x2e /home/jin/st/stm32cubeide_1.3.0/plugins/com.st.stm32cube.ide.mcu.externaltools.gnu-tools-for-stm32.7-2018-q2-update.linux64_1.0.0.201904181610/tools/bin/../lib/gcc/arm-none-eabi/7.3.1/../../../../arm-none-eabi/lib/thumb/v7e-m/fpv4-sp/hard/libc_nano.a(lib_a-nano-vfprintf.o)
 .text.__sfputs_r
                0x000000000800dafe       0x24 /home/jin/st/stm32cubeide_1.3.0/plugins/com.st.stm32cube.ide.mcu.externaltools.gnu-tools-for-stm32.7-2018-q2-update.linux64_1.0.0.201904181610/tools/bin/../lib/gcc/arm-none-eabi/7.3.1/../../../../arm-none-eabi/lib/thumb/v7e-m/fpv4-sp/hard/libc_nano.a(lib_a-nano-vfprintf.o)
                0x000000000800dafe                __sfputs_r
 *fill*         0x000000000800db22        0x2 
 .text._vfprintf_r
                0x000000000800db24      0x22c /home/jin/st/stm32cubeide_1.3.0/plugins/com.st.stm32cube.ide.mcu.externaltools.gnu-tools-for-stm32.7-2018-q2-update.linux64_1.0.0.201904181610/tools/bin/../lib/gcc/arm-none-eabi/7.3.1/../../../../arm-none-eabi/lib/thumb/v7e-m/fpv4-sp/hard/libc_nano.a(lib_a-nano-vfprintf.o)
                0x000000000800db24                _vfiprintf_r
                0x000000000800db24                _vfprintf_r
 .text._sbrk_r  0x000000000800dd50       0x20 /home/jin/st/stm32cubeide_1.3.0/plugins/com.st.stm32cube.ide.mcu.externaltools.gnu-tools-for-stm32.7-2018-q2-update.linux64_1.0.0.201904181610/tools/bin/../lib/gcc/arm-none-eabi/7.3.1/../../../../arm-none-eabi/lib/thumb/v7e-m/fpv4-sp/hard/libc_nano.a(lib_a-sbrkr.o)
                0x000000000800dd50                _sbrk_r
 .text.__sread  0x000000000800dd70       0x22 /home/jin/st/stm32cubeide_1.3.0/plugins/com.st.stm32cube.ide.mcu.externaltools.gnu-tools-for-stm32.7-2018-q2-update.linux64_1.0.0.201904181610/tools/bin/../lib/gcc/arm-none-eabi/7.3.1/../../../../arm-none-eabi/lib/thumb/v7e-m/fpv4-sp/hard/libc_nano.a(lib_a-stdio.o)
                0x000000000800dd70                __sread
 .text.__swrite
                0x000000000800dd92       0x38 /home/jin/st/stm32cubeide_1.3.0/plugins/com.st.stm32cube.ide.mcu.externaltools.gnu-tools-for-stm32.7-2018-q2-update.linux64_1.0.0.201904181610/tools/bin/../lib/gcc/arm-none-eabi/7.3.1/../../../../arm-none-eabi/lib/thumb/v7e-m/fpv4-sp/hard/libc_nano.a(lib_a-stdio.o)
                0x000000000800dd92                __swrite
 .text.__sseek  0x000000000800ddca       0x24 /home/jin/st/stm32cubeide_1.3.0/plugins/com.st.stm32cube.ide.mcu.externaltools.gnu-tools-for-stm32.7-2018-q2-update.linux64_1.0.0.201904181610/tools/bin/../lib/gcc/arm-none-eabi/7.3.1/../../../../arm-none-eabi/lib/thumb/v7e-m/fpv4-sp/hard/libc_nano.a(lib_a-stdio.o)
                0x000000000800ddca                __sseek
 .text.__sclose
                0x000000000800ddee        0x8 /home/jin/st/stm32cubeide_1.3.0/plugins/com.st.stm32cube.ide.mcu.externaltools.gnu-tools-for-stm32.7-2018-q2-update.linux64_1.0.0.201904181610/tools/bin/../lib/gcc/arm-none-eabi/7.3.1/../../../../arm-none-eabi/lib/thumb/v7e-m/fpv4-sp/hard/libc_nano.a(lib_a-stdio.o)
                0x000000000800ddee                __sclose
 *fill*         0x000000000800ddf6        0x2 
 .text._write_r
                0x000000000800ddf8       0x24 /home/jin/st/stm32cubeide_1.3.0/plugins/com.st.stm32cube.ide.mcu.externaltools.gnu-tools-for-stm32.7-2018-q2-update.linux64_1.0.0.201904181610/tools/bin/../lib/gcc/arm-none-eabi/7.3.1/../../../../arm-none-eabi/lib/thumb/v7e-m/fpv4-sp/hard/libc_nano.a(lib_a-writer.o)
                0x000000000800ddf8                _write_r
 .text._close_r
                0x000000000800de1c       0x20 /home/jin/st/stm32cubeide_1.3.0/plugins/com.st.stm32cube.ide.mcu.externaltools.gnu-tools-for-stm32.7-2018-q2-update.linux64_1.0.0.201904181610/tools/bin/../lib/gcc/arm-none-eabi/7.3.1/../../../../arm-none-eabi/lib/thumb/v7e-m/fpv4-sp/hard/libc_nano.a(lib_a-closer.o)
                0x000000000800de1c                _close_r
 .text._fstat_r
                0x000000000800de3c       0x24 /home/jin/st/stm32cubeide_1.3.0/plugins/com.st.stm32cube.ide.mcu.externaltools.gnu-tools-for-stm32.7-2018-q2-update.linux64_1.0.0.201904181610/tools/bin/../lib/gcc/arm-none-eabi/7.3.1/../../../../arm-none-eabi/lib/thumb/v7e-m/fpv4-sp/hard/libc_nano.a(lib_a-fstatr.o)
                0x000000000800de3c                _fstat_r
 .text._isatty_r
                0x000000000800de60       0x20 /home/jin/st/stm32cubeide_1.3.0/plugins/com.st.stm32cube.ide.mcu.externaltools.gnu-tools-for-stm32.7-2018-q2-update.linux64_1.0.0.201904181610/tools/bin/../lib/gcc/arm-none-eabi/7.3.1/../../../../arm-none-eabi/lib/thumb/v7e-m/fpv4-sp/hard/libc_nano.a(lib_a-isattyr.o)
                0x000000000800de60                _isatty_r
 .text._lseek_r
                0x000000000800de80       0x24 /home/jin/st/stm32cubeide_1.3.0/plugins/com.st.stm32cube.ide.mcu.externaltools.gnu-tools-for-stm32.7-2018-q2-update.linux64_1.0.0.201904181610/tools/bin/../lib/gcc/arm-none-eabi/7.3.1/../../../../arm-none-eabi/lib/thumb/v7e-m/fpv4-sp/hard/libc_nano.a(lib_a-lseekr.o)
                0x000000000800de80                _lseek_r
 .text.__ascii_mbtowc
                0x000000000800dea4       0x24 /home/jin/st/stm32cubeide_1.3.0/plugins/com.st.stm32cube.ide.mcu.externaltools.gnu-tools-for-stm32.7-2018-q2-update.linux64_1.0.0.201904181610/tools/bin/../lib/gcc/arm-none-eabi/7.3.1/../../../../arm-none-eabi/lib/thumb/v7e-m/fpv4-sp/hard/libc_nano.a(lib_a-mbtowc_r.o)
                0x000000000800dea4                __ascii_mbtowc
 .text.__malloc_lock
                0x000000000800dec8        0x2 /home/jin/st/stm32cubeide_1.3.0/plugins/com.st.stm32cube.ide.mcu.externaltools.gnu-tools-for-stm32.7-2018-q2-update.linux64_1.0.0.201904181610/tools/bin/../lib/gcc/arm-none-eabi/7.3.1/../../../../arm-none-eabi/lib/thumb/v7e-m/fpv4-sp/hard/libc_nano.a(lib_a-mlock.o)
                0x000000000800dec8                __malloc_lock
 .text.__malloc_unlock
                0x000000000800deca        0x2 /home/jin/st/stm32cubeide_1.3.0/plugins/com.st.stm32cube.ide.mcu.externaltools.gnu-tools-for-stm32.7-2018-q2-update.linux64_1.0.0.201904181610/tools/bin/../lib/gcc/arm-none-eabi/7.3.1/../../../../arm-none-eabi/lib/thumb/v7e-m/fpv4-sp/hard/libc_nano.a(lib_a-mlock.o)
                0x000000000800deca                __malloc_unlock
 .text._read_r  0x000000000800decc       0x24 /home/jin/st/stm32cubeide_1.3.0/plugins/com.st.stm32cube.ide.mcu.externaltools.gnu-tools-for-stm32.7-2018-q2-update.linux64_1.0.0.201904181610/tools/bin/../lib/gcc/arm-none-eabi/7.3.1/../../../../arm-none-eabi/lib/thumb/v7e-m/fpv4-sp/hard/libc_nano.a(lib_a-readr.o)
                0x000000000800decc                _read_r
 .text.__ascii_wctomb
                0x000000000800def0       0x1a /home/jin/st/stm32cubeide_1.3.0/plugins/com.st.stm32cube.ide.mcu.externaltools.gnu-tools-for-stm32.7-2018-q2-update.linux64_1.0.0.201904181610/tools/bin/../lib/gcc/arm-none-eabi/7.3.1/../../../../arm-none-eabi/lib/thumb/v7e-m/fpv4-sp/hard/libc_nano.a(lib_a-wctomb_r.o)
                0x000000000800def0                __ascii_wctomb
 *fill*         0x000000000800df0a        0x2 
 .text.asinf    0x000000000800df0c       0xb0 /home/jin/st/stm32cubeide_1.3.0/plugins/com.st.stm32cube.ide.mcu.externaltools.gnu-tools-for-stm32.7-2018-q2-update.linux64_1.0.0.201904181610/tools/bin/../lib/gcc/arm-none-eabi/7.3.1/../../../../arm-none-eabi/lib/thumb/v7e-m/fpv4-sp/hard/libm.a(lib_a-wf_asin.o)
                0x000000000800df0c                asinf
 .text.atan2f   0x000000000800dfbc        0x4 /home/jin/st/stm32cubeide_1.3.0/plugins/com.st.stm32cube.ide.mcu.externaltools.gnu-tools-for-stm32.7-2018-q2-update.linux64_1.0.0.201904181610/tools/bin/../lib/gcc/arm-none-eabi/7.3.1/../../../../arm-none-eabi/lib/thumb/v7e-m/fpv4-sp/hard/libm.a(lib_a-wf_atan2.o)
                0x000000000800dfbc                atan2f
 .text.powf     0x000000000800dfc0      0x2c8 /home/jin/st/stm32cubeide_1.3.0/plugins/com.st.stm32cube.ide.mcu.externaltools.gnu-tools-for-stm32.7-2018-q2-update.linux64_1.0.0.201904181610/tools/bin/../lib/gcc/arm-none-eabi/7.3.1/../../../../arm-none-eabi/lib/thumb/v7e-m/fpv4-sp/hard/libm.a(lib_a-wf_pow.o)
                0x000000000800dfc0                powf
 .text.__ieee754_asinf
                0x000000000800e288      0x1d0 /home/jin/st/stm32cubeide_1.3.0/plugins/com.st.stm32cube.ide.mcu.externaltools.gnu-tools-for-stm32.7-2018-q2-update.linux64_1.0.0.201904181610/tools/bin/../lib/gcc/arm-none-eabi/7.3.1/../../../../arm-none-eabi/lib/thumb/v7e-m/fpv4-sp/hard/libm.a(lib_a-ef_asin.o)
                0x000000000800e288                __ieee754_asinf
 .text.__ieee754_atan2f
                0x000000000800e458      0x15c /home/jin/st/stm32cubeide_1.3.0/plugins/com.st.stm32cube.ide.mcu.externaltools.gnu-tools-for-stm32.7-2018-q2-update.linux64_1.0.0.201904181610/tools/bin/../lib/gcc/arm-none-eabi/7.3.1/../../../../arm-none-eabi/lib/thumb/v7e-m/fpv4-sp/hard/libm.a(lib_a-ef_atan2.o)
                0x000000000800e458                __ieee754_atan2f
 .text.__ieee754_powf
                0x000000000800e5b4      0x580 /home/jin/st/stm32cubeide_1.3.0/plugins/com.st.stm32cube.ide.mcu.externaltools.gnu-tools-for-stm32.7-2018-q2-update.linux64_1.0.0.201904181610/tools/bin/../lib/gcc/arm-none-eabi/7.3.1/../../../../arm-none-eabi/lib/thumb/v7e-m/fpv4-sp/hard/libm.a(lib_a-ef_pow.o)
                0x000000000800e5b4                __ieee754_powf
 .text.__ieee754_sqrtf
                0x000000000800eb34        0x6 /home/jin/st/stm32cubeide_1.3.0/plugins/com.st.stm32cube.ide.mcu.externaltools.gnu-tools-for-stm32.7-2018-q2-update.linux64_1.0.0.201904181610/tools/bin/../lib/gcc/arm-none-eabi/7.3.1/../../../../arm-none-eabi/lib/thumb/v7e-m/fpv4-sp/hard/libm.a(lib_a-ef_sqrt.o)
                0x000000000800eb34                __ieee754_sqrtf
 .text.matherr  0x000000000800eb3a        0x4 /home/jin/st/stm32cubeide_1.3.0/plugins/com.st.stm32cube.ide.mcu.externaltools.gnu-tools-for-stm32.7-2018-q2-update.linux64_1.0.0.201904181610/tools/bin/../lib/gcc/arm-none-eabi/7.3.1/../../../../arm-none-eabi/lib/thumb/v7e-m/fpv4-sp/hard/libm.a(lib_a-s_matherr.o)
                0x000000000800eb3a                matherr
 *fill*         0x000000000800eb3e        0x2 
 .text.nan      0x000000000800eb40       0x10 /home/jin/st/stm32cubeide_1.3.0/plugins/com.st.stm32cube.ide.mcu.externaltools.gnu-tools-for-stm32.7-2018-q2-update.linux64_1.0.0.201904181610/tools/bin/../lib/gcc/arm-none-eabi/7.3.1/../../../../arm-none-eabi/lib/thumb/v7e-m/fpv4-sp/hard/libm.a(lib_a-s_nan.o)
                0x000000000800eb40                nan
 .text.atanf    0x000000000800eb50      0x1a8 /home/jin/st/stm32cubeide_1.3.0/plugins/com.st.stm32cube.ide.mcu.externaltools.gnu-tools-for-stm32.7-2018-q2-update.linux64_1.0.0.201904181610/tools/bin/../lib/gcc/arm-none-eabi/7.3.1/../../../../arm-none-eabi/lib/thumb/v7e-m/fpv4-sp/hard/libm.a(lib_a-sf_atan.o)
                0x000000000800eb50                atanf
 .text.fabsf    0x000000000800ecf8        0xe /home/jin/st/stm32cubeide_1.3.0/plugins/com.st.stm32cube.ide.mcu.externaltools.gnu-tools-for-stm32.7-2018-q2-update.linux64_1.0.0.201904181610/tools/bin/../lib/gcc/arm-none-eabi/7.3.1/../../../../arm-none-eabi/lib/thumb/v7e-m/fpv4-sp/hard/libm.a(lib_a-sf_fabs.o)
                0x000000000800ecf8                fabsf
 .text.finitef  0x000000000800ed06       0x14 /home/jin/st/stm32cubeide_1.3.0/plugins/com.st.stm32cube.ide.mcu.externaltools.gnu-tools-for-stm32.7-2018-q2-update.linux64_1.0.0.201904181610/tools/bin/../lib/gcc/arm-none-eabi/7.3.1/../../../../arm-none-eabi/lib/thumb/v7e-m/fpv4-sp/hard/libm.a(lib_a-sf_finite.o)
                0x000000000800ed06                finitef
 *fill*         0x000000000800ed1a        0x2 
 .text.nanf     0x000000000800ed1c        0xc /home/jin/st/stm32cubeide_1.3.0/plugins/com.st.stm32cube.ide.mcu.externaltools.gnu-tools-for-stm32.7-2018-q2-update.linux64_1.0.0.201904181610/tools/bin/../lib/gcc/arm-none-eabi/7.3.1/../../../../arm-none-eabi/lib/thumb/v7e-m/fpv4-sp/hard/libm.a(lib_a-sf_nan.o)
                0x000000000800ed1c                nanf
 .text.rintf    0x000000000800ed28       0xb4 /home/jin/st/stm32cubeide_1.3.0/plugins/com.st.stm32cube.ide.mcu.externaltools.gnu-tools-for-stm32.7-2018-q2-update.linux64_1.0.0.201904181610/tools/bin/../lib/gcc/arm-none-eabi/7.3.1/../../../../arm-none-eabi/lib/thumb/v7e-m/fpv4-sp/hard/libm.a(lib_a-sf_rint.o)
                0x000000000800ed28                rintf
 .text.scalbnf  0x000000000800eddc       0xc0 /home/jin/st/stm32cubeide_1.3.0/plugins/com.st.stm32cube.ide.mcu.externaltools.gnu-tools-for-stm32.7-2018-q2-update.linux64_1.0.0.201904181610/tools/bin/../lib/gcc/arm-none-eabi/7.3.1/../../../../arm-none-eabi/lib/thumb/v7e-m/fpv4-sp/hard/libm.a(lib_a-sf_scalbn.o)
                0x000000000800eddc                scalbnf
 .text.copysignf
                0x000000000800ee9c       0x18 /home/jin/st/stm32cubeide_1.3.0/plugins/com.st.stm32cube.ide.mcu.externaltools.gnu-tools-for-stm32.7-2018-q2-update.linux64_1.0.0.201904181610/tools/bin/../lib/gcc/arm-none-eabi/7.3.1/../../../../arm-none-eabi/lib/thumb/v7e-m/fpv4-sp/hard/libm.a(lib_a-sf_copysign.o)
                0x000000000800ee9c                copysignf
 *(.glue_7)
 .glue_7        0x000000000800eeb4        0x0 linker stubs
 *(.glue_7t)
 .glue_7t       0x000000000800eeb4        0x0 linker stubs
 *(.eh_frame)
 .eh_frame      0x000000000800eeb4        0x0 /home/jin/st/stm32cubeide_1.3.0/plugins/com.st.stm32cube.ide.mcu.externaltools.gnu-tools-for-stm32.7-2018-q2-update.linux64_1.0.0.201904181610/tools/bin/../lib/gcc/arm-none-eabi/7.3.1/thumb/v7e-m/fpv4-sp/hard/crtbegin.o
 *(.init)
 .init          0x000000000800eeb4        0x4 /home/jin/st/stm32cubeide_1.3.0/plugins/com.st.stm32cube.ide.mcu.externaltools.gnu-tools-for-stm32.7-2018-q2-update.linux64_1.0.0.201904181610/tools/bin/../lib/gcc/arm-none-eabi/7.3.1/thumb/v7e-m/fpv4-sp/hard/crti.o
                0x000000000800eeb4                _init
 .init          0x000000000800eeb8        0x8 /home/jin/st/stm32cubeide_1.3.0/plugins/com.st.stm32cube.ide.mcu.externaltools.gnu-tools-for-stm32.7-2018-q2-update.linux64_1.0.0.201904181610/tools/bin/../lib/gcc/arm-none-eabi/7.3.1/thumb/v7e-m/fpv4-sp/hard/crtn.o
 *(.fini)
 .fini          0x000000000800eec0        0x4 /home/jin/st/stm32cubeide_1.3.0/plugins/com.st.stm32cube.ide.mcu.externaltools.gnu-tools-for-stm32.7-2018-q2-update.linux64_1.0.0.201904181610/tools/bin/../lib/gcc/arm-none-eabi/7.3.1/thumb/v7e-m/fpv4-sp/hard/crti.o
                0x000000000800eec0                _fini
 .fini          0x000000000800eec4        0x8 /home/jin/st/stm32cubeide_1.3.0/plugins/com.st.stm32cube.ide.mcu.externaltools.gnu-tools-for-stm32.7-2018-q2-update.linux64_1.0.0.201904181610/tools/bin/../lib/gcc/arm-none-eabi/7.3.1/thumb/v7e-m/fpv4-sp/hard/crtn.o
                0x000000000800eecc                . = ALIGN (0x4)
                0x000000000800eecc                _etext = .

.vfp11_veneer   0x000000000800eecc        0x0
 .vfp11_veneer  0x000000000800eecc        0x0 linker stubs

.v4_bx          0x000000000800eecc        0x0
 .v4_bx         0x000000000800eecc        0x0 linker stubs

.iplt           0x000000000800eecc        0x0
 .iplt          0x000000000800eecc        0x0 /home/jin/st/stm32cubeide_1.3.0/plugins/com.st.stm32cube.ide.mcu.externaltools.gnu-tools-for-stm32.7-2018-q2-update.linux64_1.0.0.201904181610/tools/bin/../lib/gcc/arm-none-eabi/7.3.1/thumb/v7e-m/fpv4-sp/hard/crtbegin.o

.rodata         0x000000000800eed0      0x744
                0x000000000800eed0                . = ALIGN (0x4)
 *(.rodata)
 .rodata        0x000000000800eed0       0xac Core/Src/BNO080.o
 .rodata        0x000000000800ef7c       0x66 Core/Src/ICM20602.o
 *fill*         0x000000000800efe2        0x2 
 .rodata        0x000000000800efe4       0x62 Core/Src/LPS22HH.o
 *fill*         0x000000000800f046        0x2 
 .rodata        0x000000000800f048      0x23d Core/Src/main.o
 *(.rodata*)
 *fill*         0x000000000800f285        0x3 
 .rodata.UBX_CFG_PRT
                0x000000000800f288       0x1c Core/Src/M8N.o
                0x000000000800f288                UBX_CFG_PRT
 .rodata.UBX_CFG_MSG